[0.768s] DEBUG:colcon:Command line arguments: ['/usr/bin/colcon', 'build']
[0.769s] DEBUG:colcon:Parsed command line arguments: Namespace(log_base=None, log_level=None, verb_name='build', build_base='build', install_base='install', merge_install=False, symlink_install=False, test_result_base=None, continue_on_error=False, executor='parallel', parallel_workers=4, event_handlers=None, ignore_user_meta=False, metas=['./colcon.meta'], base_paths=['.'], packages_ignore=None, packages_ignore_regex=None, paths=None, packages_up_to=None, packages_up_to_regex=None, packages_above=None, packages_above_and_dependencies=None, packages_above_depth=None, packages_select_by_dep=None, packages_skip_by_dep=None, packages_skip_up_to=None, packages_select_build_failed=False, packages_skip_build_finished=False, packages_select_test_failures=False, packages_skip_test_passed=False, packages_select=None, packages_skip=None, packages_select_regex=None, packages_skip_regex=None, packages_start=None, packages_end=None, allow_overriding=[], cmake_args=None, cmake_target=None, cmake_target_skip_unavailable=False, cmake_clean_cache=False, cmake_clean_first=False, cmake_force_configure=False, ament_cmake_args=None, catkin_cmake_args=None, catkin_skip_building_tests=False, verb_parser=<colcon_defaults.argument_parser.defaults.DefaultArgumentsDecorator object at 0x75c00a65c0d0>, verb_extension=<colcon_core.verb.build.BuildVerb object at 0x75c00a627a90>, main=<bound method BuildVerb.main of <colcon_core.verb.build.BuildVerb object at 0x75c00a627a90>>)
[1.845s] Level 1:colcon.colcon_core.package_discovery:discover_packages(colcon_meta) check parameters
[1.846s] Level 1:colcon.colcon_core.package_discovery:discover_packages(recursive) check parameters
[1.846s] Level 1:colcon.colcon_core.package_discovery:discover_packages(ignore) check parameters
[1.848s] Level 1:colcon.colcon_core.package_discovery:discover_packages(path) check parameters
[1.848s] Level 1:colcon.colcon_core.package_discovery:discover_packages(colcon_meta) discover
[1.851s] Level 1:colcon.colcon_core.package_discovery:discover_packages(recursive) discover
[1.852s] INFO:colcon.colcon_core.package_discovery:Crawling recursively for packages in '/home/jason/chapt7/chapt7_ws'
[1.852s] Level 1:colcon.colcon_core.package_identification:_identify(.) by extensions ['ignore', 'ignore_ament_install']
[1.852s] Level 1:colcon.colcon_core.package_identification:_identify(.) by extension 'ignore'
[1.852s] Level 1:colcon.colcon_core.package_identification:_identify(.) by extension 'ignore_ament_install'
[1.852s] Level 1:colcon.colcon_core.package_identification:_identify(.) by extensions ['colcon_pkg']
[1.852s] Level 1:colcon.colcon_core.package_identification:_identify(.) by extension 'colcon_pkg'
[1.853s] Level 1:colcon.colcon_core.package_identification:_identify(.) by extensions ['colcon_meta']
[1.853s] Level 1:colcon.colcon_core.package_identification:_identify(.) by extension 'colcon_meta'
[1.853s] Level 1:colcon.colcon_core.package_identification:_identify(.) by extensions ['ros']
[1.853s] Level 1:colcon.colcon_core.package_identification:_identify(.) by extension 'ros'
[1.919s] Level 1:colcon.colcon_core.package_identification:_identify(.) by extensions ['cmake', 'python']
[1.919s] Level 1:colcon.colcon_core.package_identification:_identify(.) by extension 'cmake'
[1.919s] Level 1:colcon.colcon_core.package_identification:_identify(.) by extension 'python'
[1.920s] Level 1:colcon.colcon_core.package_identification:_identify(.) by extensions ['python_setup_py']
[1.920s] Level 1:colcon.colcon_core.package_identification:_identify(.) by extension 'python_setup_py'
[1.920s] Level 1:colcon.colcon_core.package_identification:_identify(build) by extensions ['ignore', 'ignore_ament_install']
[1.920s] Level 1:colcon.colcon_core.package_identification:_identify(build) by extension 'ignore'
[1.920s] Level 1:colcon.colcon_core.package_identification:_identify(build) ignored
[1.921s] Level 1:colcon.colcon_core.package_identification:_identify(install) by extensions ['ignore', 'ignore_ament_install']
[1.921s] Level 1:colcon.colcon_core.package_identification:_identify(install) by extension 'ignore'
[1.921s] Level 1:colcon.colcon_core.package_identification:_identify(install) ignored
[1.921s] Level 1:colcon.colcon_core.package_identification:_identify(log) by extensions ['ignore', 'ignore_ament_install']
[1.922s] Level 1:colcon.colcon_core.package_identification:_identify(log) by extension 'ignore'
[1.922s] Level 1:colcon.colcon_core.package_identification:_identify(log) ignored
[1.927s] Level 1:colcon.colcon_core.package_identification:_identify(src) by extensions ['ignore', 'ignore_ament_install']
[1.927s] Level 1:colcon.colcon_core.package_identification:_identify(src) by extension 'ignore'
[1.928s] Level 1:colcon.colcon_core.package_identification:_identify(src) by extension 'ignore_ament_install'
[1.928s] Level 1:colcon.colcon_core.package_identification:_identify(src) by extensions ['colcon_pkg']
[1.928s] Level 1:colcon.colcon_core.package_identification:_identify(src) by extension 'colcon_pkg'
[1.928s] Level 1:colcon.colcon_core.package_identification:_identify(src) by extensions ['colcon_meta']
[1.928s] Level 1:colcon.colcon_core.package_identification:_identify(src) by extension 'colcon_meta'
[1.928s] Level 1:colcon.colcon_core.package_identification:_identify(src) by extensions ['ros']
[1.928s] Level 1:colcon.colcon_core.package_identification:_identify(src) by extension 'ros'
[1.928s] Level 1:colcon.colcon_core.package_identification:_identify(src) by extensions ['cmake', 'python']
[1.928s] Level 1:colcon.colcon_core.package_identification:_identify(src) by extension 'cmake'
[1.929s] Level 1:colcon.colcon_core.package_identification:_identify(src) by extension 'python'
[1.929s] Level 1:colcon.colcon_core.package_identification:_identify(src) by extensions ['python_setup_py']
[1.929s] Level 1:colcon.colcon_core.package_identification:_identify(src) by extension 'python_setup_py'
[1.929s] Level 1:colcon.colcon_core.package_identification:_identify(src/fishbot_application) by extensions ['ignore', 'ignore_ament_install']
[1.929s] Level 1:colcon.colcon_core.package_identification:_identify(src/fishbot_application) by extension 'ignore'
[1.929s] Level 1:colcon.colcon_core.package_identification:_identify(src/fishbot_application) by extension 'ignore_ament_install'
[1.929s] Level 1:colcon.colcon_core.package_identification:_identify(src/fishbot_application) by extensions ['colcon_pkg']
[1.929s] Level 1:colcon.colcon_core.package_identification:_identify(src/fishbot_application) by extension 'colcon_pkg'
[1.929s] Level 1:colcon.colcon_core.package_identification:_identify(src/fishbot_application) by extensions ['colcon_meta']
[1.929s] Level 1:colcon.colcon_core.package_identification:_identify(src/fishbot_application) by extension 'colcon_meta'
[1.929s] Level 1:colcon.colcon_core.package_identification:_identify(src/fishbot_application) by extensions ['ros']
[1.930s] Level 1:colcon.colcon_core.package_identification:_identify(src/fishbot_application) by extension 'ros'
[1.936s] DEBUG:colcon.colcon_core.package_identification:Failed to parse potential ROS package manifest in'src/fishbot_application': Error(s) in package 'src/fishbot_application/package.xml':
The manifest contains invalid XML:
not well-formed (invalid token): line 15, column 3
[1.936s] Level 1:colcon.colcon_core.package_identification:_identify(src/fishbot_application) by extensions ['cmake', 'python']
[1.936s] Level 1:colcon.colcon_core.package_identification:_identify(src/fishbot_application) by extension 'cmake'
[1.936s] Level 1:colcon.colcon_core.package_identification:_identify(src/fishbot_application) by extension 'python'
[1.937s] DEBUG:colcon.colcon_core.package_identification:Python package in 'src/fishbot_application' passes arguments to the setup() function which requires a different identification extension than 'python'
[1.937s] Level 1:colcon.colcon_core.package_identification:_identify(src/fishbot_application) by extensions ['python_setup_py']
[1.937s] Level 1:colcon.colcon_core.package_identification:_identify(src/fishbot_application) by extension 'python_setup_py'
[3.404s] DEBUG:colcon.colcon_core.package_identification:Package 'src/fishbot_application' with type 'python' and name 'fishbot_application'
[3.409s] Level 1:colcon.colcon_core.package_identification:_identify(src/fishbot_description) by extensions ['ignore', 'ignore_ament_install']
[3.410s] Level 1:colcon.colcon_core.package_identification:_identify(src/fishbot_description) by extension 'ignore'
[3.411s] Level 1:colcon.colcon_core.package_identification:_identify(src/fishbot_description) by extension 'ignore_ament_install'
[3.411s] Level 1:colcon.colcon_core.package_identification:_identify(src/fishbot_description) by extensions ['colcon_pkg']
[3.413s] Level 1:colcon.colcon_core.package_identification:_identify(src/fishbot_description) by extension 'colcon_pkg'
[3.414s] Level 1:colcon.colcon_core.package_identification:_identify(src/fishbot_description) by extensions ['colcon_meta']
[3.414s] Level 1:colcon.colcon_core.package_identification:_identify(src/fishbot_description) by extension 'colcon_meta'
[3.414s] Level 1:colcon.colcon_core.package_identification:_identify(src/fishbot_description) by extensions ['ros']
[3.414s] Level 1:colcon.colcon_core.package_identification:_identify(src/fishbot_description) by extension 'ros'
[3.426s] DEBUG:colcon.colcon_core.package_identification:Package 'src/fishbot_description' with type 'ros.ament_cmake' and name 'fishbot_description'
[3.426s] Level 1:colcon.colcon_core.package_identification:_identify(src/fishbot_navigation2) by extensions ['ignore', 'ignore_ament_install']
[3.428s] Level 1:colcon.colcon_core.package_identification:_identify(src/fishbot_navigation2) by extension 'ignore'
[3.428s] Level 1:colcon.colcon_core.package_identification:_identify(src/fishbot_navigation2) by extension 'ignore_ament_install'
[3.429s] Level 1:colcon.colcon_core.package_identification:_identify(src/fishbot_navigation2) by extensions ['colcon_pkg']
[3.429s] Level 1:colcon.colcon_core.package_identification:_identify(src/fishbot_navigation2) by extension 'colcon_pkg'
[3.429s] Level 1:colcon.colcon_core.package_identification:_identify(src/fishbot_navigation2) by extensions ['colcon_meta']
[3.429s] Level 1:colcon.colcon_core.package_identification:_identify(src/fishbot_navigation2) by extension 'colcon_meta'
[3.429s] Level 1:colcon.colcon_core.package_identification:_identify(src/fishbot_navigation2) by extensions ['ros']
[3.429s] Level 1:colcon.colcon_core.package_identification:_identify(src/fishbot_navigation2) by extension 'ros'
[3.435s] DEBUG:colcon.colcon_core.package_identification:Package 'src/fishbot_navigation2' with type 'ros.ament_cmake' and name 'fishbot_navigation2'
[3.435s] Level 1:colcon.colcon_core.package_discovery:discover_packages(recursive) using defaults
[3.435s] Level 1:colcon.colcon_core.package_discovery:discover_packages(ignore) discover
[3.435s] Level 1:colcon.colcon_core.package_discovery:discover_packages(ignore) using defaults
[3.435s] Level 1:colcon.colcon_core.package_discovery:discover_packages(path) discover
[3.435s] Level 1:colcon.colcon_core.package_discovery:discover_packages(path) using defaults
[3.613s] Level 1:colcon.colcon_core.package_discovery:discover_packages(prefix_path) check parameters
[3.613s] Level 1:colcon.colcon_core.package_discovery:discover_packages(prefix_path) discover
[3.617s] WARNING:colcon.colcon_ros.prefix_path.ament:The path '/home/jason/chapt7/chapt7_ws/install/fishbot_navgation2' in the environment variable AMENT_PREFIX_PATH doesn't exist
[3.619s] WARNING:colcon.colcon_ros.prefix_path.catkin:The path '/home/jason/chapt7/chapt7_ws/install/fishbot_navgation2' in the environment variable CMAKE_PREFIX_PATH doesn't exist
[3.622s] DEBUG:colcon.colcon_installed_package_information.package_discovery:Found 3 installed packages in /home/jason/chapt7/chapt7_ws/install
[3.637s] DEBUG:colcon.colcon_installed_package_information.package_discovery:Found 369 installed packages in /opt/ros/humble
[3.646s] Level 1:colcon.colcon_core.package_discovery:discover_packages(prefix_path) using defaults
[3.870s] Level 5:colcon.colcon_core.verb:set package 'fishbot_application' build argument 'cmake_args' from command line to 'None'
[3.870s] Level 5:colcon.colcon_core.verb:set package 'fishbot_application' build argument 'cmake_target' from command line to 'None'
[3.870s] Level 5:colcon.colcon_core.verb:set package 'fishbot_application' build argument 'cmake_target_skip_unavailable' from command line to 'False'
[3.870s] Level 5:colcon.colcon_core.verb:set package 'fishbot_application' build argument 'cmake_clean_cache' from command line to 'False'
[3.870s] Level 5:colcon.colcon_core.verb:set package 'fishbot_application' build argument 'cmake_clean_first' from command line to 'False'
[3.871s] Level 5:colcon.colcon_core.verb:set package 'fishbot_application' build argument 'cmake_force_configure' from command line to 'False'
[3.871s] Level 5:colcon.colcon_core.verb:set package 'fishbot_application' build argument 'ament_cmake_args' from command line to 'None'
[3.871s] Level 5:colcon.colcon_core.verb:set package 'fishbot_application' build argument 'catkin_cmake_args' from command line to 'None'
[3.871s] Level 5:colcon.colcon_core.verb:set package 'fishbot_application' build argument 'catkin_skip_building_tests' from command line to 'False'
[3.871s] DEBUG:colcon.colcon_core.verb:Building package 'fishbot_application' with the following arguments: {'ament_cmake_args': None, 'build_base': '/home/jason/chapt7/chapt7_ws/build/fishbot_application', 'catkin_cmake_args': None, 'catkin_skip_building_tests': False, 'cmake_args': None, 'cmake_clean_cache': False, 'cmake_clean_first': False, 'cmake_force_configure': False, 'cmake_target': None, 'cmake_target_skip_unavailable': False, 'install_base': '/home/jason/chapt7/chapt7_ws/install/fishbot_application', 'merge_install': False, 'path': '/home/jason/chapt7/chapt7_ws/src/fishbot_application', 'symlink_install': False, 'test_result_base': None}
[3.872s] Level 5:colcon.colcon_core.verb:set package 'fishbot_description' build argument 'cmake_args' from command line to 'None'
[3.872s] Level 5:colcon.colcon_core.verb:set package 'fishbot_description' build argument 'cmake_target' from command line to 'None'
[3.874s] Level 5:colcon.colcon_core.verb:set package 'fishbot_description' build argument 'cmake_target_skip_unavailable' from command line to 'False'
[3.875s] Level 5:colcon.colcon_core.verb:set package 'fishbot_description' build argument 'cmake_clean_cache' from command line to 'False'
[3.875s] Level 5:colcon.colcon_core.verb:set package 'fishbot_description' build argument 'cmake_clean_first' from command line to 'False'
[3.876s] Level 5:colcon.colcon_core.verb:set package 'fishbot_description' build argument 'cmake_force_configure' from command line to 'False'
[3.876s] Level 5:colcon.colcon_core.verb:set package 'fishbot_description' build argument 'ament_cmake_args' from command line to 'None'
[3.876s] Level 5:colcon.colcon_core.verb:set package 'fishbot_description' build argument 'catkin_cmake_args' from command line to 'None'
[3.876s] Level 5:colcon.colcon_core.verb:set package 'fishbot_description' build argument 'catkin_skip_building_tests' from command line to 'False'
[3.876s] DEBUG:colcon.colcon_core.verb:Building package 'fishbot_description' with the following arguments: {'ament_cmake_args': None, 'build_base': '/home/jason/chapt7/chapt7_ws/build/fishbot_description', 'catkin_cmake_args': None, 'catkin_skip_building_tests': False, 'cmake_args': None, 'cmake_clean_cache': False, 'cmake_clean_first': False, 'cmake_force_configure': False, 'cmake_target': None, 'cmake_target_skip_unavailable': False, 'install_base': '/home/jason/chapt7/chapt7_ws/install/fishbot_description', 'merge_install': False, 'path': '/home/jason/chapt7/chapt7_ws/src/fishbot_description', 'symlink_install': False, 'test_result_base': None}
[3.882s] Level 5:colcon.colcon_core.verb:set package 'fishbot_navigation2' build argument 'cmake_args' from command line to 'None'
[3.882s] Level 5:colcon.colcon_core.verb:set package 'fishbot_navigation2' build argument 'cmake_target' from command line to 'None'
[3.882s] Level 5:colcon.colcon_core.verb:set package 'fishbot_navigation2' build argument 'cmake_target_skip_unavailable' from command line to 'False'
[3.882s] Level 5:colcon.colcon_core.verb:set package 'fishbot_navigation2' build argument 'cmake_clean_cache' from command line to 'False'
[3.882s] Level 5:colcon.colcon_core.verb:set package 'fishbot_navigation2' build argument 'cmake_clean_first' from command line to 'False'
[3.882s] Level 5:colcon.colcon_core.verb:set package 'fishbot_navigation2' build argument 'cmake_force_configure' from command line to 'False'
[3.882s] Level 5:colcon.colcon_core.verb:set package 'fishbot_navigation2' build argument 'ament_cmake_args' from command line to 'None'
[3.882s] Level 5:colcon.colcon_core.verb:set package 'fishbot_navigation2' build argument 'catkin_cmake_args' from command line to 'None'
[3.882s] Level 5:colcon.colcon_core.verb:set package 'fishbot_navigation2' build argument 'catkin_skip_building_tests' from command line to 'False'
[3.883s] DEBUG:colcon.colcon_core.verb:Building package 'fishbot_navigation2' with the following arguments: {'ament_cmake_args': None, 'build_base': '/home/jason/chapt7/chapt7_ws/build/fishbot_navigation2', 'catkin_cmake_args': None, 'catkin_skip_building_tests': False, 'cmake_args': None, 'cmake_clean_cache': False, 'cmake_clean_first': False, 'cmake_force_configure': False, 'cmake_target': None, 'cmake_target_skip_unavailable': False, 'install_base': '/home/jason/chapt7/chapt7_ws/install/fishbot_navigation2', 'merge_install': False, 'path': '/home/jason/chapt7/chapt7_ws/src/fishbot_navigation2', 'symlink_install': False, 'test_result_base': None}
[3.883s] INFO:colcon.colcon_core.executor:Executing jobs using 'parallel' executor
[3.892s] DEBUG:colcon.colcon_parallel_executor.executor.parallel:run_until_complete
[3.893s] INFO:colcon.colcon_core.task.python.build:Building Python package in '/home/jason/chapt7/chapt7_ws/src/fishbot_application'
[3.904s] INFO:colcon.colcon_core.plugin_system:Skipping extension 'colcon_core.shell.bat': Not used on non-Windows systems
[3.908s] INFO:colcon.colcon_core.shell:Skip shell extension 'powershell' for command environment: Not usable outside of PowerShell
[3.908s] DEBUG:colcon.colcon_core.shell:Skip shell extension 'dsv' for command environment
[3.961s] INFO:colcon.colcon_ros.task.ament_cmake.build:Building ROS package in '/home/jason/chapt7/chapt7_ws/src/fishbot_description' with build type 'ament_cmake'
[3.961s] INFO:colcon.colcon_cmake.task.cmake.build:Building CMake package in '/home/jason/chapt7/chapt7_ws/src/fishbot_description'
[3.962s] INFO:colcon.colcon_core.shell:Skip shell extension 'powershell' for command environment: Not usable outside of PowerShell
[3.962s] DEBUG:colcon.colcon_core.shell:Skip shell extension 'dsv' for command environment
[3.987s] INFO:colcon.colcon_ros.task.ament_cmake.build:Building ROS package in '/home/jason/chapt7/chapt7_ws/src/fishbot_navigation2' with build type 'ament_cmake'
[3.987s] INFO:colcon.colcon_cmake.task.cmake.build:Building CMake package in '/home/jason/chapt7/chapt7_ws/src/fishbot_navigation2'
[3.988s] INFO:colcon.colcon_core.shell:Skip shell extension 'powershell' for command environment: Not usable outside of PowerShell
[3.989s] DEBUG:colcon.colcon_core.shell:Skip shell extension 'dsv' for command environment
[6.469s] DEBUG:colcon.colcon_core.event_handler.log_command:Invoking command in '/home/jason/chapt7/chapt7_ws/build/fishbot_description': CMAKE_PREFIX_PATH=${CMAKE_PREFIX_PATH}:/opt/ros/humble /usr/bin/cmake --build /home/jason/chapt7/chapt7_ws/build/fishbot_description -- -j4 -l4
[6.521s] DEBUG:colcon.colcon_core.event_handler.log_command:Invoking command in '/home/jason/chapt7/chapt7_ws/build/fishbot_navigation2': CMAKE_PREFIX_PATH=${CMAKE_PREFIX_PATH}:/opt/ros/humble /usr/bin/cmake --build /home/jason/chapt7/chapt7_ws/build/fishbot_navigation2 -- -j4 -l4
[6.769s] DEBUG:colcon.colcon_core.event_handler.log_command:Invoked command in '/home/jason/chapt7/chapt7_ws/build/fishbot_description' returned '0': CMAKE_PREFIX_PATH=${CMAKE_PREFIX_PATH}:/opt/ros/humble /usr/bin/cmake --build /home/jason/chapt7/chapt7_ws/build/fishbot_description -- -j4 -l4
[6.822s] DEBUG:colcon.colcon_core.event_handler.log_command:Invoking command in '/home/jason/chapt7/chapt7_ws/build/fishbot_description': CMAKE_PREFIX_PATH=${CMAKE_PREFIX_PATH}:/opt/ros/humble /usr/bin/cmake --install /home/jason/chapt7/chapt7_ws/build/fishbot_description
[6.841s] DEBUG:colcon.colcon_core.event_handler.log_command:Invoked command in '/home/jason/chapt7/chapt7_ws/build/fishbot_navigation2' returned '0': CMAKE_PREFIX_PATH=${CMAKE_PREFIX_PATH}:/opt/ros/humble /usr/bin/cmake --build /home/jason/chapt7/chapt7_ws/build/fishbot_navigation2 -- -j4 -l4
[6.842s] DEBUG:colcon.colcon_core.event_handler.log_command:Invoking command in '/home/jason/chapt7/chapt7_ws/build/fishbot_navigation2': CMAKE_PREFIX_PATH=${CMAKE_PREFIX_PATH}:/opt/ros/humble /usr/bin/cmake --install /home/jason/chapt7/chapt7_ws/build/fishbot_navigation2
[6.927s] Level 1:colcon.colcon_core.environment:create_environment_scripts_only(fishbot_description)
[6.958s] DEBUG:colcon.colcon_core.event_handler.log_command:Invoked command in '/home/jason/chapt7/chapt7_ws/build/fishbot_description' returned '0': CMAKE_PREFIX_PATH=${CMAKE_PREFIX_PATH}:/opt/ros/humble /usr/bin/cmake --install /home/jason/chapt7/chapt7_ws/build/fishbot_description
[6.960s] Level 1:colcon.colcon_core.environment:checking '/home/jason/chapt7/chapt7_ws/install/fishbot_description' for CMake module files
[6.960s] Level 1:colcon.colcon_core.environment:checking '/home/jason/chapt7/chapt7_ws/install/fishbot_description' for CMake config files
[6.961s] Level 1:colcon.colcon_core.shell:create_environment_hook('fishbot_description', 'cmake_prefix_path')
[6.962s] INFO:colcon.colcon_core.shell:Creating environment hook '/home/jason/chapt7/chapt7_ws/install/fishbot_description/share/fishbot_description/hook/cmake_prefix_path.ps1'
[6.963s] INFO:colcon.colcon_core.shell:Creating environment descriptor '/home/jason/chapt7/chapt7_ws/install/fishbot_description/share/fishbot_description/hook/cmake_prefix_path.dsv'
[6.970s] INFO:colcon.colcon_core.shell:Creating environment hook '/home/jason/chapt7/chapt7_ws/install/fishbot_description/share/fishbot_description/hook/cmake_prefix_path.sh'
[6.973s] Level 1:colcon.colcon_core.environment:checking '/home/jason/chapt7/chapt7_ws/install/fishbot_description/bin'
[6.973s] Level 1:colcon.colcon_core.environment:checking '/home/jason/chapt7/chapt7_ws/install/fishbot_description/lib/pkgconfig/fishbot_description.pc'
[6.974s] Level 1:colcon.colcon_core.environment:checking '/home/jason/chapt7/chapt7_ws/install/fishbot_description/lib/python3.10/site-packages'
[6.975s] Level 1:colcon.colcon_core.environment:checking '/home/jason/chapt7/chapt7_ws/install/fishbot_description/bin'
[6.976s] INFO:colcon.colcon_core.shell:Creating package script '/home/jason/chapt7/chapt7_ws/install/fishbot_description/share/fishbot_description/package.ps1'
[6.982s] INFO:colcon.colcon_core.shell:Creating package descriptor '/home/jason/chapt7/chapt7_ws/install/fishbot_description/share/fishbot_description/package.dsv'
[6.991s] INFO:colcon.colcon_core.shell:Creating package script '/home/jason/chapt7/chapt7_ws/install/fishbot_description/share/fishbot_description/package.sh'
[6.993s] INFO:colcon.colcon_core.shell:Creating package script '/home/jason/chapt7/chapt7_ws/install/fishbot_description/share/fishbot_description/package.bash'
[7.008s] INFO:colcon.colcon_core.shell:Creating package script '/home/jason/chapt7/chapt7_ws/install/fishbot_description/share/fishbot_description/package.zsh'
[7.025s] Level 1:colcon.colcon_core.environment:create_file_with_runtime_dependencies(/home/jason/chapt7/chapt7_ws/install/fishbot_description/share/colcon-core/packages/fishbot_description)
[7.029s] Level 1:colcon.colcon_core.environment:create_environment_scripts_only(fishbot_description)
[7.031s] Level 1:colcon.colcon_core.environment:checking '/home/jason/chapt7/chapt7_ws/install/fishbot_description' for CMake module files
[7.032s] Level 1:colcon.colcon_core.environment:checking '/home/jason/chapt7/chapt7_ws/install/fishbot_description' for CMake config files
[7.033s] Level 1:colcon.colcon_core.shell:create_environment_hook('fishbot_description', 'cmake_prefix_path')
[7.041s] INFO:colcon.colcon_core.shell:Creating environment hook '/home/jason/chapt7/chapt7_ws/install/fishbot_description/share/fishbot_description/hook/cmake_prefix_path.ps1'
[7.043s] INFO:colcon.colcon_core.shell:Creating environment descriptor '/home/jason/chapt7/chapt7_ws/install/fishbot_description/share/fishbot_description/hook/cmake_prefix_path.dsv'
[7.044s] INFO:colcon.colcon_core.shell:Creating environment hook '/home/jason/chapt7/chapt7_ws/install/fishbot_description/share/fishbot_description/hook/cmake_prefix_path.sh'
[7.045s] Level 1:colcon.colcon_core.environment:checking '/home/jason/chapt7/chapt7_ws/install/fishbot_description/bin'
[7.046s] Level 1:colcon.colcon_core.environment:checking '/home/jason/chapt7/chapt7_ws/install/fishbot_description/lib/pkgconfig/fishbot_description.pc'
[7.050s] Level 1:colcon.colcon_core.environment:checking '/home/jason/chapt7/chapt7_ws/install/fishbot_description/lib/python3.10/site-packages'
[7.051s] Level 1:colcon.colcon_core.environment:checking '/home/jason/chapt7/chapt7_ws/install/fishbot_description/bin'
[7.052s] INFO:colcon.colcon_core.shell:Creating package script '/home/jason/chapt7/chapt7_ws/install/fishbot_description/share/fishbot_description/package.ps1'
[7.053s] INFO:colcon.colcon_core.shell:Creating package descriptor '/home/jason/chapt7/chapt7_ws/install/fishbot_description/share/fishbot_description/package.dsv'
[7.058s] INFO:colcon.colcon_core.shell:Creating package script '/home/jason/chapt7/chapt7_ws/install/fishbot_description/share/fishbot_description/package.sh'
[7.061s] INFO:colcon.colcon_core.shell:Creating package script '/home/jason/chapt7/chapt7_ws/install/fishbot_description/share/fishbot_description/package.bash'
[7.067s] INFO:colcon.colcon_core.shell:Creating package script '/home/jason/chapt7/chapt7_ws/install/fishbot_description/share/fishbot_description/package.zsh'
[7.075s] Level 1:colcon.colcon_core.environment:create_file_with_runtime_dependencies(/home/jason/chapt7/chapt7_ws/install/fishbot_description/share/colcon-core/packages/fishbot_description)
[7.088s] Level 1:colcon.colcon_core.environment:create_environment_scripts_only(fishbot_navigation2)
[7.089s] Level 1:colcon.colcon_core.environment:checking '/home/jason/chapt7/chapt7_ws/install/fishbot_navigation2' for CMake module files
[7.093s] Level 1:colcon.colcon_core.environment:checking '/home/jason/chapt7/chapt7_ws/install/fishbot_navigation2' for CMake config files
[7.093s] Level 1:colcon.colcon_core.shell:create_environment_hook('fishbot_navigation2', 'cmake_prefix_path')
[7.094s] INFO:colcon.colcon_core.shell:Creating environment hook '/home/jason/chapt7/chapt7_ws/install/fishbot_navigation2/share/fishbot_navigation2/hook/cmake_prefix_path.ps1'
[7.095s] INFO:colcon.colcon_core.shell:Creating environment descriptor '/home/jason/chapt7/chapt7_ws/install/fishbot_navigation2/share/fishbot_navigation2/hook/cmake_prefix_path.dsv'
[7.097s] INFO:colcon.colcon_core.shell:Creating environment hook '/home/jason/chapt7/chapt7_ws/install/fishbot_navigation2/share/fishbot_navigation2/hook/cmake_prefix_path.sh'
[7.092s] DEBUG:colcon.colcon_core.event_handler.log_command:Invoked command in '/home/jason/chapt7/chapt7_ws/build/fishbot_navigation2' returned '0': CMAKE_PREFIX_PATH=${CMAKE_PREFIX_PATH}:/opt/ros/humble /usr/bin/cmake --install /home/jason/chapt7/chapt7_ws/build/fishbot_navigation2
[7.100s] Level 1:colcon.colcon_core.environment:checking '/home/jason/chapt7/chapt7_ws/install/fishbot_navigation2/bin'
[7.106s] Level 1:colcon.colcon_core.environment:checking '/home/jason/chapt7/chapt7_ws/install/fishbot_navigation2/lib/pkgconfig/fishbot_navigation2.pc'
[7.107s] Level 1:colcon.colcon_core.environment:checking '/home/jason/chapt7/chapt7_ws/install/fishbot_navigation2/lib/python3.10/site-packages'
[7.108s] Level 1:colcon.colcon_core.environment:checking '/home/jason/chapt7/chapt7_ws/install/fishbot_navigation2/bin'
[7.109s] INFO:colcon.colcon_core.shell:Creating package script '/home/jason/chapt7/chapt7_ws/install/fishbot_navigation2/share/fishbot_navigation2/package.ps1'
[7.113s] INFO:colcon.colcon_core.shell:Creating package descriptor '/home/jason/chapt7/chapt7_ws/install/fishbot_navigation2/share/fishbot_navigation2/package.dsv'
[7.115s] INFO:colcon.colcon_core.shell:Creating package script '/home/jason/chapt7/chapt7_ws/install/fishbot_navigation2/share/fishbot_navigation2/package.sh'
[7.117s] INFO:colcon.colcon_core.shell:Creating package script '/home/jason/chapt7/chapt7_ws/install/fishbot_navigation2/share/fishbot_navigation2/package.bash'
[7.118s] INFO:colcon.colcon_core.shell:Creating package script '/home/jason/chapt7/chapt7_ws/install/fishbot_navigation2/share/fishbot_navigation2/package.zsh'
[7.119s] Level 1:colcon.colcon_core.environment:create_file_with_runtime_dependencies(/home/jason/chapt7/chapt7_ws/install/fishbot_navigation2/share/colcon-core/packages/fishbot_navigation2)
[7.120s] Level 1:colcon.colcon_core.environment:create_environment_scripts_only(fishbot_navigation2)
[7.121s] Level 1:colcon.colcon_core.environment:checking '/home/jason/chapt7/chapt7_ws/install/fishbot_navigation2' for CMake module files
[7.123s] Level 1:colcon.colcon_core.environment:checking '/home/jason/chapt7/chapt7_ws/install/fishbot_navigation2' for CMake config files
[7.123s] Level 1:colcon.colcon_core.shell:create_environment_hook('fishbot_navigation2', 'cmake_prefix_path')
[7.124s] INFO:colcon.colcon_core.shell:Creating environment hook '/home/jason/chapt7/chapt7_ws/install/fishbot_navigation2/share/fishbot_navigation2/hook/cmake_prefix_path.ps1'
[7.126s] INFO:colcon.colcon_core.shell:Creating environment descriptor '/home/jason/chapt7/chapt7_ws/install/fishbot_navigation2/share/fishbot_navigation2/hook/cmake_prefix_path.dsv'
[7.128s] INFO:colcon.colcon_core.shell:Creating environment hook '/home/jason/chapt7/chapt7_ws/install/fishbot_navigation2/share/fishbot_navigation2/hook/cmake_prefix_path.sh'
[7.130s] Level 1:colcon.colcon_core.environment:checking '/home/jason/chapt7/chapt7_ws/install/fishbot_navigation2/bin'
[7.131s] Level 1:colcon.colcon_core.environment:checking '/home/jason/chapt7/chapt7_ws/install/fishbot_navigation2/lib/pkgconfig/fishbot_navigation2.pc'
[7.132s] Level 1:colcon.colcon_core.environment:checking '/home/jason/chapt7/chapt7_ws/install/fishbot_navigation2/lib/python3.10/site-packages'
[7.133s] Level 1:colcon.colcon_core.environment:checking '/home/jason/chapt7/chapt7_ws/install/fishbot_navigation2/bin'
[7.133s] INFO:colcon.colcon_core.shell:Creating package script '/home/jason/chapt7/chapt7_ws/install/fishbot_navigation2/share/fishbot_navigation2/package.ps1'
[7.135s] INFO:colcon.colcon_core.shell:Creating package descriptor '/home/jason/chapt7/chapt7_ws/install/fishbot_navigation2/share/fishbot_navigation2/package.dsv'
[7.138s] INFO:colcon.colcon_core.shell:Creating package script '/home/jason/chapt7/chapt7_ws/install/fishbot_navigation2/share/fishbot_navigation2/package.sh'
[7.139s] INFO:colcon.colcon_core.shell:Creating package script '/home/jason/chapt7/chapt7_ws/install/fishbot_navigation2/share/fishbot_navigation2/package.bash'
[7.141s] INFO:colcon.colcon_core.shell:Creating package script '/home/jason/chapt7/chapt7_ws/install/fishbot_navigation2/share/fishbot_navigation2/package.zsh'
[7.144s] Level 1:colcon.colcon_core.environment:create_file_with_runtime_dependencies(/home/jason/chapt7/chapt7_ws/install/fishbot_navigation2/share/colcon-core/packages/fishbot_navigation2)
[8.839s] DEBUG:colcon.colcon_core.event_handler.log_command:Invoking command in '/home/jason/chapt7/chapt7_ws/src/fishbot_application': PYTHONPATH=/home/jason/chapt7/chapt7_ws/build/fishbot_application/prefix_override:/usr/lib/python3/dist-packages/colcon_core/task/python/colcon_distutils_commands:/home/jason/chapt7/chapt7_ws/install/fishbot_application/lib/python3.10/site-packages:${PYTHONPATH} /usr/bin/python3 -W ignore:setup.py install is deprecated -W ignore:easy_install command is deprecated setup.py egg_info --egg-base ../../build/fishbot_application build --build-base /home/jason/chapt7/chapt7_ws/build/fishbot_application/build install --record /home/jason/chapt7/chapt7_ws/build/fishbot_application/install.log --single-version-externally-managed install_data
[11.498s] Level 1:colcon.colcon_core.environment:checking '/home/jason/chapt7/chapt7_ws/install/fishbot_application' for CMake module files
[11.499s] Level 1:colcon.colcon_core.environment:checking '/home/jason/chapt7/chapt7_ws/install/fishbot_application' for CMake config files
[11.500s] Level 1:colcon.colcon_core.environment:checking '/home/jason/chapt7/chapt7_ws/install/fishbot_application/lib'
[11.501s] Level 1:colcon.colcon_core.environment:checking '/home/jason/chapt7/chapt7_ws/install/fishbot_application/bin'
[11.501s] Level 1:colcon.colcon_core.environment:checking '/home/jason/chapt7/chapt7_ws/install/fishbot_application/lib/pkgconfig/fishbot_application.pc'
[11.501s] Level 1:colcon.colcon_core.environment:checking '/home/jason/chapt7/chapt7_ws/install/fishbot_application/lib/python3.10/site-packages'
[11.502s] Level 1:colcon.colcon_core.shell:create_environment_hook('fishbot_application', 'pythonpath')
[11.503s] INFO:colcon.colcon_core.shell:Creating environment hook '/home/jason/chapt7/chapt7_ws/install/fishbot_application/share/fishbot_application/hook/pythonpath.ps1'
[11.507s] INFO:colcon.colcon_core.shell:Creating environment descriptor '/home/jason/chapt7/chapt7_ws/install/fishbot_application/share/fishbot_application/hook/pythonpath.dsv'
[11.508s] INFO:colcon.colcon_core.shell:Creating environment hook '/home/jason/chapt7/chapt7_ws/install/fishbot_application/share/fishbot_application/hook/pythonpath.sh'
[11.506s] DEBUG:colcon.colcon_core.event_handler.log_command:Invoked command in '/home/jason/chapt7/chapt7_ws/src/fishbot_application' returned '0': PYTHONPATH=/home/jason/chapt7/chapt7_ws/build/fishbot_application/prefix_override:/usr/lib/python3/dist-packages/colcon_core/task/python/colcon_distutils_commands:/home/jason/chapt7/chapt7_ws/install/fishbot_application/lib/python3.10/site-packages:${PYTHONPATH} /usr/bin/python3 -W ignore:setup.py install is deprecated -W ignore:easy_install command is deprecated setup.py egg_info --egg-base ../../build/fishbot_application build --build-base /home/jason/chapt7/chapt7_ws/build/fishbot_application/build install --record /home/jason/chapt7/chapt7_ws/build/fishbot_application/install.log --single-version-externally-managed install_data
[11.520s] Level 1:colcon.colcon_core.environment:checking '/home/jason/chapt7/chapt7_ws/install/fishbot_application/bin'
[11.520s] Level 1:colcon.colcon_core.environment:create_environment_scripts_only(fishbot_application)
[11.521s] INFO:colcon.colcon_core.shell:Creating package script '/home/jason/chapt7/chapt7_ws/install/fishbot_application/share/fishbot_application/package.ps1'
[11.526s] INFO:colcon.colcon_core.shell:Creating package descriptor '/home/jason/chapt7/chapt7_ws/install/fishbot_application/share/fishbot_application/package.dsv'
[11.527s] INFO:colcon.colcon_core.shell:Creating package script '/home/jason/chapt7/chapt7_ws/install/fishbot_application/share/fishbot_application/package.sh'
[11.531s] INFO:colcon.colcon_core.shell:Creating package script '/home/jason/chapt7/chapt7_ws/install/fishbot_application/share/fishbot_application/package.bash'
[11.536s] INFO:colcon.colcon_core.shell:Creating package script '/home/jason/chapt7/chapt7_ws/install/fishbot_application/share/fishbot_application/package.zsh'
[11.539s] Level 1:colcon.colcon_core.environment:create_file_with_runtime_dependencies(/home/jason/chapt7/chapt7_ws/install/fishbot_application/share/colcon-core/packages/fishbot_application)
[11.555s] DEBUG:colcon.colcon_parallel_executor.executor.parallel:closing loop
[11.556s] DEBUG:colcon.colcon_parallel_executor.executor.parallel:loop closed
[11.556s] DEBUG:colcon.colcon_parallel_executor.executor.parallel:run_until_complete finished with '0'
[11.556s] DEBUG:colcon.colcon_core.event_reactor:joining thread
[11.717s] INFO:colcon.colcon_core.plugin_system:Skipping extension 'colcon_notification.desktop_notification.notify_send': Could not find 'notify-send'
[11.718s] INFO:colcon.colcon_core.plugin_system:Skipping extension 'colcon_notification.desktop_notification.terminal_notifier': Not used on non-Darwin systems
[11.718s] INFO:colcon.colcon_core.plugin_system:Skipping extension 'colcon_notification.desktop_notification.win32': Not used on non-Windows systems
[11.718s] INFO:colcon.colcon_notification.desktop_notification:Sending desktop notification using 'notify2'
[11.722s] DEBUG:colcon.colcon_notification.desktop_notification.notify2:Failed to initialize notify2: org.freedesktop.DBus.Error.ServiceUnknown: The name org.freedesktop.Notifications was not provided by any .service files
[11.726s] DEBUG:colcon.colcon_core.event_reactor:joined thread
[11.726s] INFO:colcon.colcon_core.shell:Creating prefix script '/home/jason/chapt7/chapt7_ws/install/local_setup.ps1'
[11.729s] INFO:colcon.colcon_core.shell:Creating prefix util module '/home/jason/chapt7/chapt7_ws/install/_local_setup_util_ps1.py'
[11.737s] INFO:colcon.colcon_core.shell:Creating prefix chain script '/home/jason/chapt7/chapt7_ws/install/setup.ps1'
[11.739s] INFO:colcon.colcon_core.shell:Creating prefix script '/home/jason/chapt7/chapt7_ws/install/local_setup.sh'
[11.745s] INFO:colcon.colcon_core.shell:Creating prefix util module '/home/jason/chapt7/chapt7_ws/install/_local_setup_util_sh.py'
[11.752s] INFO:colcon.colcon_core.shell:Creating prefix chain script '/home/jason/chapt7/chapt7_ws/install/setup.sh'
[11.764s] INFO:colcon.colcon_core.shell:Creating prefix script '/home/jason/chapt7/chapt7_ws/install/local_setup.bash'
[11.769s] INFO:colcon.colcon_core.shell:Creating prefix chain script '/home/jason/chapt7/chapt7_ws/install/setup.bash'
[11.773s] INFO:colcon.colcon_core.shell:Creating prefix script '/home/jason/chapt7/chapt7_ws/install/local_setup.zsh'
[11.775s] INFO:colcon.colcon_core.shell:Creating prefix chain script '/home/jason/chapt7/chapt7_ws/install/setup.zsh'
