[5.621s] Invoking command in '/home/jason/chapt7/chapt7_ws/src/fishbot_application': PYTHONPATH=/home/jason/chapt7/chapt7_ws/build/fishbot_application/prefix_override:/usr/lib/python3/dist-packages/colcon_core/task/python/colcon_distutils_commands:/home/jason/chapt7/chapt7_ws/install/fishbot_application/lib/python3.10/site-packages:${PYTHONPATH} /usr/bin/python3 -W ignore:setup.py install is deprecated -W ignore:easy_install command is deprecated setup.py egg_info --egg-base ../../build/fishbot_application build --build-base /home/jason/chapt7/chapt7_ws/build/fishbot_application/build install --record /home/jason/chapt7/chapt7_ws/build/fishbot_application/install.log --single-version-externally-managed install_data
[7.064s] running egg_info
[7.067s] writing ../../build/fishbot_application/fishbot_application.egg-info/PKG-INFO
[7.067s] writing dependency_links to ../../build/fishbot_application/fishbot_application.egg-info/dependency_links.txt
[7.069s] writing entry points to ../../build/fishbot_application/fishbot_application.egg-info/entry_points.txt
[7.072s] writing requirements to ../../build/fishbot_application/fishbot_application.egg-info/requires.txt
[7.072s] writing top-level names to ../../build/fishbot_application/fishbot_application.egg-info/top_level.txt
[7.096s] reading manifest file '../../build/fishbot_application/fishbot_application.egg-info/SOURCES.txt'
[7.102s] writing manifest file '../../build/fishbot_application/fishbot_application.egg-info/SOURCES.txt'
[7.103s] running build
[7.103s] running build_py
[7.104s] copying fishbot_application/nav_to_pose.py -> /home/jason/chapt7/chapt7_ws/build/fishbot_application/build/lib/fishbot_application
[7.105s] running install
[7.106s] running install_lib
[7.116s] copying /home/jason/chapt7/chapt7_ws/build/fishbot_application/build/lib/fishbot_application/nav_to_pose.py -> /home/jason/chapt7/chapt7_ws/install/fishbot_application/lib/python3.10/site-packages/fishbot_application
[7.119s] byte-compiling /home/jason/chapt7/chapt7_ws/install/fishbot_application/lib/python3.10/site-packages/fishbot_application/nav_to_pose.py to nav_to_pose.cpython-310.pyc
[7.119s] running install_data
[7.127s] running install_egg_info
[7.151s] removing '/home/jason/chapt7/chapt7_ws/install/fishbot_application/lib/python3.10/site-packages/fishbot_application-0.0.0-py3.10.egg-info' (and everything under it)
[7.156s] Copying ../../build/fishbot_application/fishbot_application.egg-info to /home/jason/chapt7/chapt7_ws/install/fishbot_application/lib/python3.10/site-packages/fishbot_application-0.0.0-py3.10.egg-info
[7.170s] running install_scripts
[7.280s] Installing get_robot_pose script to /home/jason/chapt7/chapt7_ws/install/fishbot_application/lib/fishbot_application
[7.281s] Installing init_robot_pose script to /home/jason/chapt7/chapt7_ws/install/fishbot_application/lib/fishbot_application
[7.283s] Installing nav_to_pose script to /home/jason/chapt7/chapt7_ws/install/fishbot_application/lib/fishbot_application
[7.291s] writing list of installed files to '/home/jason/chapt7/chapt7_ws/build/fishbot_application/install.log'
[7.425s] Invoked command in '/home/jason/chapt7/chapt7_ws/src/fishbot_application' returned '0': PYTHONPATH=/home/jason/chapt7/chapt7_ws/build/fishbot_application/prefix_override:/usr/lib/python3/dist-packages/colcon_core/task/python/colcon_distutils_commands:/home/jason/chapt7/chapt7_ws/install/fishbot_application/lib/python3.10/site-packages:${PYTHONPATH} /usr/bin/python3 -W ignore:setup.py install is deprecated -W ignore:easy_install command is deprecated setup.py egg_info --egg-base ../../build/fishbot_application build --build-base /home/jason/chapt7/chapt7_ws/build/fishbot_application/build install --record /home/jason/chapt7/chapt7_ws/build/fishbot_application/install.log --single-version-externally-managed install_data
