[4.413s] Invoking command in '/home/jason/chapt7/chapt7_ws/src/fishbot_application': PYTHONPATH=/home/jason/chapt7/chapt7_ws/build/fishbot_application/prefix_override:/usr/lib/python3/dist-packages/colcon_core/task/python/colcon_distutils_commands:/home/jason/chapt7/chapt7_ws/install/fishbot_application/lib/python3.10/site-packages:${PYTHONPATH} /usr/bin/python3 -W ignore:setup.py install is deprecated -W ignore:easy_install command is deprecated setup.py egg_info --egg-base ../../build/fishbot_application build --build-base /home/jason/chapt7/chapt7_ws/build/fishbot_application/build install --record /home/jason/chapt7/chapt7_ws/build/fishbot_application/install.log --single-version-externally-managed install_data
[5.816s] running egg_info
[5.817s] writing ../../build/fishbot_application/fishbot_application.egg-info/PKG-INFO
[5.821s] writing dependency_links to ../../build/fishbot_application/fishbot_application.egg-info/dependency_links.txt
[5.821s] writing entry points to ../../build/fishbot_application/fishbot_application.egg-info/entry_points.txt
[5.821s] writing requirements to ../../build/fishbot_application/fishbot_application.egg-info/requires.txt
[5.822s] writing top-level names to ../../build/fishbot_application/fishbot_application.egg-info/top_level.txt
[5.830s] reading manifest file '../../build/fishbot_application/fishbot_application.egg-info/SOURCES.txt'
[5.832s] writing manifest file '../../build/fishbot_application/fishbot_application.egg-info/SOURCES.txt'
[5.833s] running build
[5.834s] running build_py
[5.840s] running install
[5.840s] running install_lib
[5.844s] running install_data
[5.845s] running install_egg_info
[5.861s] removing '/home/jason/chapt7/chapt7_ws/install/fishbot_application/lib/python3.10/site-packages/fishbot_application-0.0.0-py3.10.egg-info' (and everything under it)
[5.864s] Copying ../../build/fishbot_application/fishbot_application.egg-info to /home/jason/chapt7/chapt7_ws/install/fishbot_application/lib/python3.10/site-packages/fishbot_application-0.0.0-py3.10.egg-info
[5.869s] running install_scripts
[6.008s] Installing get_robot_pose script to /home/jason/chapt7/chapt7_ws/install/fishbot_application/lib/fishbot_application
[6.009s] Installing init_robot_pose script to /home/jason/chapt7/chapt7_ws/install/fishbot_application/lib/fishbot_application
[6.009s] Installing nav_to_pose script to /home/jason/chapt7/chapt7_ws/install/fishbot_application/lib/fishbot_application
[6.019s] writing list of installed files to '/home/jason/chapt7/chapt7_ws/build/fishbot_application/install.log'
[6.163s] Invoked command in '/home/jason/chapt7/chapt7_ws/src/fishbot_application' returned '0': PYTHONPATH=/home/jason/chapt7/chapt7_ws/build/fishbot_application/prefix_override:/usr/lib/python3/dist-packages/colcon_core/task/python/colcon_distutils_commands:/home/jason/chapt7/chapt7_ws/install/fishbot_application/lib/python3.10/site-packages:${PYTHONPATH} /usr/bin/python3 -W ignore:setup.py install is deprecated -W ignore:easy_install command is deprecated setup.py egg_info --egg-base ../../build/fishbot_application build --build-base /home/jason/chapt7/chapt7_ws/build/fishbot_application/build install --record /home/jason/chapt7/chapt7_ws/build/fishbot_application/install.log --single-version-externally-managed install_data
