[0.040s] Invoking command in '/home/jason/chapt7/chapt7_ws/build/fishbot_description': CMAKE_PREFIX_PATH=${CMAKE_PREFIX_PATH}:/opt/ros/humble /usr/bin/cmake --build /home/jason/chapt7/chapt7_ws/build/fishbot_description -- -j4 -l4
[0.162s] Invoked command in '/home/jason/chapt7/chapt7_ws/build/fishbot_description' returned '0': CMAKE_PREFIX_PATH=${CMAKE_PREFIX_PATH}:/opt/ros/humble /usr/bin/cmake --build /home/jason/chapt7/chapt7_ws/build/fishbot_description -- -j4 -l4
[0.186s] Invoking command in '/home/jason/chapt7/chapt7_ws/build/fishbot_description': CMAKE_PREFIX_PATH=${CMAKE_PREFIX_PATH}:/opt/ros/humble /usr/bin/cmake --install /home/jason/chapt7/chapt7_ws/build/fishbot_description
[0.201s] -- Install configuration: ""
[0.203s] -- Up-to-date: /home/jason/chapt7/chapt7_ws/install/fishbot_description/share/fishbot_description/config
[0.203s] -- Up-to-date: /home/jason/chapt7/chapt7_ws/install/fishbot_description/share/fishbot_description/config/display_robot_model.rviz
[0.204s] -- Up-to-date: /home/jason/chapt7/chapt7_ws/install/fishbot_description/share/fishbot_description/config/fishbot_ros2_controller.yaml
[0.204s] -- Up-to-date: /home/jason/chapt7/chapt7_ws/install/fishbot_description/share/fishbot_description/launch
[0.204s] -- Up-to-date: /home/jason/chapt7/chapt7_ws/install/fishbot_description/share/fishbot_description/launch/display_robot.launch.py
[0.205s] -- Up-to-date: /home/jason/chapt7/chapt7_ws/install/fishbot_description/share/fishbot_description/launch/gazebo_sim.launch.py
[0.206s] -- Up-to-date: /home/jason/chapt7/chapt7_ws/install/fishbot_description/share/fishbot_description/urdf
[0.206s] -- Up-to-date: /home/jason/chapt7/chapt7_ws/install/fishbot_description/share/fishbot_description/urdf/first_robot.pdf
[0.206s] -- Up-to-date: /home/jason/chapt7/chapt7_ws/install/fishbot_description/share/fishbot_description/urdf/fishbot
[0.206s] -- Up-to-date: /home/jason/chapt7/chapt7_ws/install/fishbot_description/share/fishbot_description/urdf/fishbot/base.urdf.xacro
[0.206s] -- Up-to-date: /home/jason/chapt7/chapt7_ws/install/fishbot_description/share/fishbot_description/urdf/fishbot/sensor
[0.206s] -- Up-to-date: /home/jason/chapt7/chapt7_ws/install/fishbot_description/share/fishbot_description/urdf/fishbot/sensor/imu.urdf.xacro
[0.207s] -- Up-to-date: /home/jason/chapt7/chapt7_ws/install/fishbot_description/share/fishbot_description/urdf/fishbot/sensor/laser.urdf.xacro
[0.207s] -- Up-to-date: /home/jason/chapt7/chapt7_ws/install/fishbot_description/share/fishbot_description/urdf/fishbot/sensor/camera.urdf.xacro
[0.208s] -- Up-to-date: /home/jason/chapt7/chapt7_ws/install/fishbot_description/share/fishbot_description/urdf/fishbot/fishbot.ros2_control.xacro
[0.208s] -- Up-to-date: /home/jason/chapt7/chapt7_ws/install/fishbot_description/share/fishbot_description/urdf/fishbot/actuator
[0.209s] -- Up-to-date: /home/jason/chapt7/chapt7_ws/install/fishbot_description/share/fishbot_description/urdf/fishbot/actuator/caster.urdf.xacro
[0.209s] -- Up-to-date: /home/jason/chapt7/chapt7_ws/install/fishbot_description/share/fishbot_description/urdf/fishbot/actuator/wheel.urdf.xacro
[0.210s] -- Up-to-date: /home/jason/chapt7/chapt7_ws/install/fishbot_description/share/fishbot_description/urdf/fishbot/common_inertia.xacro
[0.210s] -- Up-to-date: /home/jason/chapt7/chapt7_ws/install/fishbot_description/share/fishbot_description/urdf/fishbot/plugins
[0.214s] -- Up-to-date: /home/jason/chapt7/chapt7_ws/install/fishbot_description/share/fishbot_description/urdf/fishbot/plugins/gazebo_sensor_plugin.xacro
[0.214s] -- Up-to-date: /home/jason/chapt7/chapt7_ws/install/fishbot_description/share/fishbot_description/urdf/fishbot/plugins/gazebo_control_plugin.xacro
[0.214s] -- Up-to-date: /home/jason/chapt7/chapt7_ws/install/fishbot_description/share/fishbot_description/urdf/fishbot/fishbot.urdf.xacro
[0.215s] -- Up-to-date: /home/jason/chapt7/chapt7_ws/install/fishbot_description/share/fishbot_description/urdf/first_robot.gv
[0.215s] -- Up-to-date: /home/jason/chapt7/chapt7_ws/install/fishbot_description/share/fishbot_description/urdf/first_robot.urdf
[0.215s] -- Up-to-date: /home/jason/chapt7/chapt7_ws/install/fishbot_description/share/fishbot_description/urdf/first_robot.urdf.xacro
[0.216s] -- Up-to-date: /home/jason/chapt7/chapt7_ws/install/fishbot_description/share/fishbot_description/world
[0.216s] -- Up-to-date: /home/jason/chapt7/chapt7_ws/install/fishbot_description/share/fishbot_description/world/custom_room.world
[0.216s] -- Up-to-date: /home/jason/chapt7/chapt7_ws/install/fishbot_description/share/fishbot_description/world/room
[0.216s] -- Up-to-date: /home/jason/chapt7/chapt7_ws/install/fishbot_description/share/fishbot_description/world/room/model.sdf
[0.216s] -- Up-to-date: /home/jason/chapt7/chapt7_ws/install/fishbot_description/share/fishbot_description/world/room/model.config
[0.216s] -- Up-to-date: /home/jason/chapt7/chapt7_ws/install/fishbot_description/share/ament_index/resource_index/package_run_dependencies/fishbot_description
[0.218s] -- Up-to-date: /home/jason/chapt7/chapt7_ws/install/fishbot_description/share/ament_index/resource_index/parent_prefix_path/fishbot_description
[0.219s] -- Up-to-date: /home/jason/chapt7/chapt7_ws/install/fishbot_description/share/fishbot_description/environment/ament_prefix_path.sh
[0.219s] -- Up-to-date: /home/jason/chapt7/chapt7_ws/install/fishbot_description/share/fishbot_description/environment/ament_prefix_path.dsv
[0.221s] -- Up-to-date: /home/jason/chapt7/chapt7_ws/install/fishbot_description/share/fishbot_description/environment/path.sh
[0.221s] -- Up-to-date: /home/jason/chapt7/chapt7_ws/install/fishbot_description/share/fishbot_description/environment/path.dsv
[0.221s] -- Up-to-date: /home/jason/chapt7/chapt7_ws/install/fishbot_description/share/fishbot_description/local_setup.bash
[0.222s] -- Up-to-date: /home/jason/chapt7/chapt7_ws/install/fishbot_description/share/fishbot_description/local_setup.sh
[0.222s] -- Up-to-date: /home/jason/chapt7/chapt7_ws/install/fishbot_description/share/fishbot_description/local_setup.zsh
[0.223s] -- Up-to-date: /home/jason/chapt7/chapt7_ws/install/fishbot_description/share/fishbot_description/local_setup.dsv
[0.223s] -- Up-to-date: /home/jason/chapt7/chapt7_ws/install/fishbot_description/share/fishbot_description/package.dsv
[0.224s] -- Up-to-date: /home/jason/chapt7/chapt7_ws/install/fishbot_description/share/ament_index/resource_index/packages/fishbot_description
[0.225s] -- Up-to-date: /home/jason/chapt7/chapt7_ws/install/fishbot_description/share/fishbot_description/cmake/fishbot_descriptionConfig.cmake
[0.226s] -- Up-to-date: /home/jason/chapt7/chapt7_ws/install/fishbot_description/share/fishbot_description/cmake/fishbot_descriptionConfig-version.cmake
[0.227s] -- Up-to-date: /home/jason/chapt7/chapt7_ws/install/fishbot_description/share/fishbot_description/package.xml
[0.227s] Invoked command in '/home/jason/chapt7/chapt7_ws/build/fishbot_description' returned '0': CMAKE_PREFIX_PATH=${CMAKE_PREFIX_PATH}:/opt/ros/humble /usr/bin/cmake --install /home/jason/chapt7/chapt7_ws/build/fishbot_description
