[0.793s] DEBUG:colcon:Command line arguments: ['/usr/bin/colcon', 'build']
[0.793s] DEBUG:colcon:Parsed command line arguments: Namespace(log_base=None, log_level=None, verb_name='build', build_base='build', install_base='install', merge_install=False, symlink_install=False, test_result_base=None, continue_on_error=False, executor='parallel', parallel_workers=4, event_handlers=None, ignore_user_meta=False, metas=['./colcon.meta'], base_paths=['.'], packages_ignore=None, packages_ignore_regex=None, paths=None, packages_up_to=None, packages_up_to_regex=None, packages_above=None, packages_above_and_dependencies=None, packages_above_depth=None, packages_select_by_dep=None, packages_skip_by_dep=None, packages_skip_up_to=None, packages_select_build_failed=False, packages_skip_build_finished=False, packages_select_test_failures=False, packages_skip_test_passed=False, packages_select=None, packages_skip=None, packages_select_regex=None, packages_skip_regex=None, packages_start=None, packages_end=None, allow_overriding=[], cmake_args=None, cmake_target=None, cmake_target_skip_unavailable=False, cmake_clean_cache=False, cmake_clean_first=False, cmake_force_configure=False, ament_cmake_args=None, catkin_cmake_args=None, catkin_skip_building_tests=False, verb_parser=<colcon_defaults.argument_parser.defaults.DefaultArgumentsDecorator object at 0x7ff41c0480d0>, verb_extension=<colcon_core.verb.build.BuildVerb object at 0x7ff41c013a90>, main=<bound method BuildVerb.main of <colcon_core.verb.build.BuildVerb object at 0x7ff41c013a90>>)
[1.812s] Level 1:colcon.colcon_core.package_discovery:discover_packages(colcon_meta) check parameters
[1.812s] Level 1:colcon.colcon_core.package_discovery:discover_packages(recursive) check parameters
[1.812s] Level 1:colcon.colcon_core.package_discovery:discover_packages(ignore) check parameters
[1.812s] Level 1:colcon.colcon_core.package_discovery:discover_packages(path) check parameters
[1.812s] Level 1:colcon.colcon_core.package_discovery:discover_packages(colcon_meta) discover
[1.812s] Level 1:colcon.colcon_core.package_discovery:discover_packages(recursive) discover
[1.812s] INFO:colcon.colcon_core.package_discovery:Crawling recursively for packages in '/home/jason/chapt7/chapt7_ws'
[1.813s] Level 1:colcon.colcon_core.package_identification:_identify(.) by extensions ['ignore', 'ignore_ament_install']
[1.813s] Level 1:colcon.colcon_core.package_identification:_identify(.) by extension 'ignore'
[1.813s] Level 1:colcon.colcon_core.package_identification:_identify(.) by extension 'ignore_ament_install'
[1.813s] Level 1:colcon.colcon_core.package_identification:_identify(.) by extensions ['colcon_pkg']
[1.813s] Level 1:colcon.colcon_core.package_identification:_identify(.) by extension 'colcon_pkg'
[1.813s] Level 1:colcon.colcon_core.package_identification:_identify(.) by extensions ['colcon_meta']
[1.813s] Level 1:colcon.colcon_core.package_identification:_identify(.) by extension 'colcon_meta'
[1.813s] Level 1:colcon.colcon_core.package_identification:_identify(.) by extensions ['ros']
[1.813s] Level 1:colcon.colcon_core.package_identification:_identify(.) by extension 'ros'
[1.843s] Level 1:colcon.colcon_core.package_identification:_identify(.) by extensions ['cmake', 'python']
[1.843s] Level 1:colcon.colcon_core.package_identification:_identify(.) by extension 'cmake'
[1.844s] Level 1:colcon.colcon_core.package_identification:_identify(.) by extension 'python'
[1.844s] Level 1:colcon.colcon_core.package_identification:_identify(.) by extensions ['python_setup_py']
[1.844s] Level 1:colcon.colcon_core.package_identification:_identify(.) by extension 'python_setup_py'
[1.845s] Level 1:colcon.colcon_core.package_identification:_identify(build) by extensions ['ignore', 'ignore_ament_install']
[1.845s] Level 1:colcon.colcon_core.package_identification:_identify(build) by extension 'ignore'
[1.845s] Level 1:colcon.colcon_core.package_identification:_identify(build) ignored
[1.847s] Level 1:colcon.colcon_core.package_identification:_identify(install) by extensions ['ignore', 'ignore_ament_install']
[1.847s] Level 1:colcon.colcon_core.package_identification:_identify(install) by extension 'ignore'
[1.847s] Level 1:colcon.colcon_core.package_identification:_identify(install) ignored
[1.847s] Level 1:colcon.colcon_core.package_identification:_identify(log) by extensions ['ignore', 'ignore_ament_install']
[1.847s] Level 1:colcon.colcon_core.package_identification:_identify(log) by extension 'ignore'
[1.847s] Level 1:colcon.colcon_core.package_identification:_identify(log) ignored
[1.848s] Level 1:colcon.colcon_core.package_identification:_identify(src) by extensions ['ignore', 'ignore_ament_install']
[1.848s] Level 1:colcon.colcon_core.package_identification:_identify(src) by extension 'ignore'
[1.848s] Level 1:colcon.colcon_core.package_identification:_identify(src) by extension 'ignore_ament_install'
[1.848s] Level 1:colcon.colcon_core.package_identification:_identify(src) by extensions ['colcon_pkg']
[1.848s] Level 1:colcon.colcon_core.package_identification:_identify(src) by extension 'colcon_pkg'
[1.848s] Level 1:colcon.colcon_core.package_identification:_identify(src) by extensions ['colcon_meta']
[1.848s] Level 1:colcon.colcon_core.package_identification:_identify(src) by extension 'colcon_meta'
[1.848s] Level 1:colcon.colcon_core.package_identification:_identify(src) by extensions ['ros']
[1.848s] Level 1:colcon.colcon_core.package_identification:_identify(src) by extension 'ros'
[1.848s] Level 1:colcon.colcon_core.package_identification:_identify(src) by extensions ['cmake', 'python']
[1.849s] Level 1:colcon.colcon_core.package_identification:_identify(src) by extension 'cmake'
[1.849s] Level 1:colcon.colcon_core.package_identification:_identify(src) by extension 'python'
[1.849s] Level 1:colcon.colcon_core.package_identification:_identify(src) by extensions ['python_setup_py']
[1.849s] Level 1:colcon.colcon_core.package_identification:_identify(src) by extension 'python_setup_py'
[1.849s] Level 1:colcon.colcon_core.package_identification:_identify(src/fishbot_application) by extensions ['ignore', 'ignore_ament_install']
[1.849s] Level 1:colcon.colcon_core.package_identification:_identify(src/fishbot_application) by extension 'ignore'
[1.849s] Level 1:colcon.colcon_core.package_identification:_identify(src/fishbot_application) by extension 'ignore_ament_install'
[1.849s] Level 1:colcon.colcon_core.package_identification:_identify(src/fishbot_application) by extensions ['colcon_pkg']
[1.849s] Level 1:colcon.colcon_core.package_identification:_identify(src/fishbot_application) by extension 'colcon_pkg'
[1.849s] Level 1:colcon.colcon_core.package_identification:_identify(src/fishbot_application) by extensions ['colcon_meta']
[1.849s] Level 1:colcon.colcon_core.package_identification:_identify(src/fishbot_application) by extension 'colcon_meta'
[1.850s] Level 1:colcon.colcon_core.package_identification:_identify(src/fishbot_application) by extensions ['ros']
[1.850s] Level 1:colcon.colcon_core.package_identification:_identify(src/fishbot_application) by extension 'ros'
[1.857s] DEBUG:colcon.colcon_core.package_identification:Package 'src/fishbot_application' with type 'ros.ament_python' and name 'fishbot_application'
[1.858s] Level 1:colcon.colcon_core.package_identification:_identify(src/fishbot_description) by extensions ['ignore', 'ignore_ament_install']
[1.858s] Level 1:colcon.colcon_core.package_identification:_identify(src/fishbot_description) by extension 'ignore'
[1.859s] Level 1:colcon.colcon_core.package_identification:_identify(src/fishbot_description) by extension 'ignore_ament_install'
[1.859s] Level 1:colcon.colcon_core.package_identification:_identify(src/fishbot_description) by extensions ['colcon_pkg']
[1.859s] Level 1:colcon.colcon_core.package_identification:_identify(src/fishbot_description) by extension 'colcon_pkg'
[1.859s] Level 1:colcon.colcon_core.package_identification:_identify(src/fishbot_description) by extensions ['colcon_meta']
[1.859s] Level 1:colcon.colcon_core.package_identification:_identify(src/fishbot_description) by extension 'colcon_meta'
[1.859s] Level 1:colcon.colcon_core.package_identification:_identify(src/fishbot_description) by extensions ['ros']
[1.859s] Level 1:colcon.colcon_core.package_identification:_identify(src/fishbot_description) by extension 'ros'
[1.861s] DEBUG:colcon.colcon_core.package_identification:Package 'src/fishbot_description' with type 'ros.ament_cmake' and name 'fishbot_description'
[1.862s] Level 1:colcon.colcon_core.package_identification:_identify(src/fishbot_navigation2) by extensions ['ignore', 'ignore_ament_install']
[1.862s] Level 1:colcon.colcon_core.package_identification:_identify(src/fishbot_navigation2) by extension 'ignore'
[1.862s] Level 1:colcon.colcon_core.package_identification:_identify(src/fishbot_navigation2) by extension 'ignore_ament_install'
[1.863s] Level 1:colcon.colcon_core.package_identification:_identify(src/fishbot_navigation2) by extensions ['colcon_pkg']
[1.863s] Level 1:colcon.colcon_core.package_identification:_identify(src/fishbot_navigation2) by extension 'colcon_pkg'
[1.863s] Level 1:colcon.colcon_core.package_identification:_identify(src/fishbot_navigation2) by extensions ['colcon_meta']
[1.863s] Level 1:colcon.colcon_core.package_identification:_identify(src/fishbot_navigation2) by extension 'colcon_meta'
[1.863s] Level 1:colcon.colcon_core.package_identification:_identify(src/fishbot_navigation2) by extensions ['ros']
[1.863s] Level 1:colcon.colcon_core.package_identification:_identify(src/fishbot_navigation2) by extension 'ros'
[1.865s] DEBUG:colcon.colcon_core.package_identification:Package 'src/fishbot_navigation2' with type 'ros.ament_cmake' and name 'fishbot_navigation2'
[1.865s] Level 1:colcon.colcon_core.package_discovery:discover_packages(recursive) using defaults
[1.865s] Level 1:colcon.colcon_core.package_discovery:discover_packages(ignore) discover
[1.865s] Level 1:colcon.colcon_core.package_discovery:discover_packages(ignore) using defaults
[1.865s] Level 1:colcon.colcon_core.package_discovery:discover_packages(path) discover
[1.865s] Level 1:colcon.colcon_core.package_discovery:discover_packages(path) using defaults
[1.981s] Level 1:colcon.colcon_core.package_discovery:discover_packages(prefix_path) check parameters
[1.981s] Level 1:colcon.colcon_core.package_discovery:discover_packages(prefix_path) discover
[1.990s] WARNING:colcon.colcon_ros.prefix_path.ament:The path '/home/jason/chapt7/chapt7_ws/install/fishbot_navgation2' in the environment variable AMENT_PREFIX_PATH doesn't exist
[1.992s] WARNING:colcon.colcon_ros.prefix_path.catkin:The path '/home/jason/chapt7/chapt7_ws/install/fishbot_navgation2' in the environment variable CMAKE_PREFIX_PATH doesn't exist
[1.997s] DEBUG:colcon.colcon_installed_package_information.package_discovery:Found 3 installed packages in /home/jason/chapt7/chapt7_ws/install
[2.005s] DEBUG:colcon.colcon_installed_package_information.package_discovery:Found 369 installed packages in /opt/ros/humble
[2.011s] Level 1:colcon.colcon_core.package_discovery:discover_packages(prefix_path) using defaults
[2.525s] Level 5:colcon.colcon_core.verb:set package 'fishbot_application' build argument 'cmake_args' from command line to 'None'
[2.525s] Level 5:colcon.colcon_core.verb:set package 'fishbot_application' build argument 'cmake_target' from command line to 'None'
[2.525s] Level 5:colcon.colcon_core.verb:set package 'fishbot_application' build argument 'cmake_target_skip_unavailable' from command line to 'False'
[2.525s] Level 5:colcon.colcon_core.verb:set package 'fishbot_application' build argument 'cmake_clean_cache' from command line to 'False'
[2.525s] Level 5:colcon.colcon_core.verb:set package 'fishbot_application' build argument 'cmake_clean_first' from command line to 'False'
[2.525s] Level 5:colcon.colcon_core.verb:set package 'fishbot_application' build argument 'cmake_force_configure' from command line to 'False'
[2.525s] Level 5:colcon.colcon_core.verb:set package 'fishbot_application' build argument 'ament_cmake_args' from command line to 'None'
[2.525s] Level 5:colcon.colcon_core.verb:set package 'fishbot_application' build argument 'catkin_cmake_args' from command line to 'None'
[2.525s] Level 5:colcon.colcon_core.verb:set package 'fishbot_application' build argument 'catkin_skip_building_tests' from command line to 'False'
[2.525s] DEBUG:colcon.colcon_core.verb:Building package 'fishbot_application' with the following arguments: {'ament_cmake_args': None, 'build_base': '/home/jason/chapt7/chapt7_ws/build/fishbot_application', 'catkin_cmake_args': None, 'catkin_skip_building_tests': False, 'cmake_args': None, 'cmake_clean_cache': False, 'cmake_clean_first': False, 'cmake_force_configure': False, 'cmake_target': None, 'cmake_target_skip_unavailable': False, 'install_base': '/home/jason/chapt7/chapt7_ws/install/fishbot_application', 'merge_install': False, 'path': '/home/jason/chapt7/chapt7_ws/src/fishbot_application', 'symlink_install': False, 'test_result_base': None}
[2.526s] Level 5:colcon.colcon_core.verb:set package 'fishbot_description' build argument 'cmake_args' from command line to 'None'
[2.526s] Level 5:colcon.colcon_core.verb:set package 'fishbot_description' build argument 'cmake_target' from command line to 'None'
[2.526s] Level 5:colcon.colcon_core.verb:set package 'fishbot_description' build argument 'cmake_target_skip_unavailable' from command line to 'False'
[2.526s] Level 5:colcon.colcon_core.verb:set package 'fishbot_description' build argument 'cmake_clean_cache' from command line to 'False'
[2.526s] Level 5:colcon.colcon_core.verb:set package 'fishbot_description' build argument 'cmake_clean_first' from command line to 'False'
[2.526s] Level 5:colcon.colcon_core.verb:set package 'fishbot_description' build argument 'cmake_force_configure' from command line to 'False'
[2.526s] Level 5:colcon.colcon_core.verb:set package 'fishbot_description' build argument 'ament_cmake_args' from command line to 'None'
[2.526s] Level 5:colcon.colcon_core.verb:set package 'fishbot_description' build argument 'catkin_cmake_args' from command line to 'None'
[2.526s] Level 5:colcon.colcon_core.verb:set package 'fishbot_description' build argument 'catkin_skip_building_tests' from command line to 'False'
[2.526s] DEBUG:colcon.colcon_core.verb:Building package 'fishbot_description' with the following arguments: {'ament_cmake_args': None, 'build_base': '/home/jason/chapt7/chapt7_ws/build/fishbot_description', 'catkin_cmake_args': None, 'catkin_skip_building_tests': False, 'cmake_args': None, 'cmake_clean_cache': False, 'cmake_clean_first': False, 'cmake_force_configure': False, 'cmake_target': None, 'cmake_target_skip_unavailable': False, 'install_base': '/home/jason/chapt7/chapt7_ws/install/fishbot_description', 'merge_install': False, 'path': '/home/jason/chapt7/chapt7_ws/src/fishbot_description', 'symlink_install': False, 'test_result_base': None}
[2.526s] Level 5:colcon.colcon_core.verb:set package 'fishbot_navigation2' build argument 'cmake_args' from command line to 'None'
[2.527s] Level 5:colcon.colcon_core.verb:set package 'fishbot_navigation2' build argument 'cmake_target' from command line to 'None'
[2.527s] Level 5:colcon.colcon_core.verb:set package 'fishbot_navigation2' build argument 'cmake_target_skip_unavailable' from command line to 'False'
[2.527s] Level 5:colcon.colcon_core.verb:set package 'fishbot_navigation2' build argument 'cmake_clean_cache' from command line to 'False'
[2.527s] Level 5:colcon.colcon_core.verb:set package 'fishbot_navigation2' build argument 'cmake_clean_first' from command line to 'False'
[2.527s] Level 5:colcon.colcon_core.verb:set package 'fishbot_navigation2' build argument 'cmake_force_configure' from command line to 'False'
[2.527s] Level 5:colcon.colcon_core.verb:set package 'fishbot_navigation2' build argument 'ament_cmake_args' from command line to 'None'
[2.527s] Level 5:colcon.colcon_core.verb:set package 'fishbot_navigation2' build argument 'catkin_cmake_args' from command line to 'None'
[2.527s] Level 5:colcon.colcon_core.verb:set package 'fishbot_navigation2' build argument 'catkin_skip_building_tests' from command line to 'False'
[2.527s] DEBUG:colcon.colcon_core.verb:Building package 'fishbot_navigation2' with the following arguments: {'ament_cmake_args': None, 'build_base': '/home/jason/chapt7/chapt7_ws/build/fishbot_navigation2', 'catkin_cmake_args': None, 'catkin_skip_building_tests': False, 'cmake_args': None, 'cmake_clean_cache': False, 'cmake_clean_first': False, 'cmake_force_configure': False, 'cmake_target': None, 'cmake_target_skip_unavailable': False, 'install_base': '/home/jason/chapt7/chapt7_ws/install/fishbot_navigation2', 'merge_install': False, 'path': '/home/jason/chapt7/chapt7_ws/src/fishbot_navigation2', 'symlink_install': False, 'test_result_base': None}
[2.527s] INFO:colcon.colcon_core.executor:Executing jobs using 'parallel' executor
[2.528s] DEBUG:colcon.colcon_parallel_executor.executor.parallel:run_until_complete
[2.529s] INFO:colcon.colcon_ros.task.ament_python.build:Building ROS package in '/home/jason/chapt7/chapt7_ws/src/fishbot_application' with build type 'ament_python'
[2.530s] Level 1:colcon.colcon_core.shell:create_environment_hook('fishbot_application', 'ament_prefix_path')
[2.545s] INFO:colcon.colcon_core.plugin_system:Skipping extension 'colcon_core.shell.bat': Not used on non-Windows systems
[2.545s] INFO:colcon.colcon_core.shell:Creating environment hook '/home/jason/chapt7/chapt7_ws/install/fishbot_application/share/fishbot_application/hook/ament_prefix_path.ps1'
[2.548s] INFO:colcon.colcon_core.shell:Creating environment descriptor '/home/jason/chapt7/chapt7_ws/install/fishbot_application/share/fishbot_application/hook/ament_prefix_path.dsv'
[2.550s] INFO:colcon.colcon_core.shell:Creating environment hook '/home/jason/chapt7/chapt7_ws/install/fishbot_application/share/fishbot_application/hook/ament_prefix_path.sh'
[2.551s] INFO:colcon.colcon_core.shell:Skip shell extension 'powershell' for command environment: Not usable outside of PowerShell
[2.552s] DEBUG:colcon.colcon_core.shell:Skip shell extension 'dsv' for command environment
[2.560s] INFO:colcon.colcon_ros.task.ament_cmake.build:Building ROS package in '/home/jason/chapt7/chapt7_ws/src/fishbot_description' with build type 'ament_cmake'
[2.560s] INFO:colcon.colcon_cmake.task.cmake.build:Building CMake package in '/home/jason/chapt7/chapt7_ws/src/fishbot_description'
[2.561s] INFO:colcon.colcon_core.shell:Skip shell extension 'powershell' for command environment: Not usable outside of PowerShell
[2.561s] DEBUG:colcon.colcon_core.shell:Skip shell extension 'dsv' for command environment
[2.568s] INFO:colcon.colcon_ros.task.ament_cmake.build:Building ROS package in '/home/jason/chapt7/chapt7_ws/src/fishbot_navigation2' with build type 'ament_cmake'
[2.569s] INFO:colcon.colcon_cmake.task.cmake.build:Building CMake package in '/home/jason/chapt7/chapt7_ws/src/fishbot_navigation2'
[2.570s] INFO:colcon.colcon_core.shell:Skip shell extension 'powershell' for command environment: Not usable outside of PowerShell
[2.570s] DEBUG:colcon.colcon_core.shell:Skip shell extension 'dsv' for command environment
[3.130s] INFO:colcon.colcon_core.task.python.build:Building Python package in '/home/jason/chapt7/chapt7_ws/src/fishbot_application'
[3.131s] INFO:colcon.colcon_core.shell:Skip shell extension 'powershell' for command environment: Not usable outside of PowerShell
[3.131s] DEBUG:colcon.colcon_core.shell:Skip shell extension 'dsv' for command environment
[3.155s] DEBUG:colcon.colcon_core.event_handler.log_command:Invoking command in '/home/jason/chapt7/chapt7_ws/build/fishbot_description': CMAKE_PREFIX_PATH=${CMAKE_PREFIX_PATH}:/home/jason/chapt7/chapt7_ws/install/fishbot_application:/opt/ros/humble /usr/bin/cmake --build /home/jason/chapt7/chapt7_ws/build/fishbot_description -- -j4 -l4
[3.175s] DEBUG:colcon.colcon_core.event_handler.log_command:Invoking command in '/home/jason/chapt7/chapt7_ws/build/fishbot_navigation2': CMAKE_PREFIX_PATH=${CMAKE_PREFIX_PATH}:/home/jason/chapt7/chapt7_ws/install/fishbot_application:/opt/ros/humble /usr/bin/cmake --build /home/jason/chapt7/chapt7_ws/build/fishbot_navigation2 -- -j4 -l4
[3.378s] DEBUG:colcon.colcon_core.event_handler.log_command:Invoked command in '/home/jason/chapt7/chapt7_ws/build/fishbot_navigation2' returned '0': CMAKE_PREFIX_PATH=${CMAKE_PREFIX_PATH}:/home/jason/chapt7/chapt7_ws/install/fishbot_application:/opt/ros/humble /usr/bin/cmake --build /home/jason/chapt7/chapt7_ws/build/fishbot_navigation2 -- -j4 -l4
[3.399s] DEBUG:colcon.colcon_core.event_handler.log_command:Invoking command in '/home/jason/chapt7/chapt7_ws/build/fishbot_navigation2': CMAKE_PREFIX_PATH=${CMAKE_PREFIX_PATH}:/home/jason/chapt7/chapt7_ws/install/fishbot_application:/opt/ros/humble /usr/bin/cmake --install /home/jason/chapt7/chapt7_ws/build/fishbot_navigation2
[3.402s] DEBUG:colcon.colcon_core.event_handler.log_command:Invoked command in '/home/jason/chapt7/chapt7_ws/build/fishbot_description' returned '0': CMAKE_PREFIX_PATH=${CMAKE_PREFIX_PATH}:/home/jason/chapt7/chapt7_ws/install/fishbot_application:/opt/ros/humble /usr/bin/cmake --build /home/jason/chapt7/chapt7_ws/build/fishbot_description -- -j4 -l4
[3.407s] DEBUG:colcon.colcon_core.event_handler.log_command:Invoking command in '/home/jason/chapt7/chapt7_ws/build/fishbot_description': CMAKE_PREFIX_PATH=${CMAKE_PREFIX_PATH}:/home/jason/chapt7/chapt7_ws/install/fishbot_application:/opt/ros/humble /usr/bin/cmake --install /home/jason/chapt7/chapt7_ws/build/fishbot_description
[3.433s] Level 1:colcon.colcon_core.environment:create_environment_scripts_only(fishbot_navigation2)
[3.436s] DEBUG:colcon.colcon_core.event_handler.log_command:Invoked command in '/home/jason/chapt7/chapt7_ws/build/fishbot_navigation2' returned '0': CMAKE_PREFIX_PATH=${CMAKE_PREFIX_PATH}:/home/jason/chapt7/chapt7_ws/install/fishbot_application:/opt/ros/humble /usr/bin/cmake --install /home/jason/chapt7/chapt7_ws/build/fishbot_navigation2
[3.467s] Level 1:colcon.colcon_core.environment:checking '/home/jason/chapt7/chapt7_ws/install/fishbot_navigation2' for CMake module files
[3.468s] Level 1:colcon.colcon_core.environment:checking '/home/jason/chapt7/chapt7_ws/install/fishbot_navigation2' for CMake config files
[3.469s] Level 1:colcon.colcon_core.shell:create_environment_hook('fishbot_navigation2', 'cmake_prefix_path')
[3.469s] INFO:colcon.colcon_core.shell:Creating environment hook '/home/jason/chapt7/chapt7_ws/install/fishbot_navigation2/share/fishbot_navigation2/hook/cmake_prefix_path.ps1'
[3.472s] INFO:colcon.colcon_core.shell:Creating environment descriptor '/home/jason/chapt7/chapt7_ws/install/fishbot_navigation2/share/fishbot_navigation2/hook/cmake_prefix_path.dsv'
[3.473s] INFO:colcon.colcon_core.shell:Creating environment hook '/home/jason/chapt7/chapt7_ws/install/fishbot_navigation2/share/fishbot_navigation2/hook/cmake_prefix_path.sh'
[3.474s] Level 1:colcon.colcon_core.environment:checking '/home/jason/chapt7/chapt7_ws/install/fishbot_navigation2/bin'
[3.474s] Level 1:colcon.colcon_core.environment:checking '/home/jason/chapt7/chapt7_ws/install/fishbot_navigation2/lib/pkgconfig/fishbot_navigation2.pc'
[3.475s] Level 1:colcon.colcon_core.environment:checking '/home/jason/chapt7/chapt7_ws/install/fishbot_navigation2/lib/python3.10/site-packages'
[3.475s] Level 1:colcon.colcon_core.environment:checking '/home/jason/chapt7/chapt7_ws/install/fishbot_navigation2/bin'
[3.476s] INFO:colcon.colcon_core.shell:Creating package script '/home/jason/chapt7/chapt7_ws/install/fishbot_navigation2/share/fishbot_navigation2/package.ps1'
[3.480s] INFO:colcon.colcon_core.shell:Creating package descriptor '/home/jason/chapt7/chapt7_ws/install/fishbot_navigation2/share/fishbot_navigation2/package.dsv'
[3.481s] INFO:colcon.colcon_core.shell:Creating package script '/home/jason/chapt7/chapt7_ws/install/fishbot_navigation2/share/fishbot_navigation2/package.sh'
[3.483s] INFO:colcon.colcon_core.shell:Creating package script '/home/jason/chapt7/chapt7_ws/install/fishbot_navigation2/share/fishbot_navigation2/package.bash'
[3.485s] INFO:colcon.colcon_core.shell:Creating package script '/home/jason/chapt7/chapt7_ws/install/fishbot_navigation2/share/fishbot_navigation2/package.zsh'
[3.486s] Level 1:colcon.colcon_core.environment:create_file_with_runtime_dependencies(/home/jason/chapt7/chapt7_ws/install/fishbot_navigation2/share/colcon-core/packages/fishbot_navigation2)
[3.488s] Level 1:colcon.colcon_core.environment:create_environment_scripts_only(fishbot_navigation2)
[3.489s] Level 1:colcon.colcon_core.environment:checking '/home/jason/chapt7/chapt7_ws/install/fishbot_navigation2' for CMake module files
[3.489s] Level 1:colcon.colcon_core.environment:checking '/home/jason/chapt7/chapt7_ws/install/fishbot_navigation2' for CMake config files
[3.490s] Level 1:colcon.colcon_core.shell:create_environment_hook('fishbot_navigation2', 'cmake_prefix_path')
[3.490s] INFO:colcon.colcon_core.shell:Creating environment hook '/home/jason/chapt7/chapt7_ws/install/fishbot_navigation2/share/fishbot_navigation2/hook/cmake_prefix_path.ps1'
[3.491s] INFO:colcon.colcon_core.shell:Creating environment descriptor '/home/jason/chapt7/chapt7_ws/install/fishbot_navigation2/share/fishbot_navigation2/hook/cmake_prefix_path.dsv'
[3.492s] INFO:colcon.colcon_core.shell:Creating environment hook '/home/jason/chapt7/chapt7_ws/install/fishbot_navigation2/share/fishbot_navigation2/hook/cmake_prefix_path.sh'
[3.493s] Level 1:colcon.colcon_core.environment:checking '/home/jason/chapt7/chapt7_ws/install/fishbot_navigation2/bin'
[3.494s] Level 1:colcon.colcon_core.environment:checking '/home/jason/chapt7/chapt7_ws/install/fishbot_navigation2/lib/pkgconfig/fishbot_navigation2.pc'
[3.494s] Level 1:colcon.colcon_core.environment:checking '/home/jason/chapt7/chapt7_ws/install/fishbot_navigation2/lib/python3.10/site-packages'
[3.494s] Level 1:colcon.colcon_core.environment:checking '/home/jason/chapt7/chapt7_ws/install/fishbot_navigation2/bin'
[3.495s] INFO:colcon.colcon_core.shell:Creating package script '/home/jason/chapt7/chapt7_ws/install/fishbot_navigation2/share/fishbot_navigation2/package.ps1'
[3.496s] INFO:colcon.colcon_core.shell:Creating package descriptor '/home/jason/chapt7/chapt7_ws/install/fishbot_navigation2/share/fishbot_navigation2/package.dsv'
[3.497s] INFO:colcon.colcon_core.shell:Creating package script '/home/jason/chapt7/chapt7_ws/install/fishbot_navigation2/share/fishbot_navigation2/package.sh'
[3.498s] INFO:colcon.colcon_core.shell:Creating package script '/home/jason/chapt7/chapt7_ws/install/fishbot_navigation2/share/fishbot_navigation2/package.bash'
[3.499s] INFO:colcon.colcon_core.shell:Creating package script '/home/jason/chapt7/chapt7_ws/install/fishbot_navigation2/share/fishbot_navigation2/package.zsh'
[3.500s] Level 1:colcon.colcon_core.environment:create_file_with_runtime_dependencies(/home/jason/chapt7/chapt7_ws/install/fishbot_navigation2/share/colcon-core/packages/fishbot_navigation2)
[3.503s] Level 1:colcon.colcon_core.environment:create_environment_scripts_only(fishbot_description)
[3.504s] Level 1:colcon.colcon_core.environment:checking '/home/jason/chapt7/chapt7_ws/install/fishbot_description' for CMake module files
[3.507s] DEBUG:colcon.colcon_core.event_handler.log_command:Invoked command in '/home/jason/chapt7/chapt7_ws/build/fishbot_description' returned '0': CMAKE_PREFIX_PATH=${CMAKE_PREFIX_PATH}:/home/jason/chapt7/chapt7_ws/install/fishbot_application:/opt/ros/humble /usr/bin/cmake --install /home/jason/chapt7/chapt7_ws/build/fishbot_description
[3.508s] Level 1:colcon.colcon_core.environment:checking '/home/jason/chapt7/chapt7_ws/install/fishbot_description' for CMake config files
[3.518s] Level 1:colcon.colcon_core.shell:create_environment_hook('fishbot_description', 'cmake_prefix_path')
[3.518s] INFO:colcon.colcon_core.shell:Creating environment hook '/home/jason/chapt7/chapt7_ws/install/fishbot_description/share/fishbot_description/hook/cmake_prefix_path.ps1'
[3.519s] INFO:colcon.colcon_core.shell:Creating environment descriptor '/home/jason/chapt7/chapt7_ws/install/fishbot_description/share/fishbot_description/hook/cmake_prefix_path.dsv'
[3.520s] INFO:colcon.colcon_core.shell:Creating environment hook '/home/jason/chapt7/chapt7_ws/install/fishbot_description/share/fishbot_description/hook/cmake_prefix_path.sh'
[3.522s] Level 1:colcon.colcon_core.environment:checking '/home/jason/chapt7/chapt7_ws/install/fishbot_description/bin'
[3.522s] Level 1:colcon.colcon_core.environment:checking '/home/jason/chapt7/chapt7_ws/install/fishbot_description/lib/pkgconfig/fishbot_description.pc'
[3.523s] Level 1:colcon.colcon_core.environment:checking '/home/jason/chapt7/chapt7_ws/install/fishbot_description/lib/python3.10/site-packages'
[3.523s] Level 1:colcon.colcon_core.environment:checking '/home/jason/chapt7/chapt7_ws/install/fishbot_description/bin'
[3.524s] INFO:colcon.colcon_core.shell:Creating package script '/home/jason/chapt7/chapt7_ws/install/fishbot_description/share/fishbot_description/package.ps1'
[3.525s] INFO:colcon.colcon_core.shell:Creating package descriptor '/home/jason/chapt7/chapt7_ws/install/fishbot_description/share/fishbot_description/package.dsv'
[3.527s] INFO:colcon.colcon_core.shell:Creating package script '/home/jason/chapt7/chapt7_ws/install/fishbot_description/share/fishbot_description/package.sh'
[3.530s] INFO:colcon.colcon_core.shell:Creating package script '/home/jason/chapt7/chapt7_ws/install/fishbot_description/share/fishbot_description/package.bash'
[3.531s] INFO:colcon.colcon_core.shell:Creating package script '/home/jason/chapt7/chapt7_ws/install/fishbot_description/share/fishbot_description/package.zsh'
[3.533s] Level 1:colcon.colcon_core.environment:create_file_with_runtime_dependencies(/home/jason/chapt7/chapt7_ws/install/fishbot_description/share/colcon-core/packages/fishbot_description)
[3.534s] Level 1:colcon.colcon_core.environment:create_environment_scripts_only(fishbot_description)
[3.534s] Level 1:colcon.colcon_core.environment:checking '/home/jason/chapt7/chapt7_ws/install/fishbot_description' for CMake module files
[3.536s] Level 1:colcon.colcon_core.environment:checking '/home/jason/chapt7/chapt7_ws/install/fishbot_description' for CMake config files
[3.537s] Level 1:colcon.colcon_core.shell:create_environment_hook('fishbot_description', 'cmake_prefix_path')
[3.538s] INFO:colcon.colcon_core.shell:Creating environment hook '/home/jason/chapt7/chapt7_ws/install/fishbot_description/share/fishbot_description/hook/cmake_prefix_path.ps1'
[3.543s] INFO:colcon.colcon_core.shell:Creating environment descriptor '/home/jason/chapt7/chapt7_ws/install/fishbot_description/share/fishbot_description/hook/cmake_prefix_path.dsv'
[3.544s] INFO:colcon.colcon_core.shell:Creating environment hook '/home/jason/chapt7/chapt7_ws/install/fishbot_description/share/fishbot_description/hook/cmake_prefix_path.sh'
[3.547s] Level 1:colcon.colcon_core.environment:checking '/home/jason/chapt7/chapt7_ws/install/fishbot_description/bin'
[3.547s] Level 1:colcon.colcon_core.environment:checking '/home/jason/chapt7/chapt7_ws/install/fishbot_description/lib/pkgconfig/fishbot_description.pc'
[3.548s] Level 1:colcon.colcon_core.environment:checking '/home/jason/chapt7/chapt7_ws/install/fishbot_description/lib/python3.10/site-packages'
[3.548s] Level 1:colcon.colcon_core.environment:checking '/home/jason/chapt7/chapt7_ws/install/fishbot_description/bin'
[3.549s] INFO:colcon.colcon_core.shell:Creating package script '/home/jason/chapt7/chapt7_ws/install/fishbot_description/share/fishbot_description/package.ps1'
[3.551s] INFO:colcon.colcon_core.shell:Creating package descriptor '/home/jason/chapt7/chapt7_ws/install/fishbot_description/share/fishbot_description/package.dsv'
[3.552s] INFO:colcon.colcon_core.shell:Creating package script '/home/jason/chapt7/chapt7_ws/install/fishbot_description/share/fishbot_description/package.sh'
[3.553s] INFO:colcon.colcon_core.shell:Creating package script '/home/jason/chapt7/chapt7_ws/install/fishbot_description/share/fishbot_description/package.bash'
[3.555s] INFO:colcon.colcon_core.shell:Creating package script '/home/jason/chapt7/chapt7_ws/install/fishbot_description/share/fishbot_description/package.zsh'
[3.556s] Level 1:colcon.colcon_core.environment:create_file_with_runtime_dependencies(/home/jason/chapt7/chapt7_ws/install/fishbot_description/share/colcon-core/packages/fishbot_description)
[4.148s] DEBUG:colcon.colcon_core.event_handler.log_command:Invoking command in '/home/jason/chapt7/chapt7_ws/src/fishbot_application': PYTHONPATH=/home/jason/chapt7/chapt7_ws/build/fishbot_application/prefix_override:/usr/lib/python3/dist-packages/colcon_core/task/python/colcon_distutils_commands:/home/jason/chapt7/chapt7_ws/install/fishbot_application/lib/python3.10/site-packages:${PYTHONPATH} /usr/bin/python3 -W ignore:setup.py install is deprecated -W ignore:easy_install command is deprecated setup.py egg_info --egg-base ../../build/fishbot_application build --build-base /home/jason/chapt7/chapt7_ws/build/fishbot_application/build install --record /home/jason/chapt7/chapt7_ws/build/fishbot_application/install.log --single-version-externally-managed install_data
[4.630s] Level 1:colcon.colcon_core.environment:checking '/home/jason/chapt7/chapt7_ws/install/fishbot_application' for CMake module files
[4.631s] DEBUG:colcon.colcon_core.event_handler.log_command:Invoked command in '/home/jason/chapt7/chapt7_ws/src/fishbot_application' returned '0': PYTHONPATH=/home/jason/chapt7/chapt7_ws/build/fishbot_application/prefix_override:/usr/lib/python3/dist-packages/colcon_core/task/python/colcon_distutils_commands:/home/jason/chapt7/chapt7_ws/install/fishbot_application/lib/python3.10/site-packages:${PYTHONPATH} /usr/bin/python3 -W ignore:setup.py install is deprecated -W ignore:easy_install command is deprecated setup.py egg_info --egg-base ../../build/fishbot_application build --build-base /home/jason/chapt7/chapt7_ws/build/fishbot_application/build install --record /home/jason/chapt7/chapt7_ws/build/fishbot_application/install.log --single-version-externally-managed install_data
[4.632s] Level 1:colcon.colcon_core.environment:checking '/home/jason/chapt7/chapt7_ws/install/fishbot_application' for CMake config files
[4.636s] Level 1:colcon.colcon_core.environment:checking '/home/jason/chapt7/chapt7_ws/install/fishbot_application/lib'
[4.637s] Level 1:colcon.colcon_core.environment:checking '/home/jason/chapt7/chapt7_ws/install/fishbot_application/bin'
[4.637s] Level 1:colcon.colcon_core.environment:checking '/home/jason/chapt7/chapt7_ws/install/fishbot_application/lib/pkgconfig/fishbot_application.pc'
[4.638s] Level 1:colcon.colcon_core.environment:checking '/home/jason/chapt7/chapt7_ws/install/fishbot_application/lib/python3.10/site-packages'
[4.638s] Level 1:colcon.colcon_core.shell:create_environment_hook('fishbot_application', 'pythonpath')
[4.638s] INFO:colcon.colcon_core.shell:Creating environment hook '/home/jason/chapt7/chapt7_ws/install/fishbot_application/share/fishbot_application/hook/pythonpath.ps1'
[4.639s] INFO:colcon.colcon_core.shell:Creating environment descriptor '/home/jason/chapt7/chapt7_ws/install/fishbot_application/share/fishbot_application/hook/pythonpath.dsv'
[4.640s] INFO:colcon.colcon_core.shell:Creating environment hook '/home/jason/chapt7/chapt7_ws/install/fishbot_application/share/fishbot_application/hook/pythonpath.sh'
[4.641s] Level 1:colcon.colcon_core.environment:checking '/home/jason/chapt7/chapt7_ws/install/fishbot_application/bin'
[4.641s] Level 1:colcon.colcon_core.environment:create_environment_scripts_only(fishbot_application)
[4.641s] INFO:colcon.colcon_core.shell:Creating package script '/home/jason/chapt7/chapt7_ws/install/fishbot_application/share/fishbot_application/package.ps1'
[4.642s] INFO:colcon.colcon_core.shell:Creating package descriptor '/home/jason/chapt7/chapt7_ws/install/fishbot_application/share/fishbot_application/package.dsv'
[4.643s] INFO:colcon.colcon_core.shell:Creating package script '/home/jason/chapt7/chapt7_ws/install/fishbot_application/share/fishbot_application/package.sh'
[4.644s] INFO:colcon.colcon_core.shell:Creating package script '/home/jason/chapt7/chapt7_ws/install/fishbot_application/share/fishbot_application/package.bash'
[4.645s] INFO:colcon.colcon_core.shell:Creating package script '/home/jason/chapt7/chapt7_ws/install/fishbot_application/share/fishbot_application/package.zsh'
[4.646s] Level 1:colcon.colcon_core.environment:create_file_with_runtime_dependencies(/home/jason/chapt7/chapt7_ws/install/fishbot_application/share/colcon-core/packages/fishbot_application)
[4.648s] DEBUG:colcon.colcon_parallel_executor.executor.parallel:closing loop
[4.649s] DEBUG:colcon.colcon_parallel_executor.executor.parallel:loop closed
[4.650s] DEBUG:colcon.colcon_parallel_executor.executor.parallel:run_until_complete finished with '0'
[4.651s] DEBUG:colcon.colcon_core.event_reactor:joining thread
[4.695s] INFO:colcon.colcon_core.plugin_system:Skipping extension 'colcon_notification.desktop_notification.notify_send': Could not find 'notify-send'
[4.695s] INFO:colcon.colcon_core.plugin_system:Skipping extension 'colcon_notification.desktop_notification.terminal_notifier': Not used on non-Darwin systems
[4.695s] INFO:colcon.colcon_core.plugin_system:Skipping extension 'colcon_notification.desktop_notification.win32': Not used on non-Windows systems
[4.695s] INFO:colcon.colcon_notification.desktop_notification:Sending desktop notification using 'notify2'
[4.698s] DEBUG:colcon.colcon_notification.desktop_notification.notify2:Failed to initialize notify2: org.freedesktop.DBus.Error.ServiceUnknown: The name org.freedesktop.Notifications was not provided by any .service files
[4.698s] DEBUG:colcon.colcon_core.event_reactor:joined thread
[4.699s] INFO:colcon.colcon_core.shell:Creating prefix script '/home/jason/chapt7/chapt7_ws/install/local_setup.ps1'
[4.701s] INFO:colcon.colcon_core.shell:Creating prefix util module '/home/jason/chapt7/chapt7_ws/install/_local_setup_util_ps1.py'
[4.704s] INFO:colcon.colcon_core.shell:Creating prefix chain script '/home/jason/chapt7/chapt7_ws/install/setup.ps1'
[4.706s] INFO:colcon.colcon_core.shell:Creating prefix script '/home/jason/chapt7/chapt7_ws/install/local_setup.sh'
[4.708s] INFO:colcon.colcon_core.shell:Creating prefix util module '/home/jason/chapt7/chapt7_ws/install/_local_setup_util_sh.py'
[4.709s] INFO:colcon.colcon_core.shell:Creating prefix chain script '/home/jason/chapt7/chapt7_ws/install/setup.sh'
[4.711s] INFO:colcon.colcon_core.shell:Creating prefix script '/home/jason/chapt7/chapt7_ws/install/local_setup.bash'
[4.712s] INFO:colcon.colcon_core.shell:Creating prefix chain script '/home/jason/chapt7/chapt7_ws/install/setup.bash'
[4.714s] INFO:colcon.colcon_core.shell:Creating prefix script '/home/jason/chapt7/chapt7_ws/install/local_setup.zsh'
[4.717s] INFO:colcon.colcon_core.shell:Creating prefix chain script '/home/jason/chapt7/chapt7_ws/install/setup.zsh'
