[0.604s] Invoking command in '/home/jason/chapt6_ws/fishbot_description/build/fishbot_description': CMAKE_PREFIX_PATH=/opt/ros/humble /usr/bin/cmake /home/jason/chapt6_ws/fishbot_description -DCMAKE_INSTALL_PREFIX=/home/jason/chapt6_ws/fishbot_description/install/fishbot_description
[4.061s] -- The C compiler identification is GNU 11.4.0
[8.239s] -- The CXX compiler identification is GNU 11.4.0
[8.701s] -- Detecting C compiler ABI info
[12.894s] -- Detecting C compiler ABI info - done
[13.042s] -- Check for working C compiler: /usr/bin/cc - skipped
[13.063s] -- Detecting C compile features
[13.076s] -- Detecting C compile features - done
[13.142s] -- Detecting CXX compiler ABI info
[17.325s] -- Detecting CXX compiler ABI info - done
[17.602s] -- Check for working CXX compiler: /usr/bin/c++ - skipped
[17.657s] -- Detecting CXX compile features
[17.673s] -- Detecting CXX compile features - done
[18.167s] -- Found ament_cmake: 1.3.12 (/opt/ros/humble/share/ament_cmake/cmake)
[23.539s] -- Found Python3: /usr/bin/python3 (found version "3.10.12") found components: Interpreter 
[26.361s] -- Found ament_lint_auto: 0.12.14 (/opt/ros/humble/share/ament_lint_auto/cmake)
[29.306s] -- Added test 'cppcheck' to perform static code analysis on C / C++ code
[29.308s] -- Configured cppcheck include dirs: 
[29.317s] -- Configured cppcheck exclude dirs and/or files: 
[29.431s] -- Added test 'flake8' to check Python code syntax and style conventions
[29.649s] -- Added test 'lint_cmake' to check CMake code style
[29.684s] -- Added test 'pep257' to check Python code against some of the docstring style conventions in PEP 257
[30.286s] -- Added test 'uncrustify' to check C / C++ code style
[30.295s] -- Configured uncrustify additional arguments: 
[30.396s] -- Added test 'xmllint' to check XML markup files
[30.505s] -- Configuring done
[30.758s] -- Generating done
[30.886s] -- Build files have been written to: /home/jason/chapt6_ws/fishbot_description/build/fishbot_description
[31.113s] Invoked command in '/home/jason/chapt6_ws/fishbot_description/build/fishbot_description' returned '0': CMAKE_PREFIX_PATH=/opt/ros/humble /usr/bin/cmake /home/jason/chapt6_ws/fishbot_description -DCMAKE_INSTALL_PREFIX=/home/jason/chapt6_ws/fishbot_description/install/fishbot_description
[31.261s] Invoking command in '/home/jason/chapt6_ws/fishbot_description/build/fishbot_description': CMAKE_PREFIX_PATH=/opt/ros/humble /usr/bin/cmake --build /home/jason/chapt6_ws/fishbot_description/build/fishbot_description -- -j2 -l2
[32.858s] Invoked command in '/home/jason/chapt6_ws/fishbot_description/build/fishbot_description' returned '0': CMAKE_PREFIX_PATH=/opt/ros/humble /usr/bin/cmake --build /home/jason/chapt6_ws/fishbot_description/build/fishbot_description -- -j2 -l2
[33.116s] Invoking command in '/home/jason/chapt6_ws/fishbot_description/build/fishbot_description': CMAKE_PREFIX_PATH=/opt/ros/humble /usr/bin/cmake --install /home/jason/chapt6_ws/fishbot_description/build/fishbot_description
[33.420s] -- Install configuration: ""
[33.424s] -- Installing: /home/jason/chapt6_ws/fishbot_description/install/fishbot_description/share/fishbot_description/launch
[33.426s] -- Installing: /home/jason/chapt6_ws/fishbot_description/install/fishbot_description/share/fishbot_description/launch/display_robot.launch.py
[33.428s] -- Installing: /home/jason/chapt6_ws/fishbot_description/install/fishbot_description/share/fishbot_description/urdf
[33.430s] -- Installing: /home/jason/chapt6_ws/fishbot_description/install/fishbot_description/share/fishbot_description/urdf/first_robot.urdf
[33.458s] -- Installing: /home/jason/chapt6_ws/fishbot_description/install/fishbot_description/share/ament_index/resource_index/package_run_dependencies/fishbot_description
[33.467s] -- Installing: /home/jason/chapt6_ws/fishbot_description/install/fishbot_description/share/ament_index/resource_index/parent_prefix_path/fishbot_description
[33.475s] -- Installing: /home/jason/chapt6_ws/fishbot_description/install/fishbot_description/share/fishbot_description/environment/ament_prefix_path.sh
[33.576s] -- Installing: /home/jason/chapt6_ws/fishbot_description/install/fishbot_description/share/fishbot_description/environment/ament_prefix_path.dsv
[33.598s] -- Installing: /home/jason/chapt6_ws/fishbot_description/install/fishbot_description/share/fishbot_description/environment/path.sh
[33.602s] -- Installing: /home/jason/chapt6_ws/fishbot_description/install/fishbot_description/share/fishbot_description/environment/path.dsv
[33.603s] -- Installing: /home/jason/chapt6_ws/fishbot_description/install/fishbot_description/share/fishbot_description/local_setup.bash
[33.609s] -- Installing: /home/jason/chapt6_ws/fishbot_description/install/fishbot_description/share/fishbot_description/local_setup.sh
[33.620s] -- Installing: /home/jason/chapt6_ws/fishbot_description/install/fishbot_description/share/fishbot_description/local_setup.zsh
[33.621s] -- Installing: /home/jason/chapt6_ws/fishbot_description/install/fishbot_description/share/fishbot_description/local_setup.dsv
[33.655s] -- Installing: /home/jason/chapt6_ws/fishbot_description/install/fishbot_description/share/fishbot_description/package.dsv
[33.665s] -- Installing: /home/jason/chapt6_ws/fishbot_description/install/fishbot_description/share/ament_index/resource_index/packages/fishbot_description
[33.670s] -- Installing: /home/jason/chapt6_ws/fishbot_description/install/fishbot_description/share/fishbot_description/cmake/fishbot_descriptionConfig.cmake
[33.673s] -- Installing: /home/jason/chapt6_ws/fishbot_description/install/fishbot_description/share/fishbot_description/cmake/fishbot_descriptionConfig-version.cmake
[33.681s] -- Installing: /home/jason/chapt6_ws/fishbot_description/install/fishbot_description/share/fishbot_description/package.xml
[33.779s] Invoked command in '/home/jason/chapt6_ws/fishbot_description/build/fishbot_description' returned '0': CMAKE_PREFIX_PATH=/opt/ros/humble /usr/bin/cmake --install /home/jason/chapt6_ws/fishbot_description/build/fishbot_description
