[3.192s] Invoking command in '/home/jason/chapt7/chapt7_ws/src/fishbot_application': PYTHONPATH=/home/jason/chapt7/chapt7_ws/build/fishbot_application/prefix_override:/usr/lib/python3/dist-packages/colcon_core/task/python/colcon_distutils_commands:/home/jason/chapt7/chapt7_ws/install/fishbot_application/lib/python3.10/site-packages:${PYTHONPATH} /usr/bin/python3 -W ignore:setup.py install is deprecated -W ignore:easy_install command is deprecated setup.py egg_info --egg-base ../../build/fishbot_application build --build-base /home/jason/chapt7/chapt7_ws/build/fishbot_application/build install --record /home/jason/chapt7/chapt7_ws/build/fishbot_application/install.log --single-version-externally-managed install_data
[4.195s] running egg_info
[4.196s] writing ../../build/fishbot_application/fishbot_application.egg-info/PKG-INFO
[4.196s] writing dependency_links to ../../build/fishbot_application/fishbot_application.egg-info/dependency_links.txt
[4.196s] writing entry points to ../../build/fishbot_application/fishbot_application.egg-info/entry_points.txt
[4.197s] writing requirements to ../../build/fishbot_application/fishbot_application.egg-info/requires.txt
[4.197s] writing top-level names to ../../build/fishbot_application/fishbot_application.egg-info/top_level.txt
[4.211s] reading manifest file '../../build/fishbot_application/fishbot_application.egg-info/SOURCES.txt'
[4.215s] writing manifest file '../../build/fishbot_application/fishbot_application.egg-info/SOURCES.txt'
[4.216s] running build
[4.217s] running build_py
[4.218s] running install
[4.218s] running install_lib
[4.222s] running install_data
[4.223s] copying package.xml -> /home/jason/chapt7/chapt7_ws/install/fishbot_application/share/fishbot_application
[4.223s] running install_egg_info
[4.237s] removing '/home/jason/chapt7/chapt7_ws/install/fishbot_application/lib/python3.10/site-packages/fishbot_application-0.0.0-py3.10.egg-info' (and everything under it)
[4.242s] Copying ../../build/fishbot_application/fishbot_application.egg-info to /home/jason/chapt7/chapt7_ws/install/fishbot_application/lib/python3.10/site-packages/fishbot_application-0.0.0-py3.10.egg-info
[4.243s] running install_scripts
[4.333s] Installing get_robot_pose script to /home/jason/chapt7/chapt7_ws/install/fishbot_application/lib/fishbot_application
[4.333s] Installing init_robot_pose script to /home/jason/chapt7/chapt7_ws/install/fishbot_application/lib/fishbot_application
[4.335s] writing list of installed files to '/home/jason/chapt7/chapt7_ws/build/fishbot_application/install.log'
[4.411s] Invoked command in '/home/jason/chapt7/chapt7_ws/src/fishbot_application' returned '0': PYTHONPATH=/home/jason/chapt7/chapt7_ws/build/fishbot_application/prefix_override:/usr/lib/python3/dist-packages/colcon_core/task/python/colcon_distutils_commands:/home/jason/chapt7/chapt7_ws/install/fishbot_application/lib/python3.10/site-packages:${PYTHONPATH} /usr/bin/python3 -W ignore:setup.py install is deprecated -W ignore:easy_install command is deprecated setup.py egg_info --egg-base ../../build/fishbot_application build --build-base /home/jason/chapt7/chapt7_ws/build/fishbot_application/build install --record /home/jason/chapt7/chapt7_ws/build/fishbot_application/install.log --single-version-externally-managed install_data
