[3.406s] Invoking command in '/home/jason/chapt7/chapt7_ws/src/fishbot_application': PYTHONPATH=/home/jason/chapt7/chapt7_ws/build/fishbot_application/prefix_override:/usr/lib/python3/dist-packages/colcon_core/task/python/colcon_distutils_commands:/home/jason/chapt7/chapt7_ws/install/fishbot_application/lib/python3.10/site-packages:${PYTHONPATH} /usr/bin/python3 -W ignore:setup.py install is deprecated -W ignore:easy_install command is deprecated setup.py egg_info --egg-base ../../build/fishbot_application build --build-base /home/jason/chapt7/chapt7_ws/build/fishbot_application/build install --record /home/jason/chapt7/chapt7_ws/build/fishbot_application/install.log --single-version-externally-managed install_data
[4.335s] running egg_info
[4.342s] writing ../../build/fishbot_application/fishbot_application.egg-info/PKG-INFO
[4.347s] writing dependency_links to ../../build/fishbot_application/fishbot_application.egg-info/dependency_links.txt
[4.347s] writing entry points to ../../build/fishbot_application/fishbot_application.egg-info/entry_points.txt
[4.347s] writing requirements to ../../build/fishbot_application/fishbot_application.egg-info/requires.txt
[4.348s] writing top-level names to ../../build/fishbot_application/fishbot_application.egg-info/top_level.txt
[4.353s] reading manifest file '../../build/fishbot_application/fishbot_application.egg-info/SOURCES.txt'
[4.358s] writing manifest file '../../build/fishbot_application/fishbot_application.egg-info/SOURCES.txt'
[4.362s] running build
[4.362s] running build_py
[4.362s] running install
[4.365s] running install_lib
[4.370s] running install_data
[4.374s] copying package.xml -> /home/jason/chapt7/chapt7_ws/install/fishbot_application/share/fishbot_application
[4.375s] running install_egg_info
[4.377s] removing '/home/jason/chapt7/chapt7_ws/install/fishbot_application/lib/python3.10/site-packages/fishbot_application-0.0.0-py3.10.egg-info' (and everything under it)
[4.379s] Copying ../../build/fishbot_application/fishbot_application.egg-info to /home/jason/chapt7/chapt7_ws/install/fishbot_application/lib/python3.10/site-packages/fishbot_application-0.0.0-py3.10.egg-info
[4.398s] running install_scripts
[4.462s] Installing init_robot_pose script to /home/jason/chapt7/chapt7_ws/install/fishbot_application/lib/fishbot_application
[4.466s] writing list of installed files to '/home/jason/chapt7/chapt7_ws/build/fishbot_application/install.log'
[4.546s] Invoked command in '/home/jason/chapt7/chapt7_ws/src/fishbot_application' returned '0': PYTHONPATH=/home/jason/chapt7/chapt7_ws/build/fishbot_application/prefix_override:/usr/lib/python3/dist-packages/colcon_core/task/python/colcon_distutils_commands:/home/jason/chapt7/chapt7_ws/install/fishbot_application/lib/python3.10/site-packages:${PYTHONPATH} /usr/bin/python3 -W ignore:setup.py install is deprecated -W ignore:easy_install command is deprecated setup.py egg_info --egg-base ../../build/fishbot_application build --build-base /home/jason/chapt7/chapt7_ws/build/fishbot_application/build install --record /home/jason/chapt7/chapt7_ws/build/fishbot_application/install.log --single-version-externally-managed install_data
