[0.058s] Invoking command in '/home/jason/chapt7/chapt7_ws/build/fishbot_navgation2': CMAKE_PREFIX_PATH=${CMAKE_PREFIX_PATH}:/opt/ros/humble /usr/bin/cmake --build /home/jason/chapt7/chapt7_ws/build/fishbot_navgation2 -- -j4 -l4
[0.259s] -- Found ament_cmake: 1.3.12 (/opt/ros/humble/share/ament_cmake/cmake)
[0.952s] -- Found ament_lint_auto: 0.12.14 (/opt/ros/humble/share/ament_lint_auto/cmake)
[1.206s] -- Added test 'flake8' to check Python code syntax and style conventions
[1.209s] -- Added test 'lint_cmake' to check CMake code style
[1.212s] -- Added test 'pep257' to check Python code against some of the docstring style conventions in PEP 257
[1.218s] -- Added test 'xmllint' to check XML markup files
[1.225s] -- Configuring done
[1.271s] -- Generating done
[1.276s] -- Build files have been written to: /home/jason/chapt7/chapt7_ws/build/fishbot_navgation2
[1.353s] Invoked command in '/home/jason/chapt7/chapt7_ws/build/fishbot_navgation2' returned '0': CMAKE_PREFIX_PATH=${CMAKE_PREFIX_PATH}:/opt/ros/humble /usr/bin/cmake --build /home/jason/chapt7/chapt7_ws/build/fishbot_navgation2 -- -j4 -l4
[1.355s] Invoking command in '/home/jason/chapt7/chapt7_ws/build/fishbot_navgation2': CMAKE_PREFIX_PATH=${CMAKE_PREFIX_PATH}:/opt/ros/humble /usr/bin/cmake --install /home/jason/chapt7/chapt7_ws/build/fishbot_navgation2
[1.365s] -- Install configuration: ""
[1.367s] -- Installing: /home/jason/chapt7/chapt7_ws/install/fishbot_navgation2/share/fishbot_navgation2/maps
[1.368s] -- Installing: /home/jason/chapt7/chapt7_ws/install/fishbot_navgation2/share/fishbot_navgation2/maps/room.yaml
[1.369s] -- Installing: /home/jason/chapt7/chapt7_ws/install/fishbot_navgation2/share/fishbot_navgation2/maps/room.pgm
[1.371s] -- Installing: /home/jason/chapt7/chapt7_ws/install/fishbot_navgation2/share/fishbot_navgation2/config
[1.372s] -- Installing: /home/jason/chapt7/chapt7_ws/install/fishbot_navgation2/share/fishbot_navgation2/config/nav2_params.yaml
[1.373s] -- Installing: /home/jason/chapt7/chapt7_ws/install/fishbot_navgation2/share/fishbot_navgation2/launch
[1.383s] -- Installing: /home/jason/chapt7/chapt7_ws/install/fishbot_navgation2/share/fishbot_navgation2/launch/navigation2.launch.py
[1.383s] -- Up-to-date: /home/jason/chapt7/chapt7_ws/install/fishbot_navgation2/share/ament_index/resource_index/package_run_dependencies/fishbot_navgation2
[1.384s] -- Up-to-date: /home/jason/chapt7/chapt7_ws/install/fishbot_navgation2/share/ament_index/resource_index/parent_prefix_path/fishbot_navgation2
[1.384s] -- Up-to-date: /home/jason/chapt7/chapt7_ws/install/fishbot_navgation2/share/fishbot_navgation2/environment/ament_prefix_path.sh
[1.384s] -- Installing: /home/jason/chapt7/chapt7_ws/install/fishbot_navgation2/share/fishbot_navgation2/environment/ament_prefix_path.dsv
[1.384s] -- Up-to-date: /home/jason/chapt7/chapt7_ws/install/fishbot_navgation2/share/fishbot_navgation2/environment/path.sh
[1.384s] -- Installing: /home/jason/chapt7/chapt7_ws/install/fishbot_navgation2/share/fishbot_navgation2/environment/path.dsv
[1.384s] -- Up-to-date: /home/jason/chapt7/chapt7_ws/install/fishbot_navgation2/share/fishbot_navgation2/local_setup.bash
[1.385s] -- Up-to-date: /home/jason/chapt7/chapt7_ws/install/fishbot_navgation2/share/fishbot_navgation2/local_setup.sh
[1.385s] -- Up-to-date: /home/jason/chapt7/chapt7_ws/install/fishbot_navgation2/share/fishbot_navgation2/local_setup.zsh
[1.385s] -- Installing: /home/jason/chapt7/chapt7_ws/install/fishbot_navgation2/share/fishbot_navgation2/local_setup.dsv
[1.385s] -- Installing: /home/jason/chapt7/chapt7_ws/install/fishbot_navgation2/share/fishbot_navgation2/package.dsv
[1.385s] -- Up-to-date: /home/jason/chapt7/chapt7_ws/install/fishbot_navgation2/share/ament_index/resource_index/packages/fishbot_navgation2
[1.385s] -- Up-to-date: /home/jason/chapt7/chapt7_ws/install/fishbot_navgation2/share/fishbot_navgation2/cmake/fishbot_navgation2Config.cmake
[1.385s] -- Up-to-date: /home/jason/chapt7/chapt7_ws/install/fishbot_navgation2/share/fishbot_navgation2/cmake/fishbot_navgation2Config-version.cmake
[1.385s] -- Up-to-date: /home/jason/chapt7/chapt7_ws/install/fishbot_navgation2/share/fishbot_navgation2/package.xml
[1.396s] Invoked command in '/home/jason/chapt7/chapt7_ws/build/fishbot_navgation2' returned '0': CMAKE_PREFIX_PATH=${CMAKE_PREFIX_PATH}:/opt/ros/humble /usr/bin/cmake --install /home/jason/chapt7/chapt7_ws/build/fishbot_navgation2
