[1.175s] Invoking command in '/home/jason/chapt7/chapt7_ws/build/fishbot_description': CMAKE_PREFIX_PATH=${CMAKE_PREFIX_PATH}:/home/jason/chapt7/chapt7_ws/install/fishbot_application:/opt/ros/humble /usr/bin/cmake --build /home/jason/chapt7/chapt7_ws/build/fishbot_description -- -j4 -l4
[1.477s] Invoked command in '/home/jason/chapt7/chapt7_ws/build/fishbot_description' returned '0': CMAKE_PREFIX_PATH=${CMAKE_PREFIX_PATH}:/home/jason/chapt7/chapt7_ws/install/fishbot_application:/opt/ros/humble /usr/bin/cmake --build /home/jason/chapt7/chapt7_ws/build/fishbot_description -- -j4 -l4
[1.538s] Invoking command in '/home/jason/chapt7/chapt7_ws/build/fishbot_description': CMAKE_PREFIX_PATH=${CMAKE_PREFIX_PATH}:/home/jason/chapt7/chapt7_ws/install/fishbot_application:/opt/ros/humble /usr/bin/cmake --install /home/jason/chapt7/chapt7_ws/build/fishbot_description
[1.577s] -- Install configuration: ""
[1.592s] -- Up-to-date: /home/jason/chapt7/chapt7_ws/install/fishbot_description/share/fishbot_description/config
[1.593s] -- Up-to-date: /home/jason/chapt7/chapt7_ws/install/fishbot_description/share/fishbot_description/config/display_robot_model.rviz
[1.594s] -- Up-to-date: /home/jason/chapt7/chapt7_ws/install/fishbot_description/share/fishbot_description/config/fishbot_ros2_controller.yaml
[1.594s] -- Up-to-date: /home/jason/chapt7/chapt7_ws/install/fishbot_description/share/fishbot_description/launch
[1.595s] -- Up-to-date: /home/jason/chapt7/chapt7_ws/install/fishbot_description/share/fishbot_description/launch/display_robot.launch.py
[1.595s] -- Up-to-date: /home/jason/chapt7/chapt7_ws/install/fishbot_description/share/fishbot_description/launch/gazebo_sim.launch.py
[1.595s] -- Up-to-date: /home/jason/chapt7/chapt7_ws/install/fishbot_description/share/fishbot_description/urdf
[1.595s] -- Up-to-date: /home/jason/chapt7/chapt7_ws/install/fishbot_description/share/fishbot_description/urdf/first_robot.pdf
[1.596s] -- Up-to-date: /home/jason/chapt7/chapt7_ws/install/fishbot_description/share/fishbot_description/urdf/fishbot
[1.605s] -- Up-to-date: /home/jason/chapt7/chapt7_ws/install/fishbot_description/share/fishbot_description/urdf/fishbot/base.urdf.xacro
[1.606s] -- Up-to-date: /home/jason/chapt7/chapt7_ws/install/fishbot_description/share/fishbot_description/urdf/fishbot/sensor
[1.609s] -- Up-to-date: /home/jason/chapt7/chapt7_ws/install/fishbot_description/share/fishbot_description/urdf/fishbot/sensor/imu.urdf.xacro
[1.609s] -- Up-to-date: /home/jason/chapt7/chapt7_ws/install/fishbot_description/share/fishbot_description/urdf/fishbot/sensor/laser.urdf.xacro
[1.611s] -- Up-to-date: /home/jason/chapt7/chapt7_ws/install/fishbot_description/share/fishbot_description/urdf/fishbot/sensor/camera.urdf.xacro
[1.611s] -- Up-to-date: /home/jason/chapt7/chapt7_ws/install/fishbot_description/share/fishbot_description/urdf/fishbot/fishbot.ros2_control.xacro
[1.611s] -- Up-to-date: /home/jason/chapt7/chapt7_ws/install/fishbot_description/share/fishbot_description/urdf/fishbot/actuator
[1.612s] -- Up-to-date: /home/jason/chapt7/chapt7_ws/install/fishbot_description/share/fishbot_description/urdf/fishbot/actuator/caster.urdf.xacro
[1.632s] -- Up-to-date: /home/jason/chapt7/chapt7_ws/install/fishbot_description/share/fishbot_description/urdf/fishbot/actuator/wheel.urdf.xacro
[1.633s] -- Up-to-date: /home/jason/chapt7/chapt7_ws/install/fishbot_description/share/fishbot_description/urdf/fishbot/common_inertia.xacro
[1.633s] -- Up-to-date: /home/jason/chapt7/chapt7_ws/install/fishbot_description/share/fishbot_description/urdf/fishbot/plugins
[1.633s] -- Up-to-date: /home/jason/chapt7/chapt7_ws/install/fishbot_description/share/fishbot_description/urdf/fishbot/plugins/gazebo_sensor_plugin.xacro
[1.633s] -- Up-to-date: /home/jason/chapt7/chapt7_ws/install/fishbot_description/share/fishbot_description/urdf/fishbot/plugins/gazebo_control_plugin.xacro
[1.633s] -- Up-to-date: /home/jason/chapt7/chapt7_ws/install/fishbot_description/share/fishbot_description/urdf/fishbot/fishbot.urdf.xacro
[1.634s] -- Up-to-date: /home/jason/chapt7/chapt7_ws/install/fishbot_description/share/fishbot_description/urdf/first_robot.gv
[1.634s] -- Up-to-date: /home/jason/chapt7/chapt7_ws/install/fishbot_description/share/fishbot_description/urdf/first_robot.urdf
[1.634s] -- Up-to-date: /home/jason/chapt7/chapt7_ws/install/fishbot_description/share/fishbot_description/urdf/first_robot.urdf.xacro
[1.634s] -- Up-to-date: /home/jason/chapt7/chapt7_ws/install/fishbot_description/share/fishbot_description/world
[1.634s] -- Up-to-date: /home/jason/chapt7/chapt7_ws/install/fishbot_description/share/fishbot_description/world/custom_room.world
[1.634s] -- Up-to-date: /home/jason/chapt7/chapt7_ws/install/fishbot_description/share/fishbot_description/world/room
[1.634s] -- Up-to-date: /home/jason/chapt7/chapt7_ws/install/fishbot_description/share/fishbot_description/world/room/model.sdf
[1.635s] -- Up-to-date: /home/jason/chapt7/chapt7_ws/install/fishbot_description/share/fishbot_description/world/room/model1.sdf
[1.635s] -- Up-to-date: /home/jason/chapt7/chapt7_ws/install/fishbot_description/share/fishbot_description/world/room/model.config
[1.635s] -- Up-to-date: /home/jason/chapt7/chapt7_ws/install/fishbot_description/share/fishbot_description/world/custom_room1.world
[1.635s] -- Up-to-date: /home/jason/chapt7/chapt7_ws/install/fishbot_description/share/ament_index/resource_index/package_run_dependencies/fishbot_description
[1.635s] -- Up-to-date: /home/jason/chapt7/chapt7_ws/install/fishbot_description/share/ament_index/resource_index/parent_prefix_path/fishbot_description
[1.635s] -- Up-to-date: /home/jason/chapt7/chapt7_ws/install/fishbot_description/share/fishbot_description/environment/ament_prefix_path.sh
[1.636s] -- Up-to-date: /home/jason/chapt7/chapt7_ws/install/fishbot_description/share/fishbot_description/environment/ament_prefix_path.dsv
[1.643s] -- Up-to-date: /home/jason/chapt7/chapt7_ws/install/fishbot_description/share/fishbot_description/environment/path.sh
[1.643s] -- Up-to-date: /home/jason/chapt7/chapt7_ws/install/fishbot_description/share/fishbot_description/environment/path.dsv
[1.643s] -- Up-to-date: /home/jason/chapt7/chapt7_ws/install/fishbot_description/share/fishbot_description/local_setup.bash
[1.643s] -- Up-to-date: /home/jason/chapt7/chapt7_ws/install/fishbot_description/share/fishbot_description/local_setup.sh
[1.643s] -- Up-to-date: /home/jason/chapt7/chapt7_ws/install/fishbot_description/share/fishbot_description/local_setup.zsh
[1.644s] -- Up-to-date: /home/jason/chapt7/chapt7_ws/install/fishbot_description/share/fishbot_description/local_setup.dsv
[1.644s] -- Installing: /home/jason/chapt7/chapt7_ws/install/fishbot_description/share/fishbot_description/package.dsv
[1.645s] -- Up-to-date: /home/jason/chapt7/chapt7_ws/install/fishbot_description/share/ament_index/resource_index/packages/fishbot_description
[1.647s] -- Up-to-date: /home/jason/chapt7/chapt7_ws/install/fishbot_description/share/fishbot_description/cmake/fishbot_descriptionConfig.cmake
[1.648s] -- Up-to-date: /home/jason/chapt7/chapt7_ws/install/fishbot_description/share/fishbot_description/cmake/fishbot_descriptionConfig-version.cmake
[1.649s] -- Up-to-date: /home/jason/chapt7/chapt7_ws/install/fishbot_description/share/fishbot_description/package.xml
[1.710s] Invoked command in '/home/jason/chapt7/chapt7_ws/build/fishbot_description' returned '0': CMAKE_PREFIX_PATH=${CMAKE_PREFIX_PATH}:/home/jason/chapt7/chapt7_ws/install/fishbot_application:/opt/ros/humble /usr/bin/cmake --install /home/jason/chapt7/chapt7_ws/build/fishbot_description
