[0.035s] Invoking command in '/home/jason/chapt7/chapt7_ws/build/fishbot_navgation2': CMAKE_PREFIX_PATH=${CMAKE_PREFIX_PATH}:/opt/ros/humble /usr/bin/cmake /home/jason/chapt7/chapt7_ws/src/fishbot_navgation2 -DCMAKE_INSTALL_PREFIX=/home/jason/chapt7/chapt7_ws/install/fishbot_navgation2
[0.431s] -- The C compiler identification is GNU 11.4.0
[0.851s] -- The CXX compiler identification is GNU 11.4.0
[1.076s] -- Detecting C compiler ABI info
[1.232s] -- Detecting C compiler ABI info - done
[1.242s] -- Check for working C compiler: /usr/bin/cc - skipped
[1.243s] -- Detecting C compile features
[1.245s] -- Detecting C compile features - done
[1.251s] -- Detecting CXX compiler ABI info
[1.423s] -- Detecting CXX compiler ABI info - done
[1.435s] -- Check for working CXX compiler: /usr/bin/c++ - skipped
[1.435s] -- Detecting CXX compile features
[1.436s] -- Detecting CXX compile features - done
[1.475s] -- Found ament_cmake: 1.3.12 (/opt/ros/humble/share/ament_cmake/cmake)
[1.726s] -- Found Python3: /usr/bin/python3 (found version "3.10.12") found components: Interpreter 
[1.931s] -- Found ament_lint_auto: 0.12.14 (/opt/ros/humble/share/ament_lint_auto/cmake)
[2.091s] -- Added test 'flake8' to check Python code syntax and style conventions
[2.094s] -- Added test 'lint_cmake' to check CMake code style
[2.096s] -- Added test 'pep257' to check Python code against some of the docstring style conventions in PEP 257
[2.101s] -- Added test 'xmllint' to check XML markup files
[2.106s] -- Configuring done
[2.115s] -- Generating done
[2.118s] -- Build files have been written to: /home/jason/chapt7/chapt7_ws/build/fishbot_navgation2
[2.126s] Invoked command in '/home/jason/chapt7/chapt7_ws/build/fishbot_navgation2' returned '0': CMAKE_PREFIX_PATH=${CMAKE_PREFIX_PATH}:/opt/ros/humble /usr/bin/cmake /home/jason/chapt7/chapt7_ws/src/fishbot_navgation2 -DCMAKE_INSTALL_PREFIX=/home/jason/chapt7/chapt7_ws/install/fishbot_navgation2
[2.128s] Invoking command in '/home/jason/chapt7/chapt7_ws/build/fishbot_navgation2': CMAKE_PREFIX_PATH=${CMAKE_PREFIX_PATH}:/opt/ros/humble /usr/bin/cmake --build /home/jason/chapt7/chapt7_ws/build/fishbot_navgation2 -- -j4 -l4
[2.190s] Invoked command in '/home/jason/chapt7/chapt7_ws/build/fishbot_navgation2' returned '0': CMAKE_PREFIX_PATH=${CMAKE_PREFIX_PATH}:/opt/ros/humble /usr/bin/cmake --build /home/jason/chapt7/chapt7_ws/build/fishbot_navgation2 -- -j4 -l4
[2.193s] Invoking command in '/home/jason/chapt7/chapt7_ws/build/fishbot_navgation2': CMAKE_PREFIX_PATH=${CMAKE_PREFIX_PATH}:/opt/ros/humble /usr/bin/cmake --install /home/jason/chapt7/chapt7_ws/build/fishbot_navgation2
[2.205s] -- Install configuration: ""
[2.208s] -- Installing: /home/jason/chapt7/chapt7_ws/install/fishbot_navgation2/share/ament_index/resource_index/package_run_dependencies/fishbot_navgation2
[2.209s] -- Installing: /home/jason/chapt7/chapt7_ws/install/fishbot_navgation2/share/ament_index/resource_index/parent_prefix_path/fishbot_navgation2
[2.210s] -- Installing: /home/jason/chapt7/chapt7_ws/install/fishbot_navgation2/share/fishbot_navgation2/environment/ament_prefix_path.sh
[2.210s] -- Installing: /home/jason/chapt7/chapt7_ws/install/fishbot_navgation2/share/fishbot_navgation2/environment/ament_prefix_path.dsv
[2.211s] -- Installing: /home/jason/chapt7/chapt7_ws/install/fishbot_navgation2/share/fishbot_navgation2/environment/path.sh
[2.211s] -- Installing: /home/jason/chapt7/chapt7_ws/install/fishbot_navgation2/share/fishbot_navgation2/environment/path.dsv
[2.211s] -- Installing: /home/jason/chapt7/chapt7_ws/install/fishbot_navgation2/share/fishbot_navgation2/local_setup.bash
[2.212s] -- Installing: /home/jason/chapt7/chapt7_ws/install/fishbot_navgation2/share/fishbot_navgation2/local_setup.sh
[2.212s] -- Installing: /home/jason/chapt7/chapt7_ws/install/fishbot_navgation2/share/fishbot_navgation2/local_setup.zsh
[2.212s] -- Installing: /home/jason/chapt7/chapt7_ws/install/fishbot_navgation2/share/fishbot_navgation2/local_setup.dsv
[2.213s] -- Installing: /home/jason/chapt7/chapt7_ws/install/fishbot_navgation2/share/fishbot_navgation2/package.dsv
[2.214s] -- Installing: /home/jason/chapt7/chapt7_ws/install/fishbot_navgation2/share/ament_index/resource_index/packages/fishbot_navgation2
[2.215s] -- Installing: /home/jason/chapt7/chapt7_ws/install/fishbot_navgation2/share/fishbot_navgation2/cmake/fishbot_navgation2Config.cmake
[2.215s] -- Installing: /home/jason/chapt7/chapt7_ws/install/fishbot_navgation2/share/fishbot_navgation2/cmake/fishbot_navgation2Config-version.cmake
[2.216s] -- Installing: /home/jason/chapt7/chapt7_ws/install/fishbot_navgation2/share/fishbot_navgation2/package.xml
[2.220s] Invoked command in '/home/jason/chapt7/chapt7_ws/build/fishbot_navgation2' returned '0': CMAKE_PREFIX_PATH=${CMAKE_PREFIX_PATH}:/opt/ros/humble /usr/bin/cmake --install /home/jason/chapt7/chapt7_ws/build/fishbot_navgation2
