[3.369s] Invoking command in '/home/jason/chapt7/chapt7_ws/src/fishbot_application': PYTHONPATH=/home/jason/chapt7/chapt7_ws/build/fishbot_application/prefix_override:/usr/lib/python3/dist-packages/colcon_core/task/python/colcon_distutils_commands:/home/jason/chapt7/chapt7_ws/install/fishbot_application/lib/python3.10/site-packages:${PYTHONPATH} /usr/bin/python3 -W ignore:setup.py install is deprecated -W ignore:easy_install command is deprecated setup.py egg_info --egg-base ../../build/fishbot_application build --build-base /home/jason/chapt7/chapt7_ws/build/fishbot_application/build install --record /home/jason/chapt7/chapt7_ws/build/fishbot_application/install.log --single-version-externally-managed install_data
[4.468s] running egg_info
[4.470s] writing ../../build/fishbot_application/fishbot_application.egg-info/PKG-INFO
[4.471s] writing dependency_links to ../../build/fishbot_application/fishbot_application.egg-info/dependency_links.txt
[4.473s] writing entry points to ../../build/fishbot_application/fishbot_application.egg-info/entry_points.txt
[4.475s] writing requirements to ../../build/fishbot_application/fishbot_application.egg-info/requires.txt
[4.482s] writing top-level names to ../../build/fishbot_application/fishbot_application.egg-info/top_level.txt
[4.489s] reading manifest file '../../build/fishbot_application/fishbot_application.egg-info/SOURCES.txt'
[4.490s] writing manifest file '../../build/fishbot_application/fishbot_application.egg-info/SOURCES.txt'
[4.490s] running build
[4.490s] running build_py
[4.491s] copying fishbot_application/get_robot_pose.py -> /home/jason/chapt7/chapt7_ws/build/fishbot_application/build/lib/fishbot_application
[4.494s] running install
[4.500s] running install_lib
[4.504s] copying /home/jason/chapt7/chapt7_ws/build/fishbot_application/build/lib/fishbot_application/get_robot_pose.py -> /home/jason/chapt7/chapt7_ws/install/fishbot_application/lib/python3.10/site-packages/fishbot_application
[4.508s] byte-compiling /home/jason/chapt7/chapt7_ws/install/fishbot_application/lib/python3.10/site-packages/fishbot_application/get_robot_pose.py to get_robot_pose.cpython-310.pyc
[4.524s] running install_data
[4.524s] running install_egg_info
[4.539s] removing '/home/jason/chapt7/chapt7_ws/install/fishbot_application/lib/python3.10/site-packages/fishbot_application-0.0.0-py3.10.egg-info' (and everything under it)
[4.540s] Copying ../../build/fishbot_application/fishbot_application.egg-info to /home/jason/chapt7/chapt7_ws/install/fishbot_application/lib/python3.10/site-packages/fishbot_application-0.0.0-py3.10.egg-info
[4.549s] running install_scripts
[4.640s] Installing get_robot_pose script to /home/jason/chapt7/chapt7_ws/install/fishbot_application/lib/fishbot_application
[4.641s] Installing init_robot_pose script to /home/jason/chapt7/chapt7_ws/install/fishbot_application/lib/fishbot_application
[4.643s] writing list of installed files to '/home/jason/chapt7/chapt7_ws/build/fishbot_application/install.log'
[4.760s] Invoked command in '/home/jason/chapt7/chapt7_ws/src/fishbot_application' returned '0': PYTHONPATH=/home/jason/chapt7/chapt7_ws/build/fishbot_application/prefix_override:/usr/lib/python3/dist-packages/colcon_core/task/python/colcon_distutils_commands:/home/jason/chapt7/chapt7_ws/install/fishbot_application/lib/python3.10/site-packages:${PYTHONPATH} /usr/bin/python3 -W ignore:setup.py install is deprecated -W ignore:easy_install command is deprecated setup.py egg_info --egg-base ../../build/fishbot_application build --build-base /home/jason/chapt7/chapt7_ws/build/fishbot_application/build install --record /home/jason/chapt7/chapt7_ws/build/fishbot_application/install.log --single-version-externally-managed install_data
