[0.566s] Invoking command in '/home/jason/chapt7/chapt7_ws/build/fishbot_description': CMAKE_PREFIX_PATH=${CMAKE_PREFIX_PATH}:/opt/ros/humble /usr/bin/cmake --build /home/jason/chapt7/chapt7_ws/build/fishbot_description -- -j4 -l4
[0.767s] Invoked command in '/home/jason/chapt7/chapt7_ws/build/fishbot_description' returned '0': CMAKE_PREFIX_PATH=${CMAKE_PREFIX_PATH}:/opt/ros/humble /usr/bin/cmake --build /home/jason/chapt7/chapt7_ws/build/fishbot_description -- -j4 -l4
[0.768s] Invoking command in '/home/jason/chapt7/chapt7_ws/build/fishbot_description': CMAKE_PREFIX_PATH=${CMAKE_PREFIX_PATH}:/opt/ros/humble /usr/bin/cmake --install /home/jason/chapt7/chapt7_ws/build/fishbot_description
[0.784s] -- Install configuration: ""
[0.791s] -- Up-to-date: /home/jason/chapt7/chapt7_ws/install/fishbot_description/share/fishbot_description/config
[0.794s] -- Up-to-date: /home/jason/chapt7/chapt7_ws/install/fishbot_description/share/fishbot_description/config/display_robot_model.rviz
[0.794s] -- Up-to-date: /home/jason/chapt7/chapt7_ws/install/fishbot_description/share/fishbot_description/config/fishbot_ros2_controller.yaml
[0.794s] -- Up-to-date: /home/jason/chapt7/chapt7_ws/install/fishbot_description/share/fishbot_description/launch
[0.794s] -- Up-to-date: /home/jason/chapt7/chapt7_ws/install/fishbot_description/share/fishbot_description/launch/display_robot.launch.py
[0.794s] -- Up-to-date: /home/jason/chapt7/chapt7_ws/install/fishbot_description/share/fishbot_description/launch/gazebo_sim.launch.py
[0.794s] -- Up-to-date: /home/jason/chapt7/chapt7_ws/install/fishbot_description/share/fishbot_description/urdf
[0.795s] -- Up-to-date: /home/jason/chapt7/chapt7_ws/install/fishbot_description/share/fishbot_description/urdf/first_robot.pdf
[0.795s] -- Up-to-date: /home/jason/chapt7/chapt7_ws/install/fishbot_description/share/fishbot_description/urdf/fishbot
[0.795s] -- Up-to-date: /home/jason/chapt7/chapt7_ws/install/fishbot_description/share/fishbot_description/urdf/fishbot/base.urdf.xacro
[0.795s] -- Up-to-date: /home/jason/chapt7/chapt7_ws/install/fishbot_description/share/fishbot_description/urdf/fishbot/sensor
[0.795s] -- Up-to-date: /home/jason/chapt7/chapt7_ws/install/fishbot_description/share/fishbot_description/urdf/fishbot/sensor/imu.urdf.xacro
[0.796s] -- Up-to-date: /home/jason/chapt7/chapt7_ws/install/fishbot_description/share/fishbot_description/urdf/fishbot/sensor/laser.urdf.xacro
[0.796s] -- Up-to-date: /home/jason/chapt7/chapt7_ws/install/fishbot_description/share/fishbot_description/urdf/fishbot/sensor/camera.urdf.xacro
[0.803s] -- Up-to-date: /home/jason/chapt7/chapt7_ws/install/fishbot_description/share/fishbot_description/urdf/fishbot/fishbot.ros2_control.xacro
[0.803s] -- Up-to-date: /home/jason/chapt7/chapt7_ws/install/fishbot_description/share/fishbot_description/urdf/fishbot/actuator
[0.807s] -- Up-to-date: /home/jason/chapt7/chapt7_ws/install/fishbot_description/share/fishbot_description/urdf/fishbot/actuator/caster.urdf.xacro
[0.807s] -- Up-to-date: /home/jason/chapt7/chapt7_ws/install/fishbot_description/share/fishbot_description/urdf/fishbot/actuator/wheel.urdf.xacro
[0.808s] -- Up-to-date: /home/jason/chapt7/chapt7_ws/install/fishbot_description/share/fishbot_description/urdf/fishbot/common_inertia.xacro
[0.808s] -- Up-to-date: /home/jason/chapt7/chapt7_ws/install/fishbot_description/share/fishbot_description/urdf/fishbot/plugins
[0.808s] -- Up-to-date: /home/jason/chapt7/chapt7_ws/install/fishbot_description/share/fishbot_description/urdf/fishbot/plugins/gazebo_sensor_plugin.xacro
[0.809s] -- Up-to-date: /home/jason/chapt7/chapt7_ws/install/fishbot_description/share/fishbot_description/urdf/fishbot/plugins/gazebo_control_plugin.xacro
[0.809s] -- Up-to-date: /home/jason/chapt7/chapt7_ws/install/fishbot_description/share/fishbot_description/urdf/fishbot/fishbot.urdf.xacro
[0.809s] -- Up-to-date: /home/jason/chapt7/chapt7_ws/install/fishbot_description/share/fishbot_description/urdf/first_robot.gv
[0.810s] -- Up-to-date: /home/jason/chapt7/chapt7_ws/install/fishbot_description/share/fishbot_description/urdf/first_robot.urdf
[0.810s] -- Up-to-date: /home/jason/chapt7/chapt7_ws/install/fishbot_description/share/fishbot_description/urdf/first_robot.urdf.xacro
[0.810s] -- Up-to-date: /home/jason/chapt7/chapt7_ws/install/fishbot_description/share/fishbot_description/world
[0.811s] -- Up-to-date: /home/jason/chapt7/chapt7_ws/install/fishbot_description/share/fishbot_description/world/custom_room.world
[0.811s] -- Up-to-date: /home/jason/chapt7/chapt7_ws/install/fishbot_description/share/fishbot_description/world/room
[0.811s] -- Up-to-date: /home/jason/chapt7/chapt7_ws/install/fishbot_description/share/fishbot_description/world/room/model.sdf
[0.812s] -- Up-to-date: /home/jason/chapt7/chapt7_ws/install/fishbot_description/share/fishbot_description/world/room/model1.sdf
[0.812s] -- Up-to-date: /home/jason/chapt7/chapt7_ws/install/fishbot_description/share/fishbot_description/world/room/model.config
[0.812s] -- Up-to-date: /home/jason/chapt7/chapt7_ws/install/fishbot_description/share/fishbot_description/world/custom_room1.world
[0.812s] -- Up-to-date: /home/jason/chapt7/chapt7_ws/install/fishbot_description/share/ament_index/resource_index/package_run_dependencies/fishbot_description
[0.813s] -- Up-to-date: /home/jason/chapt7/chapt7_ws/install/fishbot_description/share/ament_index/resource_index/parent_prefix_path/fishbot_description
[0.813s] -- Up-to-date: /home/jason/chapt7/chapt7_ws/install/fishbot_description/share/fishbot_description/environment/ament_prefix_path.sh
[0.813s] -- Up-to-date: /home/jason/chapt7/chapt7_ws/install/fishbot_description/share/fishbot_description/environment/ament_prefix_path.dsv
[0.813s] -- Up-to-date: /home/jason/chapt7/chapt7_ws/install/fishbot_description/share/fishbot_description/environment/path.sh
[0.814s] -- Up-to-date: /home/jason/chapt7/chapt7_ws/install/fishbot_description/share/fishbot_description/environment/path.dsv
[0.814s] -- Up-to-date: /home/jason/chapt7/chapt7_ws/install/fishbot_description/share/fishbot_description/local_setup.bash
[0.814s] -- Up-to-date: /home/jason/chapt7/chapt7_ws/install/fishbot_description/share/fishbot_description/local_setup.sh
[0.815s] -- Up-to-date: /home/jason/chapt7/chapt7_ws/install/fishbot_description/share/fishbot_description/local_setup.zsh
[0.816s] -- Up-to-date: /home/jason/chapt7/chapt7_ws/install/fishbot_description/share/fishbot_description/local_setup.dsv
[0.816s] -- Installing: /home/jason/chapt7/chapt7_ws/install/fishbot_description/share/fishbot_description/package.dsv
[0.817s] -- Up-to-date: /home/jason/chapt7/chapt7_ws/install/fishbot_description/share/ament_index/resource_index/packages/fishbot_description
[0.818s] -- Up-to-date: /home/jason/chapt7/chapt7_ws/install/fishbot_description/share/fishbot_description/cmake/fishbot_descriptionConfig.cmake
[0.818s] -- Up-to-date: /home/jason/chapt7/chapt7_ws/install/fishbot_description/share/fishbot_description/cmake/fishbot_descriptionConfig-version.cmake
[0.819s] -- Up-to-date: /home/jason/chapt7/chapt7_ws/install/fishbot_description/share/fishbot_description/package.xml
[0.862s] Invoked command in '/home/jason/chapt7/chapt7_ws/build/fishbot_description' returned '0': CMAKE_PREFIX_PATH=${CMAKE_PREFIX_PATH}:/opt/ros/humble /usr/bin/cmake --install /home/jason/chapt7/chapt7_ws/build/fishbot_description
