[4.622s] DEBUG:colcon:Command line arguments: ['/usr/bin/colcon', 'build']
[4.622s] DEBUG:colcon:Parsed command line arguments: Namespace(log_base=None, log_level=None, verb_name='build', build_base='build', install_base='install', merge_install=False, symlink_install=False, test_result_base=None, continue_on_error=False, executor='parallel', parallel_workers=2, event_handlers=None, ignore_user_meta=False, metas=['./colcon.meta'], base_paths=['.'], packages_ignore=None, packages_ignore_regex=None, paths=None, packages_up_to=None, packages_up_to_regex=None, packages_above=None, packages_above_and_dependencies=None, packages_above_depth=None, packages_select_by_dep=None, packages_skip_by_dep=None, packages_skip_up_to=None, packages_select_build_failed=False, packages_skip_build_finished=False, packages_select_test_failures=False, packages_skip_test_passed=False, packages_select=None, packages_skip=None, packages_select_regex=None, packages_skip_regex=None, packages_start=None, packages_end=None, allow_overriding=[], cmake_args=None, cmake_target=None, cmake_target_skip_unavailable=False, cmake_clean_cache=False, cmake_clean_first=False, cmake_force_configure=False, ament_cmake_args=None, catkin_cmake_args=None, catkin_skip_building_tests=False, mixin_files=None, mixin=None, verb_parser=<colcon_mixin.mixin.mixin_argument.MixinArgumentDecorator object at 0x75f843861120>, verb_extension=<colcon_core.verb.build.BuildVerb object at 0x75f8439dddb0>, main=<bound method BuildVerb.main of <colcon_core.verb.build.BuildVerb object at 0x75f8439dddb0>>, mixin_verb=('build',))
[9.031s] Level 1:colcon.colcon_core.package_discovery:discover_packages(colcon_meta) check parameters
[9.031s] Level 1:colcon.colcon_core.package_discovery:discover_packages(recursive) check parameters
[9.032s] Level 1:colcon.colcon_core.package_discovery:discover_packages(ignore) check parameters
[9.032s] Level 1:colcon.colcon_core.package_discovery:discover_packages(path) check parameters
[9.032s] Level 1:colcon.colcon_core.package_discovery:discover_packages(colcon_meta) discover
[9.033s] Level 1:colcon.colcon_core.package_discovery:discover_packages(recursive) discover
[9.033s] INFO:colcon.colcon_core.package_discovery:Crawling recursively for packages in '/home/jason/chapt6_ws/fishbot_description'
[9.033s] Level 1:colcon.colcon_core.package_identification:_identify(.) by extensions ['ignore', 'ignore_ament_install']
[9.034s] Level 1:colcon.colcon_core.package_identification:_identify(.) by extension 'ignore'
[9.034s] Level 1:colcon.colcon_core.package_identification:_identify(.) by extension 'ignore_ament_install'
[9.034s] Level 1:colcon.colcon_core.package_identification:_identify(.) by extensions ['colcon_pkg']
[9.035s] Level 1:colcon.colcon_core.package_identification:_identify(.) by extension 'colcon_pkg'
[9.035s] Level 1:colcon.colcon_core.package_identification:_identify(.) by extensions ['colcon_meta']
[9.035s] Level 1:colcon.colcon_core.package_identification:_identify(.) by extension 'colcon_meta'
[9.035s] Level 1:colcon.colcon_core.package_identification:_identify(.) by extensions ['ros']
[9.035s] Level 1:colcon.colcon_core.package_identification:_identify(.) by extension 'ros'
[9.118s] DEBUG:colcon.colcon_core.package_identification:Package '.' with type 'ros.ament_cmake' and name 'fishbot_description'
[9.118s] Level 1:colcon.colcon_core.package_discovery:discover_packages(recursive) using defaults
[9.118s] Level 1:colcon.colcon_core.package_discovery:discover_packages(ignore) discover
[9.118s] Level 1:colcon.colcon_core.package_discovery:discover_packages(ignore) using defaults
[9.118s] Level 1:colcon.colcon_core.package_discovery:discover_packages(path) discover
[9.118s] Level 1:colcon.colcon_core.package_discovery:discover_packages(path) using defaults
[9.282s] Level 1:colcon.colcon_core.package_discovery:discover_packages(prefix_path) check parameters
[9.282s] Level 1:colcon.colcon_core.package_discovery:discover_packages(prefix_path) discover
[9.308s] DEBUG:colcon.colcon_installed_package_information.package_discovery:Found 272 installed packages in /opt/ros/humble
[9.312s] Level 1:colcon.colcon_core.package_discovery:discover_packages(prefix_path) using defaults
[9.762s] Level 5:colcon.colcon_core.verb:set package 'fishbot_description' build argument 'cmake_args' from command line to 'None'
[9.765s] Level 5:colcon.colcon_core.verb:set package 'fishbot_description' build argument 'cmake_target' from command line to 'None'
[9.776s] Level 5:colcon.colcon_core.verb:set package 'fishbot_description' build argument 'cmake_target_skip_unavailable' from command line to 'False'
[9.777s] Level 5:colcon.colcon_core.verb:set package 'fishbot_description' build argument 'cmake_clean_cache' from command line to 'False'
[9.778s] Level 5:colcon.colcon_core.verb:set package 'fishbot_description' build argument 'cmake_clean_first' from command line to 'False'
[9.779s] Level 5:colcon.colcon_core.verb:set package 'fishbot_description' build argument 'cmake_force_configure' from command line to 'False'
[9.779s] Level 5:colcon.colcon_core.verb:set package 'fishbot_description' build argument 'ament_cmake_args' from command line to 'None'
[9.779s] Level 5:colcon.colcon_core.verb:set package 'fishbot_description' build argument 'catkin_cmake_args' from command line to 'None'
[9.780s] Level 5:colcon.colcon_core.verb:set package 'fishbot_description' build argument 'catkin_skip_building_tests' from command line to 'False'
[9.781s] DEBUG:colcon.colcon_core.verb:Building package 'fishbot_description' with the following arguments: {'ament_cmake_args': None, 'build_base': '/home/jason/chapt6_ws/fishbot_description/build/fishbot_description', 'catkin_cmake_args': None, 'catkin_skip_building_tests': False, 'cmake_args': None, 'cmake_clean_cache': False, 'cmake_clean_first': False, 'cmake_force_configure': False, 'cmake_target': None, 'cmake_target_skip_unavailable': False, 'install_base': '/home/jason/chapt6_ws/fishbot_description/install/fishbot_description', 'merge_install': False, 'path': '/home/jason/chapt6_ws/fishbot_description', 'symlink_install': False, 'test_result_base': None}
[9.783s] INFO:colcon.colcon_core.executor:Executing jobs using 'parallel' executor
[9.888s] DEBUG:colcon.colcon_parallel_executor.executor.parallel:run_until_complete
[9.900s] INFO:colcon.colcon_ros.task.ament_cmake.build:Building ROS package in '/home/jason/chapt6_ws/fishbot_description' with build type 'ament_cmake'
[9.904s] INFO:colcon.colcon_cmake.task.cmake.build:Building CMake package in '/home/jason/chapt6_ws/fishbot_description'
[10.053s] INFO:colcon.colcon_core.plugin_system:Skipping extension 'colcon_core.shell.bat': Not used on non-Windows systems
[10.068s] INFO:colcon.colcon_core.shell:Skip shell extension 'powershell' for command environment: Not usable outside of PowerShell
[10.069s] DEBUG:colcon.colcon_core.shell:Skip shell extension 'dsv' for command environment
[10.513s] DEBUG:colcon.colcon_core.event_handler.log_command:Invoking command in '/home/jason/chapt6_ws/fishbot_description/build/fishbot_description': CMAKE_PREFIX_PATH=/opt/ros/humble /usr/bin/cmake /home/jason/chapt6_ws/fishbot_description -DCMAKE_INSTALL_PREFIX=/home/jason/chapt6_ws/fishbot_description/install/fishbot_description
[41.015s] DEBUG:colcon.colcon_core.event_handler.log_command:Invoked command in '/home/jason/chapt6_ws/fishbot_description/build/fishbot_description' returned '0': CMAKE_PREFIX_PATH=/opt/ros/humble /usr/bin/cmake /home/jason/chapt6_ws/fishbot_description -DCMAKE_INSTALL_PREFIX=/home/jason/chapt6_ws/fishbot_description/install/fishbot_description
[41.167s] DEBUG:colcon.colcon_core.event_handler.log_command:Invoking command in '/home/jason/chapt6_ws/fishbot_description/build/fishbot_description': CMAKE_PREFIX_PATH=/opt/ros/humble /usr/bin/cmake --build /home/jason/chapt6_ws/fishbot_description/build/fishbot_description -- -j2 -l2
[42.761s] DEBUG:colcon.colcon_core.event_handler.log_command:Invoked command in '/home/jason/chapt6_ws/fishbot_description/build/fishbot_description' returned '0': CMAKE_PREFIX_PATH=/opt/ros/humble /usr/bin/cmake --build /home/jason/chapt6_ws/fishbot_description/build/fishbot_description -- -j2 -l2
[43.020s] DEBUG:colcon.colcon_core.event_handler.log_command:Invoking command in '/home/jason/chapt6_ws/fishbot_description/build/fishbot_description': CMAKE_PREFIX_PATH=/opt/ros/humble /usr/bin/cmake --install /home/jason/chapt6_ws/fishbot_description/build/fishbot_description
[43.669s] Level 1:colcon.colcon_core.environment:create_environment_scripts_only(fishbot_description)
[43.717s] DEBUG:colcon.colcon_core.event_handler.log_command:Invoked command in '/home/jason/chapt6_ws/fishbot_description/build/fishbot_description' returned '0': CMAKE_PREFIX_PATH=/opt/ros/humble /usr/bin/cmake --install /home/jason/chapt6_ws/fishbot_description/build/fishbot_description
[43.857s] Level 1:colcon.colcon_core.environment:checking '/home/jason/chapt6_ws/fishbot_description/install/fishbot_description' for CMake module files
[43.870s] Level 1:colcon.colcon_core.environment:checking '/home/jason/chapt6_ws/fishbot_description/install/fishbot_description' for CMake config files
[43.900s] Level 1:colcon.colcon_core.shell:create_environment_hook('fishbot_description', 'cmake_prefix_path')
[43.905s] INFO:colcon.colcon_core.shell:Creating environment hook '/home/jason/chapt6_ws/fishbot_description/install/fishbot_description/share/fishbot_description/hook/cmake_prefix_path.ps1'
[43.938s] INFO:colcon.colcon_core.shell:Creating environment descriptor '/home/jason/chapt6_ws/fishbot_description/install/fishbot_description/share/fishbot_description/hook/cmake_prefix_path.dsv'
[43.954s] INFO:colcon.colcon_core.shell:Creating environment hook '/home/jason/chapt6_ws/fishbot_description/install/fishbot_description/share/fishbot_description/hook/cmake_prefix_path.sh'
[43.970s] Level 1:colcon.colcon_core.environment:checking '/home/jason/chapt6_ws/fishbot_description/install/fishbot_description/bin'
[43.973s] Level 1:colcon.colcon_core.environment:checking '/home/jason/chapt6_ws/fishbot_description/install/fishbot_description/lib/pkgconfig/fishbot_description.pc'
[43.993s] Level 1:colcon.colcon_core.environment:checking '/home/jason/chapt6_ws/fishbot_description/install/fishbot_description/lib/python3.10/site-packages'
[44.001s] Level 1:colcon.colcon_core.environment:checking '/home/jason/chapt6_ws/fishbot_description/install/fishbot_description/bin'
[44.011s] INFO:colcon.colcon_core.shell:Creating package script '/home/jason/chapt6_ws/fishbot_description/install/fishbot_description/share/fishbot_description/package.ps1'
[44.023s] INFO:colcon.colcon_core.shell:Creating package descriptor '/home/jason/chapt6_ws/fishbot_description/install/fishbot_description/share/fishbot_description/package.dsv'
[44.044s] INFO:colcon.colcon_core.shell:Creating package script '/home/jason/chapt6_ws/fishbot_description/install/fishbot_description/share/fishbot_description/package.sh'
[44.087s] INFO:colcon.colcon_core.shell:Creating package script '/home/jason/chapt6_ws/fishbot_description/install/fishbot_description/share/fishbot_description/package.bash'
[44.113s] INFO:colcon.colcon_core.shell:Creating package script '/home/jason/chapt6_ws/fishbot_description/install/fishbot_description/share/fishbot_description/package.zsh'
[44.132s] Level 1:colcon.colcon_core.environment:create_file_with_runtime_dependencies(/home/jason/chapt6_ws/fishbot_description/install/fishbot_description/share/colcon-core/packages/fishbot_description)
[44.144s] Level 1:colcon.colcon_core.environment:create_environment_scripts_only(fishbot_description)
[44.153s] Level 1:colcon.colcon_core.environment:checking '/home/jason/chapt6_ws/fishbot_description/install/fishbot_description' for CMake module files
[44.193s] Level 1:colcon.colcon_core.environment:checking '/home/jason/chapt6_ws/fishbot_description/install/fishbot_description' for CMake config files
[44.220s] Level 1:colcon.colcon_core.shell:create_environment_hook('fishbot_description', 'cmake_prefix_path')
[44.223s] INFO:colcon.colcon_core.shell:Creating environment hook '/home/jason/chapt6_ws/fishbot_description/install/fishbot_description/share/fishbot_description/hook/cmake_prefix_path.ps1'
[44.245s] INFO:colcon.colcon_core.shell:Creating environment descriptor '/home/jason/chapt6_ws/fishbot_description/install/fishbot_description/share/fishbot_description/hook/cmake_prefix_path.dsv'
[44.253s] INFO:colcon.colcon_core.shell:Creating environment hook '/home/jason/chapt6_ws/fishbot_description/install/fishbot_description/share/fishbot_description/hook/cmake_prefix_path.sh'
[44.259s] Level 1:colcon.colcon_core.environment:checking '/home/jason/chapt6_ws/fishbot_description/install/fishbot_description/bin'
[44.261s] Level 1:colcon.colcon_core.environment:checking '/home/jason/chapt6_ws/fishbot_description/install/fishbot_description/lib/pkgconfig/fishbot_description.pc'
[44.266s] Level 1:colcon.colcon_core.environment:checking '/home/jason/chapt6_ws/fishbot_description/install/fishbot_description/lib/python3.10/site-packages'
[44.268s] Level 1:colcon.colcon_core.environment:checking '/home/jason/chapt6_ws/fishbot_description/install/fishbot_description/bin'
[44.271s] INFO:colcon.colcon_core.shell:Creating package script '/home/jason/chapt6_ws/fishbot_description/install/fishbot_description/share/fishbot_description/package.ps1'
[44.279s] INFO:colcon.colcon_core.shell:Creating package descriptor '/home/jason/chapt6_ws/fishbot_description/install/fishbot_description/share/fishbot_description/package.dsv'
[44.287s] INFO:colcon.colcon_core.shell:Creating package script '/home/jason/chapt6_ws/fishbot_description/install/fishbot_description/share/fishbot_description/package.sh'
[44.300s] INFO:colcon.colcon_core.shell:Creating package script '/home/jason/chapt6_ws/fishbot_description/install/fishbot_description/share/fishbot_description/package.bash'
[44.337s] INFO:colcon.colcon_core.shell:Creating package script '/home/jason/chapt6_ws/fishbot_description/install/fishbot_description/share/fishbot_description/package.zsh'
[44.351s] Level 1:colcon.colcon_core.environment:create_file_with_runtime_dependencies(/home/jason/chapt6_ws/fishbot_description/install/fishbot_description/share/colcon-core/packages/fishbot_description)
[44.361s] DEBUG:colcon.colcon_parallel_executor.executor.parallel:closing loop
[44.375s] DEBUG:colcon.colcon_parallel_executor.executor.parallel:loop closed
[44.400s] DEBUG:colcon.colcon_parallel_executor.executor.parallel:run_until_complete finished with '0'
[44.401s] DEBUG:colcon.colcon_core.event_reactor:joining thread
[44.767s] INFO:colcon.colcon_core.plugin_system:Skipping extension 'colcon_notification.desktop_notification.terminal_notifier': Not used on non-Darwin systems
[44.767s] INFO:colcon.colcon_core.plugin_system:Skipping extension 'colcon_notification.desktop_notification.win32': Not used on non-Windows systems
[44.767s] INFO:colcon.colcon_notification.desktop_notification:Sending desktop notification using 'notify2'
[45.097s] DEBUG:colcon.colcon_core.event_reactor:joined thread
[45.111s] INFO:colcon.colcon_core.shell:Creating prefix script '/home/jason/chapt6_ws/fishbot_description/install/local_setup.ps1'
[45.164s] INFO:colcon.colcon_core.shell:Creating prefix util module '/home/jason/chapt6_ws/fishbot_description/install/_local_setup_util_ps1.py'
[45.214s] INFO:colcon.colcon_core.shell:Creating prefix chain script '/home/jason/chapt6_ws/fishbot_description/install/setup.ps1'
[45.285s] INFO:colcon.colcon_core.shell:Creating prefix script '/home/jason/chapt6_ws/fishbot_description/install/local_setup.sh'
[45.350s] INFO:colcon.colcon_core.shell:Creating prefix util module '/home/jason/chapt6_ws/fishbot_description/install/_local_setup_util_sh.py'
[45.360s] INFO:colcon.colcon_core.shell:Creating prefix chain script '/home/jason/chapt6_ws/fishbot_description/install/setup.sh'
[45.372s] INFO:colcon.colcon_core.shell:Creating prefix script '/home/jason/chapt6_ws/fishbot_description/install/local_setup.bash'
[45.380s] INFO:colcon.colcon_core.shell:Creating prefix chain script '/home/jason/chapt6_ws/fishbot_description/install/setup.bash'
[45.392s] INFO:colcon.colcon_core.shell:Creating prefix script '/home/jason/chapt6_ws/fishbot_description/install/local_setup.zsh'
[45.398s] INFO:colcon.colcon_core.shell:Creating prefix chain script '/home/jason/chapt6_ws/fishbot_description/install/setup.zsh'
