[0.423s] Invoking command in '/home/jason/chapt7/robot/build/fishbot_navigation2': CMAKE_PREFIX_PATH=/opt/ros/humble /usr/bin/cmake --build /home/jason/chapt7/robot/build/fishbot_navigation2 -- -j4 -l4
[0.435s] [0mCMake Error: The current CMakeCache.txt directory /home/jason/chapt7/robot/build/fishbot_navigation2/CMakeCache.txt is different than the directory /home/jason/chapt7/chapt7_ws/build/fishbot_navigation2 where CMakeCache.txt was created. This may result in binaries being created in the wrong place. If you are not sure, reedit the CMakeCache.txt[0m
[0.491s] -- Found ament_cmake: 1.3.12 (/opt/ros/humble/share/ament_cmake/cmake)
[0.831s] -- Found ament_lint_auto: 0.12.14 (/opt/ros/humble/share/ament_lint_auto/cmake)
[0.995s] -- Added test 'flake8' to check Python code syntax and style conventions
[0.997s] -- Added test 'lint_cmake' to check CMake code style
[0.998s] -- Added test 'pep257' to check Python code against some of the docstring style conventions in PEP 257
[1.001s] -- Added test 'xmllint' to check XML markup files
[1.007s] -- Configuring done
[1.016s] -- Generating done
[1.023s] -- Build files have been written to: /home/jason/chapt7/chapt7_ws/build/fishbot_navigation2
[1.067s] Invoked command in '/home/jason/chapt7/robot/build/fishbot_navigation2' returned '0': CMAKE_PREFIX_PATH=/opt/ros/humble /usr/bin/cmake --build /home/jason/chapt7/robot/build/fishbot_navigation2 -- -j4 -l4
[1.088s] Invoking command in '/home/jason/chapt7/robot/build/fishbot_navigation2': CMAKE_PREFIX_PATH=/opt/ros/humble /usr/bin/cmake --install /home/jason/chapt7/robot/build/fishbot_navigation2
[1.100s] -- Install configuration: ""
[1.100s] -- Up-to-date: /home/jason/chapt7/chapt7_ws/install/fishbot_navigation2/share/fishbot_navigation2/maps
[1.100s] -- Up-to-date: /home/jason/chapt7/chapt7_ws/install/fishbot_navigation2/share/fishbot_navigation2/maps/room.yaml
[1.101s] -- Up-to-date: /home/jason/chapt7/chapt7_ws/install/fishbot_navigation2/share/fishbot_navigation2/maps/room.pgm
[1.101s] -- Up-to-date: /home/jason/chapt7/chapt7_ws/install/fishbot_navigation2/share/fishbot_navigation2/config
[1.101s] -- Up-to-date: /home/jason/chapt7/chapt7_ws/install/fishbot_navigation2/share/fishbot_navigation2/config/nav2_params.yaml
[1.101s] -- Up-to-date: /home/jason/chapt7/chapt7_ws/install/fishbot_navigation2/share/fishbot_navigation2/launch
[1.101s] -- Up-to-date: /home/jason/chapt7/chapt7_ws/install/fishbot_navigation2/share/fishbot_navigation2/launch/navigation2.launch.py
[1.102s] -- Up-to-date: /home/jason/chapt7/chapt7_ws/install/fishbot_navigation2/share/ament_index/resource_index/package_run_dependencies/fishbot_navigation2
[1.102s] -- Installing: /home/jason/chapt7/chapt7_ws/install/fishbot_navigation2/share/ament_index/resource_index/parent_prefix_path/fishbot_navigation2
[1.102s] -- Up-to-date: /home/jason/chapt7/chapt7_ws/install/fishbot_navigation2/share/fishbot_navigation2/environment/ament_prefix_path.sh
[1.102s] -- Installing: /home/jason/chapt7/chapt7_ws/install/fishbot_navigation2/share/fishbot_navigation2/environment/ament_prefix_path.dsv
[1.102s] -- Up-to-date: /home/jason/chapt7/chapt7_ws/install/fishbot_navigation2/share/fishbot_navigation2/environment/path.sh
[1.103s] -- Installing: /home/jason/chapt7/chapt7_ws/install/fishbot_navigation2/share/fishbot_navigation2/environment/path.dsv
[1.109s] -- Up-to-date: /home/jason/chapt7/chapt7_ws/install/fishbot_navigation2/share/fishbot_navigation2/local_setup.bash
[1.109s] -- Up-to-date: /home/jason/chapt7/chapt7_ws/install/fishbot_navigation2/share/fishbot_navigation2/local_setup.sh
[1.110s] -- Up-to-date: /home/jason/chapt7/chapt7_ws/install/fishbot_navigation2/share/fishbot_navigation2/local_setup.zsh
[1.112s] -- Installing: /home/jason/chapt7/chapt7_ws/install/fishbot_navigation2/share/fishbot_navigation2/local_setup.dsv
[1.113s] -- Installing: /home/jason/chapt7/chapt7_ws/install/fishbot_navigation2/share/fishbot_navigation2/package.dsv
[1.113s] -- Up-to-date: /home/jason/chapt7/chapt7_ws/install/fishbot_navigation2/share/ament_index/resource_index/packages/fishbot_navigation2
[1.114s] -- Up-to-date: /home/jason/chapt7/chapt7_ws/install/fishbot_navigation2/share/fishbot_navigation2/cmake/fishbot_navigation2Config.cmake
[1.115s] -- Up-to-date: /home/jason/chapt7/chapt7_ws/install/fishbot_navigation2/share/fishbot_navigation2/cmake/fishbot_navigation2Config-version.cmake
[1.116s] -- Up-to-date: /home/jason/chapt7/chapt7_ws/install/fishbot_navigation2/share/fishbot_navigation2/package.xml
[1.117s] Invoked command in '/home/jason/chapt7/robot/build/fishbot_navigation2' returned '0': CMAKE_PREFIX_PATH=/opt/ros/humble /usr/bin/cmake --install /home/jason/chapt7/robot/build/fishbot_navigation2
