[0.474s] DEBUG:colcon:Command line arguments: ['/usr/bin/colcon', 'build']
[0.475s] DEBUG:colcon:Parsed command line arguments: Namespace(log_base=None, log_level=None, verb_name='build', build_base='build', install_base='install', merge_install=False, symlink_install=False, test_result_base=None, continue_on_error=False, executor='parallel', parallel_workers=4, event_handlers=None, ignore_user_meta=False, metas=['./colcon.meta'], base_paths=['.'], packages_ignore=None, packages_ignore_regex=None, paths=None, packages_up_to=None, packages_up_to_regex=None, packages_above=None, packages_above_and_dependencies=None, packages_above_depth=None, packages_select_by_dep=None, packages_skip_by_dep=None, packages_skip_up_to=None, packages_select_build_failed=False, packages_skip_build_finished=False, packages_select_test_failures=False, packages_skip_test_passed=False, packages_select=None, packages_skip=None, packages_select_regex=None, packages_skip_regex=None, packages_start=None, packages_end=None, allow_overriding=[], cmake_args=None, cmake_target=None, cmake_target_skip_unavailable=False, cmake_clean_cache=False, cmake_clean_first=False, cmake_force_configure=False, ament_cmake_args=None, catkin_cmake_args=None, catkin_skip_building_tests=False, verb_parser=<colcon_defaults.argument_parser.defaults.DefaultArgumentsDecorator object at 0x7aced0d3be80>, verb_extension=<colcon_core.verb.build.BuildVerb object at 0x7aced0d3b880>, main=<bound method BuildVerb.main of <colcon_core.verb.build.BuildVerb object at 0x7aced0d3b880>>)
[1.071s] Level 1:colcon.colcon_core.package_discovery:discover_packages(colcon_meta) check parameters
[1.074s] Level 1:colcon.colcon_core.package_discovery:discover_packages(recursive) check parameters
[1.074s] Level 1:colcon.colcon_core.package_discovery:discover_packages(ignore) check parameters
[1.074s] Level 1:colcon.colcon_core.package_discovery:discover_packages(path) check parameters
[1.074s] Level 1:colcon.colcon_core.package_discovery:discover_packages(colcon_meta) discover
[1.074s] Level 1:colcon.colcon_core.package_discovery:discover_packages(recursive) discover
[1.075s] INFO:colcon.colcon_core.package_discovery:Crawling recursively for packages in '/home/jason/chapt7/chapt7_ws'
[1.076s] Level 1:colcon.colcon_core.package_identification:_identify(.) by extensions ['ignore', 'ignore_ament_install']
[1.077s] Level 1:colcon.colcon_core.package_identification:_identify(.) by extension 'ignore'
[1.078s] Level 1:colcon.colcon_core.package_identification:_identify(.) by extension 'ignore_ament_install'
[1.078s] Level 1:colcon.colcon_core.package_identification:_identify(.) by extensions ['colcon_pkg']
[1.080s] Level 1:colcon.colcon_core.package_identification:_identify(.) by extension 'colcon_pkg'
[1.081s] Level 1:colcon.colcon_core.package_identification:_identify(.) by extensions ['colcon_meta']
[1.081s] Level 1:colcon.colcon_core.package_identification:_identify(.) by extension 'colcon_meta'
[1.081s] Level 1:colcon.colcon_core.package_identification:_identify(.) by extensions ['ros']
[1.081s] Level 1:colcon.colcon_core.package_identification:_identify(.) by extension 'ros'
[1.131s] Level 1:colcon.colcon_core.package_identification:_identify(.) by extensions ['cmake', 'python']
[1.136s] Level 1:colcon.colcon_core.package_identification:_identify(.) by extension 'cmake'
[1.136s] Level 1:colcon.colcon_core.package_identification:_identify(.) by extension 'python'
[1.136s] Level 1:colcon.colcon_core.package_identification:_identify(.) by extensions ['python_setup_py']
[1.136s] Level 1:colcon.colcon_core.package_identification:_identify(.) by extension 'python_setup_py'
[1.137s] Level 1:colcon.colcon_core.package_identification:_identify(build) by extensions ['ignore', 'ignore_ament_install']
[1.137s] Level 1:colcon.colcon_core.package_identification:_identify(build) by extension 'ignore'
[1.138s] Level 1:colcon.colcon_core.package_identification:_identify(build) ignored
[1.138s] Level 1:colcon.colcon_core.package_identification:_identify(install) by extensions ['ignore', 'ignore_ament_install']
[1.138s] Level 1:colcon.colcon_core.package_identification:_identify(install) by extension 'ignore'
[1.138s] Level 1:colcon.colcon_core.package_identification:_identify(install) ignored
[1.139s] Level 1:colcon.colcon_core.package_identification:_identify(log) by extensions ['ignore', 'ignore_ament_install']
[1.139s] Level 1:colcon.colcon_core.package_identification:_identify(log) by extension 'ignore'
[1.140s] Level 1:colcon.colcon_core.package_identification:_identify(log) ignored
[1.140s] Level 1:colcon.colcon_core.package_identification:_identify(src) by extensions ['ignore', 'ignore_ament_install']
[1.141s] Level 1:colcon.colcon_core.package_identification:_identify(src) by extension 'ignore'
[1.141s] Level 1:colcon.colcon_core.package_identification:_identify(src) by extension 'ignore_ament_install'
[1.141s] Level 1:colcon.colcon_core.package_identification:_identify(src) by extensions ['colcon_pkg']
[1.142s] Level 1:colcon.colcon_core.package_identification:_identify(src) by extension 'colcon_pkg'
[1.142s] Level 1:colcon.colcon_core.package_identification:_identify(src) by extensions ['colcon_meta']
[1.142s] Level 1:colcon.colcon_core.package_identification:_identify(src) by extension 'colcon_meta'
[1.142s] Level 1:colcon.colcon_core.package_identification:_identify(src) by extensions ['ros']
[1.143s] Level 1:colcon.colcon_core.package_identification:_identify(src) by extension 'ros'
[1.143s] Level 1:colcon.colcon_core.package_identification:_identify(src) by extensions ['cmake', 'python']
[1.144s] Level 1:colcon.colcon_core.package_identification:_identify(src) by extension 'cmake'
[1.144s] Level 1:colcon.colcon_core.package_identification:_identify(src) by extension 'python'
[1.144s] Level 1:colcon.colcon_core.package_identification:_identify(src) by extensions ['python_setup_py']
[1.145s] Level 1:colcon.colcon_core.package_identification:_identify(src) by extension 'python_setup_py'
[1.145s] Level 1:colcon.colcon_core.package_identification:_identify(src/fishbot_application) by extensions ['ignore', 'ignore_ament_install']
[1.151s] Level 1:colcon.colcon_core.package_identification:_identify(src/fishbot_application) by extension 'ignore'
[1.152s] Level 1:colcon.colcon_core.package_identification:_identify(src/fishbot_application) by extension 'ignore_ament_install'
[1.155s] Level 1:colcon.colcon_core.package_identification:_identify(src/fishbot_application) by extensions ['colcon_pkg']
[1.156s] Level 1:colcon.colcon_core.package_identification:_identify(src/fishbot_application) by extension 'colcon_pkg'
[1.156s] Level 1:colcon.colcon_core.package_identification:_identify(src/fishbot_application) by extensions ['colcon_meta']
[1.156s] Level 1:colcon.colcon_core.package_identification:_identify(src/fishbot_application) by extension 'colcon_meta'
[1.156s] Level 1:colcon.colcon_core.package_identification:_identify(src/fishbot_application) by extensions ['ros']
[1.156s] Level 1:colcon.colcon_core.package_identification:_identify(src/fishbot_application) by extension 'ros'
[1.174s] DEBUG:colcon.colcon_core.package_identification:Package 'src/fishbot_application' with type 'ros.ament_python' and name 'fishbot_application'
[1.174s] Level 1:colcon.colcon_core.package_identification:_identify(src/fishbot_description) by extensions ['ignore', 'ignore_ament_install']
[1.174s] Level 1:colcon.colcon_core.package_identification:_identify(src/fishbot_description) by extension 'ignore'
[1.175s] Level 1:colcon.colcon_core.package_identification:_identify(src/fishbot_description) by extension 'ignore_ament_install'
[1.175s] Level 1:colcon.colcon_core.package_identification:_identify(src/fishbot_description) by extensions ['colcon_pkg']
[1.175s] Level 1:colcon.colcon_core.package_identification:_identify(src/fishbot_description) by extension 'colcon_pkg'
[1.175s] Level 1:colcon.colcon_core.package_identification:_identify(src/fishbot_description) by extensions ['colcon_meta']
[1.175s] Level 1:colcon.colcon_core.package_identification:_identify(src/fishbot_description) by extension 'colcon_meta'
[1.175s] Level 1:colcon.colcon_core.package_identification:_identify(src/fishbot_description) by extensions ['ros']
[1.176s] Level 1:colcon.colcon_core.package_identification:_identify(src/fishbot_description) by extension 'ros'
[1.181s] DEBUG:colcon.colcon_core.package_identification:Package 'src/fishbot_description' with type 'ros.ament_cmake' and name 'fishbot_description'
[1.188s] Level 1:colcon.colcon_core.package_identification:_identify(src/fishbot_navigation2) by extensions ['ignore', 'ignore_ament_install']
[1.188s] Level 1:colcon.colcon_core.package_identification:_identify(src/fishbot_navigation2) by extension 'ignore'
[1.188s] Level 1:colcon.colcon_core.package_identification:_identify(src/fishbot_navigation2) by extension 'ignore_ament_install'
[1.189s] Level 1:colcon.colcon_core.package_identification:_identify(src/fishbot_navigation2) by extensions ['colcon_pkg']
[1.189s] Level 1:colcon.colcon_core.package_identification:_identify(src/fishbot_navigation2) by extension 'colcon_pkg'
[1.189s] Level 1:colcon.colcon_core.package_identification:_identify(src/fishbot_navigation2) by extensions ['colcon_meta']
[1.189s] Level 1:colcon.colcon_core.package_identification:_identify(src/fishbot_navigation2) by extension 'colcon_meta'
[1.189s] Level 1:colcon.colcon_core.package_identification:_identify(src/fishbot_navigation2) by extensions ['ros']
[1.189s] Level 1:colcon.colcon_core.package_identification:_identify(src/fishbot_navigation2) by extension 'ros'
[1.191s] DEBUG:colcon.colcon_core.package_identification:Package 'src/fishbot_navigation2' with type 'ros.ament_cmake' and name 'fishbot_navigation2'
[1.191s] Level 1:colcon.colcon_core.package_discovery:discover_packages(recursive) using defaults
[1.192s] Level 1:colcon.colcon_core.package_discovery:discover_packages(ignore) discover
[1.192s] Level 1:colcon.colcon_core.package_discovery:discover_packages(ignore) using defaults
[1.192s] Level 1:colcon.colcon_core.package_discovery:discover_packages(path) discover
[1.192s] Level 1:colcon.colcon_core.package_discovery:discover_packages(path) using defaults
[1.309s] Level 1:colcon.colcon_core.package_discovery:discover_packages(prefix_path) check parameters
[1.309s] Level 1:colcon.colcon_core.package_discovery:discover_packages(prefix_path) discover
[1.315s] DEBUG:colcon.colcon_installed_package_information.package_discovery:Found 4 installed packages in /home/jason/chapt7/chapt7_ws/install
[1.322s] DEBUG:colcon.colcon_installed_package_information.package_discovery:Found 368 installed packages in /opt/ros/humble
[1.354s] Level 1:colcon.colcon_core.package_discovery:discover_packages(prefix_path) using defaults
[1.514s] Level 5:colcon.colcon_core.verb:set package 'fishbot_application' build argument 'cmake_args' from command line to 'None'
[1.514s] Level 5:colcon.colcon_core.verb:set package 'fishbot_application' build argument 'cmake_target' from command line to 'None'
[1.514s] Level 5:colcon.colcon_core.verb:set package 'fishbot_application' build argument 'cmake_target_skip_unavailable' from command line to 'False'
[1.514s] Level 5:colcon.colcon_core.verb:set package 'fishbot_application' build argument 'cmake_clean_cache' from command line to 'False'
[1.514s] Level 5:colcon.colcon_core.verb:set package 'fishbot_application' build argument 'cmake_clean_first' from command line to 'False'
[1.515s] Level 5:colcon.colcon_core.verb:set package 'fishbot_application' build argument 'cmake_force_configure' from command line to 'False'
[1.515s] Level 5:colcon.colcon_core.verb:set package 'fishbot_application' build argument 'ament_cmake_args' from command line to 'None'
[1.515s] Level 5:colcon.colcon_core.verb:set package 'fishbot_application' build argument 'catkin_cmake_args' from command line to 'None'
[1.515s] Level 5:colcon.colcon_core.verb:set package 'fishbot_application' build argument 'catkin_skip_building_tests' from command line to 'False'
[1.515s] DEBUG:colcon.colcon_core.verb:Building package 'fishbot_application' with the following arguments: {'ament_cmake_args': None, 'build_base': '/home/jason/chapt7/chapt7_ws/build/fishbot_application', 'catkin_cmake_args': None, 'catkin_skip_building_tests': False, 'cmake_args': None, 'cmake_clean_cache': False, 'cmake_clean_first': False, 'cmake_force_configure': False, 'cmake_target': None, 'cmake_target_skip_unavailable': False, 'install_base': '/home/jason/chapt7/chapt7_ws/install/fishbot_application', 'merge_install': False, 'path': '/home/jason/chapt7/chapt7_ws/src/fishbot_application', 'symlink_install': False, 'test_result_base': None}
[1.516s] Level 5:colcon.colcon_core.verb:set package 'fishbot_description' build argument 'cmake_args' from command line to 'None'
[1.516s] Level 5:colcon.colcon_core.verb:set package 'fishbot_description' build argument 'cmake_target' from command line to 'None'
[1.516s] Level 5:colcon.colcon_core.verb:set package 'fishbot_description' build argument 'cmake_target_skip_unavailable' from command line to 'False'
[1.516s] Level 5:colcon.colcon_core.verb:set package 'fishbot_description' build argument 'cmake_clean_cache' from command line to 'False'
[1.516s] Level 5:colcon.colcon_core.verb:set package 'fishbot_description' build argument 'cmake_clean_first' from command line to 'False'
[1.516s] Level 5:colcon.colcon_core.verb:set package 'fishbot_description' build argument 'cmake_force_configure' from command line to 'False'
[1.516s] Level 5:colcon.colcon_core.verb:set package 'fishbot_description' build argument 'ament_cmake_args' from command line to 'None'
[1.516s] Level 5:colcon.colcon_core.verb:set package 'fishbot_description' build argument 'catkin_cmake_args' from command line to 'None'
[1.517s] Level 5:colcon.colcon_core.verb:set package 'fishbot_description' build argument 'catkin_skip_building_tests' from command line to 'False'
[1.517s] DEBUG:colcon.colcon_core.verb:Building package 'fishbot_description' with the following arguments: {'ament_cmake_args': None, 'build_base': '/home/jason/chapt7/chapt7_ws/build/fishbot_description', 'catkin_cmake_args': None, 'catkin_skip_building_tests': False, 'cmake_args': None, 'cmake_clean_cache': False, 'cmake_clean_first': False, 'cmake_force_configure': False, 'cmake_target': None, 'cmake_target_skip_unavailable': False, 'install_base': '/home/jason/chapt7/chapt7_ws/install/fishbot_description', 'merge_install': False, 'path': '/home/jason/chapt7/chapt7_ws/src/fishbot_description', 'symlink_install': False, 'test_result_base': None}
[1.517s] Level 5:colcon.colcon_core.verb:set package 'fishbot_navigation2' build argument 'cmake_args' from command line to 'None'
[1.518s] Level 5:colcon.colcon_core.verb:set package 'fishbot_navigation2' build argument 'cmake_target' from command line to 'None'
[1.518s] Level 5:colcon.colcon_core.verb:set package 'fishbot_navigation2' build argument 'cmake_target_skip_unavailable' from command line to 'False'
[1.518s] Level 5:colcon.colcon_core.verb:set package 'fishbot_navigation2' build argument 'cmake_clean_cache' from command line to 'False'
[1.518s] Level 5:colcon.colcon_core.verb:set package 'fishbot_navigation2' build argument 'cmake_clean_first' from command line to 'False'
[1.518s] Level 5:colcon.colcon_core.verb:set package 'fishbot_navigation2' build argument 'cmake_force_configure' from command line to 'False'
[1.518s] Level 5:colcon.colcon_core.verb:set package 'fishbot_navigation2' build argument 'ament_cmake_args' from command line to 'None'
[1.518s] Level 5:colcon.colcon_core.verb:set package 'fishbot_navigation2' build argument 'catkin_cmake_args' from command line to 'None'
[1.518s] Level 5:colcon.colcon_core.verb:set package 'fishbot_navigation2' build argument 'catkin_skip_building_tests' from command line to 'False'
[1.518s] DEBUG:colcon.colcon_core.verb:Building package 'fishbot_navigation2' with the following arguments: {'ament_cmake_args': None, 'build_base': '/home/jason/chapt7/chapt7_ws/build/fishbot_navigation2', 'catkin_cmake_args': None, 'catkin_skip_building_tests': False, 'cmake_args': None, 'cmake_clean_cache': False, 'cmake_clean_first': False, 'cmake_force_configure': False, 'cmake_target': None, 'cmake_target_skip_unavailable': False, 'install_base': '/home/jason/chapt7/chapt7_ws/install/fishbot_navigation2', 'merge_install': False, 'path': '/home/jason/chapt7/chapt7_ws/src/fishbot_navigation2', 'symlink_install': False, 'test_result_base': None}
[1.518s] INFO:colcon.colcon_core.executor:Executing jobs using 'parallel' executor
[1.522s] DEBUG:colcon.colcon_parallel_executor.executor.parallel:run_until_complete
[1.523s] INFO:colcon.colcon_ros.task.ament_python.build:Building ROS package in '/home/jason/chapt7/chapt7_ws/src/fishbot_application' with build type 'ament_python'
[1.524s] Level 1:colcon.colcon_core.shell:create_environment_hook('fishbot_application', 'ament_prefix_path')
[1.532s] INFO:colcon.colcon_core.plugin_system:Skipping extension 'colcon_core.shell.bat': Not used on non-Windows systems
[1.533s] INFO:colcon.colcon_core.shell:Creating environment hook '/home/jason/chapt7/chapt7_ws/install/fishbot_application/share/fishbot_application/hook/ament_prefix_path.ps1'
[1.541s] INFO:colcon.colcon_core.shell:Creating environment descriptor '/home/jason/chapt7/chapt7_ws/install/fishbot_application/share/fishbot_application/hook/ament_prefix_path.dsv'
[1.544s] INFO:colcon.colcon_core.shell:Creating environment hook '/home/jason/chapt7/chapt7_ws/install/fishbot_application/share/fishbot_application/hook/ament_prefix_path.sh'
[1.549s] INFO:colcon.colcon_core.shell:Skip shell extension 'powershell' for command environment: Not usable outside of PowerShell
[1.549s] DEBUG:colcon.colcon_core.shell:Skip shell extension 'dsv' for command environment
[1.577s] INFO:colcon.colcon_ros.task.ament_cmake.build:Building ROS package in '/home/jason/chapt7/chapt7_ws/src/fishbot_description' with build type 'ament_cmake'
[1.577s] INFO:colcon.colcon_cmake.task.cmake.build:Building CMake package in '/home/jason/chapt7/chapt7_ws/src/fishbot_description'
[1.578s] INFO:colcon.colcon_core.shell:Skip shell extension 'powershell' for command environment: Not usable outside of PowerShell
[1.578s] DEBUG:colcon.colcon_core.shell:Skip shell extension 'dsv' for command environment
[1.618s] INFO:colcon.colcon_ros.task.ament_cmake.build:Building ROS package in '/home/jason/chapt7/chapt7_ws/src/fishbot_navigation2' with build type 'ament_cmake'
[1.618s] INFO:colcon.colcon_cmake.task.cmake.build:Building CMake package in '/home/jason/chapt7/chapt7_ws/src/fishbot_navigation2'
[1.619s] INFO:colcon.colcon_core.shell:Skip shell extension 'powershell' for command environment: Not usable outside of PowerShell
[1.620s] DEBUG:colcon.colcon_core.shell:Skip shell extension 'dsv' for command environment
[2.840s] INFO:colcon.colcon_core.task.python.build:Building Python package in '/home/jason/chapt7/chapt7_ws/src/fishbot_application'
[2.840s] INFO:colcon.colcon_core.shell:Skip shell extension 'powershell' for command environment: Not usable outside of PowerShell
[2.842s] DEBUG:colcon.colcon_core.shell:Skip shell extension 'dsv' for command environment
[2.876s] DEBUG:colcon.colcon_core.event_handler.log_command:Invoking command in '/home/jason/chapt7/chapt7_ws/build/fishbot_description': CMAKE_PREFIX_PATH=${CMAKE_PREFIX_PATH}:/home/jason/chapt7/chapt7_ws/install/fishbot_application:/opt/ros/humble /usr/bin/cmake --build /home/jason/chapt7/chapt7_ws/build/fishbot_description -- -j4 -l4
[2.894s] DEBUG:colcon.colcon_core.event_handler.log_command:Invoking command in '/home/jason/chapt7/chapt7_ws/build/fishbot_navigation2': CMAKE_PREFIX_PATH=${CMAKE_PREFIX_PATH}:/home/jason/chapt7/chapt7_ws/install/fishbot_application:/opt/ros/humble /usr/bin/cmake --build /home/jason/chapt7/chapt7_ws/build/fishbot_navigation2 -- -j4 -l4
[3.157s] DEBUG:colcon.colcon_core.event_handler.log_command:Invoked command in '/home/jason/chapt7/chapt7_ws/build/fishbot_description' returned '0': CMAKE_PREFIX_PATH=${CMAKE_PREFIX_PATH}:/home/jason/chapt7/chapt7_ws/install/fishbot_application:/opt/ros/humble /usr/bin/cmake --build /home/jason/chapt7/chapt7_ws/build/fishbot_description -- -j4 -l4
[3.196s] DEBUG:colcon.colcon_core.event_handler.log_command:Invoking command in '/home/jason/chapt7/chapt7_ws/build/fishbot_description': CMAKE_PREFIX_PATH=${CMAKE_PREFIX_PATH}:/home/jason/chapt7/chapt7_ws/install/fishbot_application:/opt/ros/humble /usr/bin/cmake --install /home/jason/chapt7/chapt7_ws/build/fishbot_description
[3.218s] DEBUG:colcon.colcon_core.event_handler.log_command:Invoked command in '/home/jason/chapt7/chapt7_ws/build/fishbot_navigation2' returned '0': CMAKE_PREFIX_PATH=${CMAKE_PREFIX_PATH}:/home/jason/chapt7/chapt7_ws/install/fishbot_application:/opt/ros/humble /usr/bin/cmake --build /home/jason/chapt7/chapt7_ws/build/fishbot_navigation2 -- -j4 -l4
[3.220s] DEBUG:colcon.colcon_core.event_handler.log_command:Invoking command in '/home/jason/chapt7/chapt7_ws/build/fishbot_navigation2': CMAKE_PREFIX_PATH=${CMAKE_PREFIX_PATH}:/home/jason/chapt7/chapt7_ws/install/fishbot_application:/opt/ros/humble /usr/bin/cmake --install /home/jason/chapt7/chapt7_ws/build/fishbot_navigation2
[3.259s] Level 1:colcon.colcon_core.environment:create_environment_scripts_only(fishbot_navigation2)
[3.271s] Level 1:colcon.colcon_core.environment:checking '/home/jason/chapt7/chapt7_ws/install/fishbot_navigation2' for CMake module files
[3.283s] Level 1:colcon.colcon_core.environment:checking '/home/jason/chapt7/chapt7_ws/install/fishbot_navigation2' for CMake config files
[3.283s] Level 1:colcon.colcon_core.shell:create_environment_hook('fishbot_navigation2', 'cmake_prefix_path')
[3.285s] INFO:colcon.colcon_core.shell:Creating environment hook '/home/jason/chapt7/chapt7_ws/install/fishbot_navigation2/share/fishbot_navigation2/hook/cmake_prefix_path.ps1'
[3.286s] INFO:colcon.colcon_core.shell:Creating environment descriptor '/home/jason/chapt7/chapt7_ws/install/fishbot_navigation2/share/fishbot_navigation2/hook/cmake_prefix_path.dsv'
[3.290s] DEBUG:colcon.colcon_core.event_handler.log_command:Invoked command in '/home/jason/chapt7/chapt7_ws/build/fishbot_navigation2' returned '0': CMAKE_PREFIX_PATH=${CMAKE_PREFIX_PATH}:/home/jason/chapt7/chapt7_ws/install/fishbot_application:/opt/ros/humble /usr/bin/cmake --install /home/jason/chapt7/chapt7_ws/build/fishbot_navigation2
[3.290s] INFO:colcon.colcon_core.shell:Creating environment hook '/home/jason/chapt7/chapt7_ws/install/fishbot_navigation2/share/fishbot_navigation2/hook/cmake_prefix_path.sh'
[3.292s] Level 1:colcon.colcon_core.environment:checking '/home/jason/chapt7/chapt7_ws/install/fishbot_navigation2/bin'
[3.292s] Level 1:colcon.colcon_core.environment:checking '/home/jason/chapt7/chapt7_ws/install/fishbot_navigation2/lib/pkgconfig/fishbot_navigation2.pc'
[3.293s] Level 1:colcon.colcon_core.environment:checking '/home/jason/chapt7/chapt7_ws/install/fishbot_navigation2/lib/python3.10/site-packages'
[3.294s] Level 1:colcon.colcon_core.environment:checking '/home/jason/chapt7/chapt7_ws/install/fishbot_navigation2/bin'
[3.295s] INFO:colcon.colcon_core.shell:Creating package script '/home/jason/chapt7/chapt7_ws/install/fishbot_navigation2/share/fishbot_navigation2/package.ps1'
[3.304s] INFO:colcon.colcon_core.shell:Creating package descriptor '/home/jason/chapt7/chapt7_ws/install/fishbot_navigation2/share/fishbot_navigation2/package.dsv'
[3.308s] INFO:colcon.colcon_core.shell:Creating package script '/home/jason/chapt7/chapt7_ws/install/fishbot_navigation2/share/fishbot_navigation2/package.sh'
[3.311s] INFO:colcon.colcon_core.shell:Creating package script '/home/jason/chapt7/chapt7_ws/install/fishbot_navigation2/share/fishbot_navigation2/package.bash'
[3.314s] INFO:colcon.colcon_core.shell:Creating package script '/home/jason/chapt7/chapt7_ws/install/fishbot_navigation2/share/fishbot_navigation2/package.zsh'
[3.321s] Level 1:colcon.colcon_core.environment:create_file_with_runtime_dependencies(/home/jason/chapt7/chapt7_ws/install/fishbot_navigation2/share/colcon-core/packages/fishbot_navigation2)
[3.324s] Level 1:colcon.colcon_core.environment:create_environment_scripts_only(fishbot_navigation2)
[3.324s] Level 1:colcon.colcon_core.environment:checking '/home/jason/chapt7/chapt7_ws/install/fishbot_navigation2' for CMake module files
[3.326s] Level 1:colcon.colcon_core.environment:checking '/home/jason/chapt7/chapt7_ws/install/fishbot_navigation2' for CMake config files
[3.326s] Level 1:colcon.colcon_core.shell:create_environment_hook('fishbot_navigation2', 'cmake_prefix_path')
[3.327s] INFO:colcon.colcon_core.shell:Creating environment hook '/home/jason/chapt7/chapt7_ws/install/fishbot_navigation2/share/fishbot_navigation2/hook/cmake_prefix_path.ps1'
[3.328s] INFO:colcon.colcon_core.shell:Creating environment descriptor '/home/jason/chapt7/chapt7_ws/install/fishbot_navigation2/share/fishbot_navigation2/hook/cmake_prefix_path.dsv'
[3.329s] INFO:colcon.colcon_core.shell:Creating environment hook '/home/jason/chapt7/chapt7_ws/install/fishbot_navigation2/share/fishbot_navigation2/hook/cmake_prefix_path.sh'
[3.331s] Level 1:colcon.colcon_core.environment:checking '/home/jason/chapt7/chapt7_ws/install/fishbot_navigation2/bin'
[3.332s] Level 1:colcon.colcon_core.environment:checking '/home/jason/chapt7/chapt7_ws/install/fishbot_navigation2/lib/pkgconfig/fishbot_navigation2.pc'
[3.332s] Level 1:colcon.colcon_core.environment:checking '/home/jason/chapt7/chapt7_ws/install/fishbot_navigation2/lib/python3.10/site-packages'
[3.333s] Level 1:colcon.colcon_core.environment:checking '/home/jason/chapt7/chapt7_ws/install/fishbot_navigation2/bin'
[3.333s] INFO:colcon.colcon_core.shell:Creating package script '/home/jason/chapt7/chapt7_ws/install/fishbot_navigation2/share/fishbot_navigation2/package.ps1'
[3.335s] INFO:colcon.colcon_core.shell:Creating package descriptor '/home/jason/chapt7/chapt7_ws/install/fishbot_navigation2/share/fishbot_navigation2/package.dsv'
[3.336s] INFO:colcon.colcon_core.shell:Creating package script '/home/jason/chapt7/chapt7_ws/install/fishbot_navigation2/share/fishbot_navigation2/package.sh'
[3.344s] INFO:colcon.colcon_core.shell:Creating package script '/home/jason/chapt7/chapt7_ws/install/fishbot_navigation2/share/fishbot_navigation2/package.bash'
[3.346s] INFO:colcon.colcon_core.shell:Creating package script '/home/jason/chapt7/chapt7_ws/install/fishbot_navigation2/share/fishbot_navigation2/package.zsh'
[3.348s] Level 1:colcon.colcon_core.environment:create_file_with_runtime_dependencies(/home/jason/chapt7/chapt7_ws/install/fishbot_navigation2/share/colcon-core/packages/fishbot_navigation2)
[3.352s] Level 1:colcon.colcon_core.environment:create_environment_scripts_only(fishbot_description)
[3.353s] Level 1:colcon.colcon_core.environment:checking '/home/jason/chapt7/chapt7_ws/install/fishbot_description' for CMake module files
[3.354s] Level 1:colcon.colcon_core.environment:checking '/home/jason/chapt7/chapt7_ws/install/fishbot_description' for CMake config files
[3.357s] DEBUG:colcon.colcon_core.event_handler.log_command:Invoked command in '/home/jason/chapt7/chapt7_ws/build/fishbot_description' returned '0': CMAKE_PREFIX_PATH=${CMAKE_PREFIX_PATH}:/home/jason/chapt7/chapt7_ws/install/fishbot_application:/opt/ros/humble /usr/bin/cmake --install /home/jason/chapt7/chapt7_ws/build/fishbot_description
[3.359s] Level 1:colcon.colcon_core.shell:create_environment_hook('fishbot_description', 'cmake_prefix_path')
[3.360s] INFO:colcon.colcon_core.shell:Creating environment hook '/home/jason/chapt7/chapt7_ws/install/fishbot_description/share/fishbot_description/hook/cmake_prefix_path.ps1'
[3.364s] INFO:colcon.colcon_core.shell:Creating environment descriptor '/home/jason/chapt7/chapt7_ws/install/fishbot_description/share/fishbot_description/hook/cmake_prefix_path.dsv'
[3.376s] INFO:colcon.colcon_core.shell:Creating environment hook '/home/jason/chapt7/chapt7_ws/install/fishbot_description/share/fishbot_description/hook/cmake_prefix_path.sh'
[3.379s] Level 1:colcon.colcon_core.environment:checking '/home/jason/chapt7/chapt7_ws/install/fishbot_description/bin'
[3.379s] Level 1:colcon.colcon_core.environment:checking '/home/jason/chapt7/chapt7_ws/install/fishbot_description/lib/pkgconfig/fishbot_description.pc'
[3.379s] Level 1:colcon.colcon_core.environment:checking '/home/jason/chapt7/chapt7_ws/install/fishbot_description/lib/python3.10/site-packages'
[3.380s] Level 1:colcon.colcon_core.environment:checking '/home/jason/chapt7/chapt7_ws/install/fishbot_description/bin'
[3.382s] INFO:colcon.colcon_core.shell:Creating package script '/home/jason/chapt7/chapt7_ws/install/fishbot_description/share/fishbot_description/package.ps1'
[3.394s] INFO:colcon.colcon_core.shell:Creating package descriptor '/home/jason/chapt7/chapt7_ws/install/fishbot_description/share/fishbot_description/package.dsv'
[3.395s] INFO:colcon.colcon_core.shell:Creating package script '/home/jason/chapt7/chapt7_ws/install/fishbot_description/share/fishbot_description/package.sh'
[3.397s] INFO:colcon.colcon_core.shell:Creating package script '/home/jason/chapt7/chapt7_ws/install/fishbot_description/share/fishbot_description/package.bash'
[3.398s] INFO:colcon.colcon_core.shell:Creating package script '/home/jason/chapt7/chapt7_ws/install/fishbot_description/share/fishbot_description/package.zsh'
[3.400s] Level 1:colcon.colcon_core.environment:create_file_with_runtime_dependencies(/home/jason/chapt7/chapt7_ws/install/fishbot_description/share/colcon-core/packages/fishbot_description)
[3.401s] Level 1:colcon.colcon_core.environment:create_environment_scripts_only(fishbot_description)
[3.405s] Level 1:colcon.colcon_core.environment:checking '/home/jason/chapt7/chapt7_ws/install/fishbot_description' for CMake module files
[3.411s] Level 1:colcon.colcon_core.environment:checking '/home/jason/chapt7/chapt7_ws/install/fishbot_description' for CMake config files
[3.413s] Level 1:colcon.colcon_core.shell:create_environment_hook('fishbot_description', 'cmake_prefix_path')
[3.414s] INFO:colcon.colcon_core.shell:Creating environment hook '/home/jason/chapt7/chapt7_ws/install/fishbot_description/share/fishbot_description/hook/cmake_prefix_path.ps1'
[3.415s] INFO:colcon.colcon_core.shell:Creating environment descriptor '/home/jason/chapt7/chapt7_ws/install/fishbot_description/share/fishbot_description/hook/cmake_prefix_path.dsv'
[3.417s] INFO:colcon.colcon_core.shell:Creating environment hook '/home/jason/chapt7/chapt7_ws/install/fishbot_description/share/fishbot_description/hook/cmake_prefix_path.sh'
[3.418s] Level 1:colcon.colcon_core.environment:checking '/home/jason/chapt7/chapt7_ws/install/fishbot_description/bin'
[3.418s] Level 1:colcon.colcon_core.environment:checking '/home/jason/chapt7/chapt7_ws/install/fishbot_description/lib/pkgconfig/fishbot_description.pc'
[3.419s] Level 1:colcon.colcon_core.environment:checking '/home/jason/chapt7/chapt7_ws/install/fishbot_description/lib/python3.10/site-packages'
[3.419s] Level 1:colcon.colcon_core.environment:checking '/home/jason/chapt7/chapt7_ws/install/fishbot_description/bin'
[3.420s] INFO:colcon.colcon_core.shell:Creating package script '/home/jason/chapt7/chapt7_ws/install/fishbot_description/share/fishbot_description/package.ps1'
[3.422s] INFO:colcon.colcon_core.shell:Creating package descriptor '/home/jason/chapt7/chapt7_ws/install/fishbot_description/share/fishbot_description/package.dsv'
[3.426s] INFO:colcon.colcon_core.shell:Creating package script '/home/jason/chapt7/chapt7_ws/install/fishbot_description/share/fishbot_description/package.sh'
[3.427s] INFO:colcon.colcon_core.shell:Creating package script '/home/jason/chapt7/chapt7_ws/install/fishbot_description/share/fishbot_description/package.bash'
[3.429s] INFO:colcon.colcon_core.shell:Creating package script '/home/jason/chapt7/chapt7_ws/install/fishbot_description/share/fishbot_description/package.zsh'
[3.431s] Level 1:colcon.colcon_core.environment:create_file_with_runtime_dependencies(/home/jason/chapt7/chapt7_ws/install/fishbot_description/share/colcon-core/packages/fishbot_description)
[4.712s] DEBUG:colcon.colcon_core.event_handler.log_command:Invoking command in '/home/jason/chapt7/chapt7_ws/src/fishbot_application': PYTHONPATH=/home/jason/chapt7/chapt7_ws/build/fishbot_application/prefix_override:/usr/lib/python3/dist-packages/colcon_core/task/python/colcon_distutils_commands:/home/jason/chapt7/chapt7_ws/install/fishbot_application/lib/python3.10/site-packages:${PYTHONPATH} /usr/bin/python3 -W ignore:setup.py install is deprecated -W ignore:easy_install command is deprecated setup.py egg_info --egg-base ../../build/fishbot_application build --build-base /home/jason/chapt7/chapt7_ws/build/fishbot_application/build install --record /home/jason/chapt7/chapt7_ws/build/fishbot_application/install.log --single-version-externally-managed install_data
[5.988s] Level 1:colcon.colcon_core.environment:checking '/home/jason/chapt7/chapt7_ws/install/fishbot_application' for CMake module files
[5.990s] Level 1:colcon.colcon_core.environment:checking '/home/jason/chapt7/chapt7_ws/install/fishbot_application' for CMake config files
[5.989s] DEBUG:colcon.colcon_core.event_handler.log_command:Invoked command in '/home/jason/chapt7/chapt7_ws/src/fishbot_application' returned '0': PYTHONPATH=/home/jason/chapt7/chapt7_ws/build/fishbot_application/prefix_override:/usr/lib/python3/dist-packages/colcon_core/task/python/colcon_distutils_commands:/home/jason/chapt7/chapt7_ws/install/fishbot_application/lib/python3.10/site-packages:${PYTHONPATH} /usr/bin/python3 -W ignore:setup.py install is deprecated -W ignore:easy_install command is deprecated setup.py egg_info --egg-base ../../build/fishbot_application build --build-base /home/jason/chapt7/chapt7_ws/build/fishbot_application/build install --record /home/jason/chapt7/chapt7_ws/build/fishbot_application/install.log --single-version-externally-managed install_data
[5.992s] Level 1:colcon.colcon_core.environment:checking '/home/jason/chapt7/chapt7_ws/install/fishbot_application/lib'
[5.993s] Level 1:colcon.colcon_core.environment:checking '/home/jason/chapt7/chapt7_ws/install/fishbot_application/bin'
[5.993s] Level 1:colcon.colcon_core.environment:checking '/home/jason/chapt7/chapt7_ws/install/fishbot_application/lib/pkgconfig/fishbot_application.pc'
[5.994s] Level 1:colcon.colcon_core.environment:checking '/home/jason/chapt7/chapt7_ws/install/fishbot_application/lib/python3.10/site-packages'
[5.994s] Level 1:colcon.colcon_core.shell:create_environment_hook('fishbot_application', 'pythonpath')
[5.995s] INFO:colcon.colcon_core.shell:Creating environment hook '/home/jason/chapt7/chapt7_ws/install/fishbot_application/share/fishbot_application/hook/pythonpath.ps1'
[5.998s] INFO:colcon.colcon_core.shell:Creating environment descriptor '/home/jason/chapt7/chapt7_ws/install/fishbot_application/share/fishbot_application/hook/pythonpath.dsv'
[6.002s] INFO:colcon.colcon_core.shell:Creating environment hook '/home/jason/chapt7/chapt7_ws/install/fishbot_application/share/fishbot_application/hook/pythonpath.sh'
[6.004s] Level 1:colcon.colcon_core.environment:checking '/home/jason/chapt7/chapt7_ws/install/fishbot_application/bin'
[6.005s] Level 1:colcon.colcon_core.environment:create_environment_scripts_only(fishbot_application)
[6.005s] INFO:colcon.colcon_core.shell:Creating package script '/home/jason/chapt7/chapt7_ws/install/fishbot_application/share/fishbot_application/package.ps1'
[6.009s] INFO:colcon.colcon_core.shell:Creating package descriptor '/home/jason/chapt7/chapt7_ws/install/fishbot_application/share/fishbot_application/package.dsv'
[6.011s] INFO:colcon.colcon_core.shell:Creating package script '/home/jason/chapt7/chapt7_ws/install/fishbot_application/share/fishbot_application/package.sh'
[6.012s] INFO:colcon.colcon_core.shell:Creating package script '/home/jason/chapt7/chapt7_ws/install/fishbot_application/share/fishbot_application/package.bash'
[6.013s] INFO:colcon.colcon_core.shell:Creating package script '/home/jason/chapt7/chapt7_ws/install/fishbot_application/share/fishbot_application/package.zsh'
[6.014s] Level 1:colcon.colcon_core.environment:create_file_with_runtime_dependencies(/home/jason/chapt7/chapt7_ws/install/fishbot_application/share/colcon-core/packages/fishbot_application)
[6.016s] DEBUG:colcon.colcon_parallel_executor.executor.parallel:closing loop
[6.017s] DEBUG:colcon.colcon_parallel_executor.executor.parallel:loop closed
[6.017s] DEBUG:colcon.colcon_parallel_executor.executor.parallel:run_until_complete finished with '0'
[6.017s] DEBUG:colcon.colcon_core.event_reactor:joining thread
[6.106s] INFO:colcon.colcon_core.plugin_system:Skipping extension 'colcon_notification.desktop_notification.notify_send': Could not find 'notify-send'
[6.107s] INFO:colcon.colcon_core.plugin_system:Skipping extension 'colcon_notification.desktop_notification.terminal_notifier': Not used on non-Darwin systems
[6.107s] INFO:colcon.colcon_core.plugin_system:Skipping extension 'colcon_notification.desktop_notification.win32': Not used on non-Windows systems
[6.107s] INFO:colcon.colcon_notification.desktop_notification:Sending desktop notification using 'notify2'
[6.112s] DEBUG:colcon.colcon_notification.desktop_notification.notify2:Failed to initialize notify2: org.freedesktop.DBus.Error.ServiceUnknown: The name org.freedesktop.Notifications was not provided by any .service files
[6.113s] DEBUG:colcon.colcon_core.event_reactor:joined thread
[6.113s] INFO:colcon.colcon_core.shell:Creating prefix script '/home/jason/chapt7/chapt7_ws/install/local_setup.ps1'
[6.117s] INFO:colcon.colcon_core.shell:Creating prefix util module '/home/jason/chapt7/chapt7_ws/install/_local_setup_util_ps1.py'
[6.121s] INFO:colcon.colcon_core.shell:Creating prefix chain script '/home/jason/chapt7/chapt7_ws/install/setup.ps1'
[6.131s] INFO:colcon.colcon_core.shell:Creating prefix script '/home/jason/chapt7/chapt7_ws/install/local_setup.sh'
[6.133s] INFO:colcon.colcon_core.shell:Creating prefix util module '/home/jason/chapt7/chapt7_ws/install/_local_setup_util_sh.py'
[6.135s] INFO:colcon.colcon_core.shell:Creating prefix chain script '/home/jason/chapt7/chapt7_ws/install/setup.sh'
[6.141s] INFO:colcon.colcon_core.shell:Creating prefix script '/home/jason/chapt7/chapt7_ws/install/local_setup.bash'
[6.144s] INFO:colcon.colcon_core.shell:Creating prefix chain script '/home/jason/chapt7/chapt7_ws/install/setup.bash'
[6.149s] INFO:colcon.colcon_core.shell:Creating prefix script '/home/jason/chapt7/chapt7_ws/install/local_setup.zsh'
[6.150s] INFO:colcon.colcon_core.shell:Creating prefix chain script '/home/jason/chapt7/chapt7_ws/install/setup.zsh'
