[1.257s] Invoking command in '/home/jason/chapt7/chapt7_ws/build/fishbot_description': CMAKE_PREFIX_PATH=${CMAKE_PREFIX_PATH}:/home/jason/chapt7/chapt7_ws/install/fishbot_application:/opt/ros/humble /usr/bin/cmake --build /home/jason/chapt7/chapt7_ws/build/fishbot_description -- -j4 -l4
[1.606s] Invoked command in '/home/jason/chapt7/chapt7_ws/build/fishbot_description' returned '0': CMAKE_PREFIX_PATH=${CMAKE_PREFIX_PATH}:/home/jason/chapt7/chapt7_ws/install/fishbot_application:/opt/ros/humble /usr/bin/cmake --build /home/jason/chapt7/chapt7_ws/build/fishbot_description -- -j4 -l4
[1.650s] Invoking command in '/home/jason/chapt7/chapt7_ws/build/fishbot_description': CMAKE_PREFIX_PATH=${CMAKE_PREFIX_PATH}:/home/jason/chapt7/chapt7_ws/install/fishbot_application:/opt/ros/humble /usr/bin/cmake --install /home/jason/chapt7/chapt7_ws/build/fishbot_description
[1.698s] -- Install configuration: ""
[1.699s] -- Up-to-date: /home/jason/chapt7/chapt7_ws/install/fishbot_description/share/fishbot_description/config
[1.700s] -- Up-to-date: /home/jason/chapt7/chapt7_ws/install/fishbot_description/share/fishbot_description/config/display_robot_model.rviz
[1.700s] -- Up-to-date: /home/jason/chapt7/chapt7_ws/install/fishbot_description/share/fishbot_description/config/fishbot_ros2_controller.yaml
[1.700s] -- Up-to-date: /home/jason/chapt7/chapt7_ws/install/fishbot_description/share/fishbot_description/launch
[1.701s] -- Up-to-date: /home/jason/chapt7/chapt7_ws/install/fishbot_description/share/fishbot_description/launch/display_robot.launch.py
[1.702s] -- Up-to-date: /home/jason/chapt7/chapt7_ws/install/fishbot_description/share/fishbot_description/launch/gazebo_sim.launch.py
[1.703s] -- Up-to-date: /home/jason/chapt7/chapt7_ws/install/fishbot_description/share/fishbot_description/urdf
[1.703s] -- Up-to-date: /home/jason/chapt7/chapt7_ws/install/fishbot_description/share/fishbot_description/urdf/first_robot.pdf
[1.703s] -- Up-to-date: /home/jason/chapt7/chapt7_ws/install/fishbot_description/share/fishbot_description/urdf/fishbot
[1.704s] -- Up-to-date: /home/jason/chapt7/chapt7_ws/install/fishbot_description/share/fishbot_description/urdf/fishbot/base.urdf.xacro
[1.707s] -- Up-to-date: /home/jason/chapt7/chapt7_ws/install/fishbot_description/share/fishbot_description/urdf/fishbot/sensor
[1.707s] -- Up-to-date: /home/jason/chapt7/chapt7_ws/install/fishbot_description/share/fishbot_description/urdf/fishbot/sensor/imu.urdf.xacro
[1.721s] -- Up-to-date: /home/jason/chapt7/chapt7_ws/install/fishbot_description/share/fishbot_description/urdf/fishbot/sensor/laser.urdf.xacro
[1.721s] -- Up-to-date: /home/jason/chapt7/chapt7_ws/install/fishbot_description/share/fishbot_description/urdf/fishbot/sensor/camera.urdf.xacro
[1.722s] -- Up-to-date: /home/jason/chapt7/chapt7_ws/install/fishbot_description/share/fishbot_description/urdf/fishbot/fishbot.ros2_control.xacro
[1.722s] -- Up-to-date: /home/jason/chapt7/chapt7_ws/install/fishbot_description/share/fishbot_description/urdf/fishbot/actuator
[1.722s] -- Up-to-date: /home/jason/chapt7/chapt7_ws/install/fishbot_description/share/fishbot_description/urdf/fishbot/actuator/caster.urdf.xacro
[1.722s] -- Up-to-date: /home/jason/chapt7/chapt7_ws/install/fishbot_description/share/fishbot_description/urdf/fishbot/actuator/wheel.urdf.xacro
[1.723s] -- Up-to-date: /home/jason/chapt7/chapt7_ws/install/fishbot_description/share/fishbot_description/urdf/fishbot/common_inertia.xacro
[1.723s] -- Up-to-date: /home/jason/chapt7/chapt7_ws/install/fishbot_description/share/fishbot_description/urdf/fishbot/plugins
[1.723s] -- Up-to-date: /home/jason/chapt7/chapt7_ws/install/fishbot_description/share/fishbot_description/urdf/fishbot/plugins/gazebo_sensor_plugin.xacro
[1.724s] -- Up-to-date: /home/jason/chapt7/chapt7_ws/install/fishbot_description/share/fishbot_description/urdf/fishbot/plugins/gazebo_control_plugin.xacro
[1.726s] -- Up-to-date: /home/jason/chapt7/chapt7_ws/install/fishbot_description/share/fishbot_description/urdf/fishbot/fishbot.urdf.xacro
[1.728s] -- Up-to-date: /home/jason/chapt7/chapt7_ws/install/fishbot_description/share/fishbot_description/urdf/first_robot.gv
[1.728s] -- Up-to-date: /home/jason/chapt7/chapt7_ws/install/fishbot_description/share/fishbot_description/urdf/first_robot.urdf
[1.728s] -- Up-to-date: /home/jason/chapt7/chapt7_ws/install/fishbot_description/share/fishbot_description/urdf/first_robot.urdf.xacro
[1.729s] -- Up-to-date: /home/jason/chapt7/chapt7_ws/install/fishbot_description/share/fishbot_description/world
[1.729s] -- Up-to-date: /home/jason/chapt7/chapt7_ws/install/fishbot_description/share/fishbot_description/world/custom_room.world
[1.733s] -- Up-to-date: /home/jason/chapt7/chapt7_ws/install/fishbot_description/share/fishbot_description/world/room
[1.734s] -- Up-to-date: /home/jason/chapt7/chapt7_ws/install/fishbot_description/share/fishbot_description/world/room/model.sdf
[1.734s] -- Up-to-date: /home/jason/chapt7/chapt7_ws/install/fishbot_description/share/fishbot_description/world/room/model1.sdf
[1.736s] -- Up-to-date: /home/jason/chapt7/chapt7_ws/install/fishbot_description/share/fishbot_description/world/room/model.config
[1.736s] -- Up-to-date: /home/jason/chapt7/chapt7_ws/install/fishbot_description/share/fishbot_description/world/custom_room1.world
[1.743s] -- Up-to-date: /home/jason/chapt7/chapt7_ws/install/fishbot_description/share/ament_index/resource_index/package_run_dependencies/fishbot_description
[1.743s] -- Up-to-date: /home/jason/chapt7/chapt7_ws/install/fishbot_description/share/ament_index/resource_index/parent_prefix_path/fishbot_description
[1.743s] -- Up-to-date: /home/jason/chapt7/chapt7_ws/install/fishbot_description/share/fishbot_description/environment/ament_prefix_path.sh
[1.743s] -- Up-to-date: /home/jason/chapt7/chapt7_ws/install/fishbot_description/share/fishbot_description/environment/ament_prefix_path.dsv
[1.744s] -- Up-to-date: /home/jason/chapt7/chapt7_ws/install/fishbot_description/share/fishbot_description/environment/path.sh
[1.744s] -- Up-to-date: /home/jason/chapt7/chapt7_ws/install/fishbot_description/share/fishbot_description/environment/path.dsv
[1.744s] -- Up-to-date: /home/jason/chapt7/chapt7_ws/install/fishbot_description/share/fishbot_description/local_setup.bash
[1.744s] -- Up-to-date: /home/jason/chapt7/chapt7_ws/install/fishbot_description/share/fishbot_description/local_setup.sh
[1.745s] -- Up-to-date: /home/jason/chapt7/chapt7_ws/install/fishbot_description/share/fishbot_description/local_setup.zsh
[1.745s] -- Up-to-date: /home/jason/chapt7/chapt7_ws/install/fishbot_description/share/fishbot_description/local_setup.dsv
[1.749s] -- Installing: /home/jason/chapt7/chapt7_ws/install/fishbot_description/share/fishbot_description/package.dsv
[1.749s] -- Up-to-date: /home/jason/chapt7/chapt7_ws/install/fishbot_description/share/ament_index/resource_index/packages/fishbot_description
[1.750s] -- Up-to-date: /home/jason/chapt7/chapt7_ws/install/fishbot_description/share/fishbot_description/cmake/fishbot_descriptionConfig.cmake
[1.750s] -- Up-to-date: /home/jason/chapt7/chapt7_ws/install/fishbot_description/share/fishbot_description/cmake/fishbot_descriptionConfig-version.cmake
[1.750s] -- Up-to-date: /home/jason/chapt7/chapt7_ws/install/fishbot_description/share/fishbot_description/package.xml
[1.846s] Invoked command in '/home/jason/chapt7/chapt7_ws/build/fishbot_description' returned '0': CMAKE_PREFIX_PATH=${CMAKE_PREFIX_PATH}:/home/jason/chapt7/chapt7_ws/install/fishbot_application:/opt/ros/humble /usr/bin/cmake --install /home/jason/chapt7/chapt7_ws/build/fishbot_description
