[1.300s] Invoking command in '/home/jason/chapt7/chapt7_ws/src/fishbot_application': PYTHONPATH=/home/jason/chapt7/chapt7_ws/build/fishbot_application/prefix_override:/usr/lib/python3/dist-packages/colcon_core/task/python/colcon_distutils_commands:/home/jason/chapt7/chapt7_ws/install/fishbot_application/lib/python3.10/site-packages:${PYTHONPATH} /usr/bin/python3 -W ignore:setup.py install is deprecated -W ignore:easy_install command is deprecated setup.py egg_info --egg-base ../../build/fishbot_application build --build-base /home/jason/chapt7/chapt7_ws/build/fishbot_application/build install --record /home/jason/chapt7/chapt7_ws/build/fishbot_application/install.log --single-version-externally-managed install_data
[1.716s] running egg_info
[1.718s] writing ../../build/fishbot_application/fishbot_application.egg-info/PKG-INFO
[1.720s] writing dependency_links to ../../build/fishbot_application/fishbot_application.egg-info/dependency_links.txt
[1.720s] writing entry points to ../../build/fishbot_application/fishbot_application.egg-info/entry_points.txt
[1.720s] writing requirements to ../../build/fishbot_application/fishbot_application.egg-info/requires.txt
[1.720s] writing top-level names to ../../build/fishbot_application/fishbot_application.egg-info/top_level.txt
[1.725s] reading manifest file '../../build/fishbot_application/fishbot_application.egg-info/SOURCES.txt'
[1.728s] writing manifest file '../../build/fishbot_application/fishbot_application.egg-info/SOURCES.txt'
[1.728s] running build
[1.728s] running build_py
[1.729s] running install
[1.731s] running install_lib
[1.734s] running install_data
[1.734s] running install_egg_info
[1.737s] removing '/home/jason/chapt7/chapt7_ws/install/fishbot_application/lib/python3.10/site-packages/fishbot_application-0.0.0-py3.10.egg-info' (and everything under it)
[1.740s] Copying ../../build/fishbot_application/fishbot_application.egg-info to /home/jason/chapt7/chapt7_ws/install/fishbot_application/lib/python3.10/site-packages/fishbot_application-0.0.0-py3.10.egg-info
[1.740s] running install_scripts
[1.778s] Installing get_robot_pose script to /home/jason/chapt7/chapt7_ws/install/fishbot_application/lib/fishbot_application
[1.779s] Installing init_robot_pose script to /home/jason/chapt7/chapt7_ws/install/fishbot_application/lib/fishbot_application
[1.779s] Installing nav_to_pose script to /home/jason/chapt7/chapt7_ws/install/fishbot_application/lib/fishbot_application
[1.779s] writing list of installed files to '/home/jason/chapt7/chapt7_ws/build/fishbot_application/install.log'
[1.825s] Invoked command in '/home/jason/chapt7/chapt7_ws/src/fishbot_application' returned '0': PYTHONPATH=/home/jason/chapt7/chapt7_ws/build/fishbot_application/prefix_override:/usr/lib/python3/dist-packages/colcon_core/task/python/colcon_distutils_commands:/home/jason/chapt7/chapt7_ws/install/fishbot_application/lib/python3.10/site-packages:${PYTHONPATH} /usr/bin/python3 -W ignore:setup.py install is deprecated -W ignore:easy_install command is deprecated setup.py egg_info --egg-base ../../build/fishbot_application build --build-base /home/jason/chapt7/chapt7_ws/build/fishbot_application/build install --record /home/jason/chapt7/chapt7_ws/build/fishbot_application/install.log --single-version-externally-managed install_data
