[0.651s] DEBUG:colcon:Command line arguments: ['/usr/bin/colcon', 'build']
[0.651s] DEBUG:colcon:Parsed command line arguments: Namespace(log_base=None, log_level=None, verb_name='build', build_base='build', install_base='install', merge_install=False, symlink_install=False, test_result_base=None, continue_on_error=False, executor='parallel', parallel_workers=4, event_handlers=None, ignore_user_meta=False, metas=['./colcon.meta'], base_paths=['.'], packages_ignore=None, packages_ignore_regex=None, paths=None, packages_up_to=None, packages_up_to_regex=None, packages_above=None, packages_above_and_dependencies=None, packages_above_depth=None, packages_select_by_dep=None, packages_skip_by_dep=None, packages_skip_up_to=None, packages_select_build_failed=False, packages_skip_build_finished=False, packages_select_test_failures=False, packages_skip_test_passed=False, packages_select=None, packages_skip=None, packages_select_regex=None, packages_skip_regex=None, packages_start=None, packages_end=None, allow_overriding=[], cmake_args=None, cmake_target=None, cmake_target_skip_unavailable=False, cmake_clean_cache=False, cmake_clean_first=False, cmake_force_configure=False, ament_cmake_args=None, catkin_cmake_args=None, catkin_skip_building_tests=False, verb_parser=<colcon_defaults.argument_parser.defaults.DefaultArgumentsDecorator object at 0x77739bf37fa0>, verb_extension=<colcon_core.verb.build.BuildVerb object at 0x77739bf379a0>, main=<bound method BuildVerb.main of <colcon_core.verb.build.BuildVerb object at 0x77739bf379a0>>)
[1.596s] Level 1:colcon.colcon_core.package_discovery:discover_packages(colcon_meta) check parameters
[1.597s] Level 1:colcon.colcon_core.package_discovery:discover_packages(recursive) check parameters
[1.597s] Level 1:colcon.colcon_core.package_discovery:discover_packages(ignore) check parameters
[1.597s] Level 1:colcon.colcon_core.package_discovery:discover_packages(path) check parameters
[1.597s] Level 1:colcon.colcon_core.package_discovery:discover_packages(colcon_meta) discover
[1.597s] Level 1:colcon.colcon_core.package_discovery:discover_packages(recursive) discover
[1.598s] INFO:colcon.colcon_core.package_discovery:Crawling recursively for packages in '/home/jason/chapt7/chapt7_ws'
[1.598s] Level 1:colcon.colcon_core.package_identification:_identify(.) by extensions ['ignore', 'ignore_ament_install']
[1.598s] Level 1:colcon.colcon_core.package_identification:_identify(.) by extension 'ignore'
[1.598s] Level 1:colcon.colcon_core.package_identification:_identify(.) by extension 'ignore_ament_install'
[1.598s] Level 1:colcon.colcon_core.package_identification:_identify(.) by extensions ['colcon_pkg']
[1.598s] Level 1:colcon.colcon_core.package_identification:_identify(.) by extension 'colcon_pkg'
[1.598s] Level 1:colcon.colcon_core.package_identification:_identify(.) by extensions ['colcon_meta']
[1.598s] Level 1:colcon.colcon_core.package_identification:_identify(.) by extension 'colcon_meta'
[1.599s] Level 1:colcon.colcon_core.package_identification:_identify(.) by extensions ['ros']
[1.599s] Level 1:colcon.colcon_core.package_identification:_identify(.) by extension 'ros'
[1.650s] Level 1:colcon.colcon_core.package_identification:_identify(.) by extensions ['cmake', 'python']
[1.651s] Level 1:colcon.colcon_core.package_identification:_identify(.) by extension 'cmake'
[1.651s] Level 1:colcon.colcon_core.package_identification:_identify(.) by extension 'python'
[1.651s] Level 1:colcon.colcon_core.package_identification:_identify(.) by extensions ['python_setup_py']
[1.651s] Level 1:colcon.colcon_core.package_identification:_identify(.) by extension 'python_setup_py'
[1.651s] Level 1:colcon.colcon_core.package_identification:_identify(build) by extensions ['ignore', 'ignore_ament_install']
[1.651s] Level 1:colcon.colcon_core.package_identification:_identify(build) by extension 'ignore'
[1.651s] Level 1:colcon.colcon_core.package_identification:_identify(build) ignored
[1.652s] Level 1:colcon.colcon_core.package_identification:_identify(install) by extensions ['ignore', 'ignore_ament_install']
[1.652s] Level 1:colcon.colcon_core.package_identification:_identify(install) by extension 'ignore'
[1.652s] Level 1:colcon.colcon_core.package_identification:_identify(install) ignored
[1.652s] Level 1:colcon.colcon_core.package_identification:_identify(log) by extensions ['ignore', 'ignore_ament_install']
[1.652s] Level 1:colcon.colcon_core.package_identification:_identify(log) by extension 'ignore'
[1.652s] Level 1:colcon.colcon_core.package_identification:_identify(log) ignored
[1.653s] Level 1:colcon.colcon_core.package_identification:_identify(src) by extensions ['ignore', 'ignore_ament_install']
[1.653s] Level 1:colcon.colcon_core.package_identification:_identify(src) by extension 'ignore'
[1.655s] Level 1:colcon.colcon_core.package_identification:_identify(src) by extension 'ignore_ament_install'
[1.657s] Level 1:colcon.colcon_core.package_identification:_identify(src) by extensions ['colcon_pkg']
[1.657s] Level 1:colcon.colcon_core.package_identification:_identify(src) by extension 'colcon_pkg'
[1.657s] Level 1:colcon.colcon_core.package_identification:_identify(src) by extensions ['colcon_meta']
[1.657s] Level 1:colcon.colcon_core.package_identification:_identify(src) by extension 'colcon_meta'
[1.658s] Level 1:colcon.colcon_core.package_identification:_identify(src) by extensions ['ros']
[1.659s] Level 1:colcon.colcon_core.package_identification:_identify(src) by extension 'ros'
[1.659s] Level 1:colcon.colcon_core.package_identification:_identify(src) by extensions ['cmake', 'python']
[1.659s] Level 1:colcon.colcon_core.package_identification:_identify(src) by extension 'cmake'
[1.659s] Level 1:colcon.colcon_core.package_identification:_identify(src) by extension 'python'
[1.659s] Level 1:colcon.colcon_core.package_identification:_identify(src) by extensions ['python_setup_py']
[1.659s] Level 1:colcon.colcon_core.package_identification:_identify(src) by extension 'python_setup_py'
[1.659s] Level 1:colcon.colcon_core.package_identification:_identify(src/fishbot_application) by extensions ['ignore', 'ignore_ament_install']
[1.660s] Level 1:colcon.colcon_core.package_identification:_identify(src/fishbot_application) by extension 'ignore'
[1.660s] Level 1:colcon.colcon_core.package_identification:_identify(src/fishbot_application) by extension 'ignore_ament_install'
[1.660s] Level 1:colcon.colcon_core.package_identification:_identify(src/fishbot_application) by extensions ['colcon_pkg']
[1.660s] Level 1:colcon.colcon_core.package_identification:_identify(src/fishbot_application) by extension 'colcon_pkg'
[1.660s] Level 1:colcon.colcon_core.package_identification:_identify(src/fishbot_application) by extensions ['colcon_meta']
[1.660s] Level 1:colcon.colcon_core.package_identification:_identify(src/fishbot_application) by extension 'colcon_meta'
[1.660s] Level 1:colcon.colcon_core.package_identification:_identify(src/fishbot_application) by extensions ['ros']
[1.660s] Level 1:colcon.colcon_core.package_identification:_identify(src/fishbot_application) by extension 'ros'
[1.664s] DEBUG:colcon.colcon_core.package_identification:Failed to parse potential ROS package manifest in'src/fishbot_application': Error(s) in package 'src/fishbot_application/package.xml':
The manifest contains invalid XML:
not well-formed (invalid token): line 15, column 3
[1.665s] Level 1:colcon.colcon_core.package_identification:_identify(src/fishbot_application) by extensions ['cmake', 'python']
[1.665s] Level 1:colcon.colcon_core.package_identification:_identify(src/fishbot_application) by extension 'cmake'
[1.666s] Level 1:colcon.colcon_core.package_identification:_identify(src/fishbot_application) by extension 'python'
[1.666s] DEBUG:colcon.colcon_core.package_identification:Python package in 'src/fishbot_application' passes arguments to the setup() function which requires a different identification extension than 'python'
[1.666s] Level 1:colcon.colcon_core.package_identification:_identify(src/fishbot_application) by extensions ['python_setup_py']
[1.666s] Level 1:colcon.colcon_core.package_identification:_identify(src/fishbot_application) by extension 'python_setup_py'
[2.815s] DEBUG:colcon.colcon_core.package_identification:Package 'src/fishbot_application' with type 'python' and name 'fishbot_application'
[2.816s] Level 1:colcon.colcon_core.package_identification:_identify(src/fishbot_description) by extensions ['ignore', 'ignore_ament_install']
[2.817s] Level 1:colcon.colcon_core.package_identification:_identify(src/fishbot_description) by extension 'ignore'
[2.817s] Level 1:colcon.colcon_core.package_identification:_identify(src/fishbot_description) by extension 'ignore_ament_install'
[2.817s] Level 1:colcon.colcon_core.package_identification:_identify(src/fishbot_description) by extensions ['colcon_pkg']
[2.818s] Level 1:colcon.colcon_core.package_identification:_identify(src/fishbot_description) by extension 'colcon_pkg'
[2.818s] Level 1:colcon.colcon_core.package_identification:_identify(src/fishbot_description) by extensions ['colcon_meta']
[2.818s] Level 1:colcon.colcon_core.package_identification:_identify(src/fishbot_description) by extension 'colcon_meta'
[2.821s] Level 1:colcon.colcon_core.package_identification:_identify(src/fishbot_description) by extensions ['ros']
[2.821s] Level 1:colcon.colcon_core.package_identification:_identify(src/fishbot_description) by extension 'ros'
[2.833s] DEBUG:colcon.colcon_core.package_identification:Package 'src/fishbot_description' with type 'ros.ament_cmake' and name 'fishbot_description'
[2.834s] Level 1:colcon.colcon_core.package_identification:_identify(src/fishbot_navigation2) by extensions ['ignore', 'ignore_ament_install']
[2.834s] Level 1:colcon.colcon_core.package_identification:_identify(src/fishbot_navigation2) by extension 'ignore'
[2.835s] Level 1:colcon.colcon_core.package_identification:_identify(src/fishbot_navigation2) by extension 'ignore_ament_install'
[2.835s] Level 1:colcon.colcon_core.package_identification:_identify(src/fishbot_navigation2) by extensions ['colcon_pkg']
[2.835s] Level 1:colcon.colcon_core.package_identification:_identify(src/fishbot_navigation2) by extension 'colcon_pkg'
[2.836s] Level 1:colcon.colcon_core.package_identification:_identify(src/fishbot_navigation2) by extensions ['colcon_meta']
[2.836s] Level 1:colcon.colcon_core.package_identification:_identify(src/fishbot_navigation2) by extension 'colcon_meta'
[2.836s] Level 1:colcon.colcon_core.package_identification:_identify(src/fishbot_navigation2) by extensions ['ros']
[2.836s] Level 1:colcon.colcon_core.package_identification:_identify(src/fishbot_navigation2) by extension 'ros'
[2.837s] DEBUG:colcon.colcon_core.package_identification:Package 'src/fishbot_navigation2' with type 'ros.ament_cmake' and name 'fishbot_navigation2'
[2.837s] Level 1:colcon.colcon_core.package_discovery:discover_packages(recursive) using defaults
[2.838s] Level 1:colcon.colcon_core.package_discovery:discover_packages(ignore) discover
[2.838s] Level 1:colcon.colcon_core.package_discovery:discover_packages(ignore) using defaults
[2.838s] Level 1:colcon.colcon_core.package_discovery:discover_packages(path) discover
[2.838s] Level 1:colcon.colcon_core.package_discovery:discover_packages(path) using defaults
[2.972s] Level 1:colcon.colcon_core.package_discovery:discover_packages(prefix_path) check parameters
[2.973s] Level 1:colcon.colcon_core.package_discovery:discover_packages(prefix_path) discover
[2.992s] DEBUG:colcon.colcon_installed_package_information.package_discovery:Found 4 installed packages in /home/jason/chapt7/chapt7_ws/install
[3.000s] DEBUG:colcon.colcon_installed_package_information.package_discovery:Found 369 installed packages in /opt/ros/humble
[3.006s] Level 1:colcon.colcon_core.package_discovery:discover_packages(prefix_path) using defaults
[3.241s] Level 5:colcon.colcon_core.verb:set package 'fishbot_application' build argument 'cmake_args' from command line to 'None'
[3.242s] Level 5:colcon.colcon_core.verb:set package 'fishbot_application' build argument 'cmake_target' from command line to 'None'
[3.242s] Level 5:colcon.colcon_core.verb:set package 'fishbot_application' build argument 'cmake_target_skip_unavailable' from command line to 'False'
[3.242s] Level 5:colcon.colcon_core.verb:set package 'fishbot_application' build argument 'cmake_clean_cache' from command line to 'False'
[3.242s] Level 5:colcon.colcon_core.verb:set package 'fishbot_application' build argument 'cmake_clean_first' from command line to 'False'
[3.242s] Level 5:colcon.colcon_core.verb:set package 'fishbot_application' build argument 'cmake_force_configure' from command line to 'False'
[3.242s] Level 5:colcon.colcon_core.verb:set package 'fishbot_application' build argument 'ament_cmake_args' from command line to 'None'
[3.242s] Level 5:colcon.colcon_core.verb:set package 'fishbot_application' build argument 'catkin_cmake_args' from command line to 'None'
[3.242s] Level 5:colcon.colcon_core.verb:set package 'fishbot_application' build argument 'catkin_skip_building_tests' from command line to 'False'
[3.242s] DEBUG:colcon.colcon_core.verb:Building package 'fishbot_application' with the following arguments: {'ament_cmake_args': None, 'build_base': '/home/jason/chapt7/chapt7_ws/build/fishbot_application', 'catkin_cmake_args': None, 'catkin_skip_building_tests': False, 'cmake_args': None, 'cmake_clean_cache': False, 'cmake_clean_first': False, 'cmake_force_configure': False, 'cmake_target': None, 'cmake_target_skip_unavailable': False, 'install_base': '/home/jason/chapt7/chapt7_ws/install/fishbot_application', 'merge_install': False, 'path': '/home/jason/chapt7/chapt7_ws/src/fishbot_application', 'symlink_install': False, 'test_result_base': None}
[3.243s] Level 5:colcon.colcon_core.verb:set package 'fishbot_description' build argument 'cmake_args' from command line to 'None'
[3.243s] Level 5:colcon.colcon_core.verb:set package 'fishbot_description' build argument 'cmake_target' from command line to 'None'
[3.243s] Level 5:colcon.colcon_core.verb:set package 'fishbot_description' build argument 'cmake_target_skip_unavailable' from command line to 'False'
[3.243s] Level 5:colcon.colcon_core.verb:set package 'fishbot_description' build argument 'cmake_clean_cache' from command line to 'False'
[3.243s] Level 5:colcon.colcon_core.verb:set package 'fishbot_description' build argument 'cmake_clean_first' from command line to 'False'
[3.243s] Level 5:colcon.colcon_core.verb:set package 'fishbot_description' build argument 'cmake_force_configure' from command line to 'False'
[3.243s] Level 5:colcon.colcon_core.verb:set package 'fishbot_description' build argument 'ament_cmake_args' from command line to 'None'
[3.244s] Level 5:colcon.colcon_core.verb:set package 'fishbot_description' build argument 'catkin_cmake_args' from command line to 'None'
[3.244s] Level 5:colcon.colcon_core.verb:set package 'fishbot_description' build argument 'catkin_skip_building_tests' from command line to 'False'
[3.244s] DEBUG:colcon.colcon_core.verb:Building package 'fishbot_description' with the following arguments: {'ament_cmake_args': None, 'build_base': '/home/jason/chapt7/chapt7_ws/build/fishbot_description', 'catkin_cmake_args': None, 'catkin_skip_building_tests': False, 'cmake_args': None, 'cmake_clean_cache': False, 'cmake_clean_first': False, 'cmake_force_configure': False, 'cmake_target': None, 'cmake_target_skip_unavailable': False, 'install_base': '/home/jason/chapt7/chapt7_ws/install/fishbot_description', 'merge_install': False, 'path': '/home/jason/chapt7/chapt7_ws/src/fishbot_description', 'symlink_install': False, 'test_result_base': None}
[3.245s] Level 5:colcon.colcon_core.verb:set package 'fishbot_navigation2' build argument 'cmake_args' from command line to 'None'
[3.245s] Level 5:colcon.colcon_core.verb:set package 'fishbot_navigation2' build argument 'cmake_target' from command line to 'None'
[3.245s] Level 5:colcon.colcon_core.verb:set package 'fishbot_navigation2' build argument 'cmake_target_skip_unavailable' from command line to 'False'
[3.245s] Level 5:colcon.colcon_core.verb:set package 'fishbot_navigation2' build argument 'cmake_clean_cache' from command line to 'False'
[3.245s] Level 5:colcon.colcon_core.verb:set package 'fishbot_navigation2' build argument 'cmake_clean_first' from command line to 'False'
[3.245s] Level 5:colcon.colcon_core.verb:set package 'fishbot_navigation2' build argument 'cmake_force_configure' from command line to 'False'
[3.245s] Level 5:colcon.colcon_core.verb:set package 'fishbot_navigation2' build argument 'ament_cmake_args' from command line to 'None'
[3.246s] Level 5:colcon.colcon_core.verb:set package 'fishbot_navigation2' build argument 'catkin_cmake_args' from command line to 'None'
[3.246s] Level 5:colcon.colcon_core.verb:set package 'fishbot_navigation2' build argument 'catkin_skip_building_tests' from command line to 'False'
[3.246s] DEBUG:colcon.colcon_core.verb:Building package 'fishbot_navigation2' with the following arguments: {'ament_cmake_args': None, 'build_base': '/home/jason/chapt7/chapt7_ws/build/fishbot_navigation2', 'catkin_cmake_args': None, 'catkin_skip_building_tests': False, 'cmake_args': None, 'cmake_clean_cache': False, 'cmake_clean_first': False, 'cmake_force_configure': False, 'cmake_target': None, 'cmake_target_skip_unavailable': False, 'install_base': '/home/jason/chapt7/chapt7_ws/install/fishbot_navigation2', 'merge_install': False, 'path': '/home/jason/chapt7/chapt7_ws/src/fishbot_navigation2', 'symlink_install': False, 'test_result_base': None}
[3.246s] INFO:colcon.colcon_core.executor:Executing jobs using 'parallel' executor
[3.248s] DEBUG:colcon.colcon_parallel_executor.executor.parallel:run_until_complete
[3.249s] INFO:colcon.colcon_core.task.python.build:Building Python package in '/home/jason/chapt7/chapt7_ws/src/fishbot_application'
[3.255s] INFO:colcon.colcon_core.plugin_system:Skipping extension 'colcon_core.shell.bat': Not used on non-Windows systems
[3.256s] INFO:colcon.colcon_core.shell:Skip shell extension 'powershell' for command environment: Not usable outside of PowerShell
[3.256s] DEBUG:colcon.colcon_core.shell:Skip shell extension 'dsv' for command environment
[3.273s] INFO:colcon.colcon_ros.task.ament_cmake.build:Building ROS package in '/home/jason/chapt7/chapt7_ws/src/fishbot_description' with build type 'ament_cmake'
[3.274s] INFO:colcon.colcon_cmake.task.cmake.build:Building CMake package in '/home/jason/chapt7/chapt7_ws/src/fishbot_description'
[3.274s] INFO:colcon.colcon_core.shell:Skip shell extension 'powershell' for command environment: Not usable outside of PowerShell
[3.274s] DEBUG:colcon.colcon_core.shell:Skip shell extension 'dsv' for command environment
[3.308s] INFO:colcon.colcon_ros.task.ament_cmake.build:Building ROS package in '/home/jason/chapt7/chapt7_ws/src/fishbot_navigation2' with build type 'ament_cmake'
[3.319s] INFO:colcon.colcon_cmake.task.cmake.build:Building CMake package in '/home/jason/chapt7/chapt7_ws/src/fishbot_navigation2'
[3.320s] INFO:colcon.colcon_core.shell:Skip shell extension 'powershell' for command environment: Not usable outside of PowerShell
[3.320s] DEBUG:colcon.colcon_core.shell:Skip shell extension 'dsv' for command environment
[4.904s] DEBUG:colcon.colcon_core.event_handler.log_command:Invoking command in '/home/jason/chapt7/chapt7_ws/build/fishbot_description': CMAKE_PREFIX_PATH=${CMAKE_PREFIX_PATH}:/opt/ros/humble /usr/bin/cmake --build /home/jason/chapt7/chapt7_ws/build/fishbot_description -- -j4 -l4
[4.954s] DEBUG:colcon.colcon_core.event_handler.log_command:Invoking command in '/home/jason/chapt7/chapt7_ws/build/fishbot_navigation2': CMAKE_PREFIX_PATH=${CMAKE_PREFIX_PATH}:/opt/ros/humble /usr/bin/cmake --build /home/jason/chapt7/chapt7_ws/build/fishbot_navigation2 -- -j4 -l4
[5.200s] DEBUG:colcon.colcon_core.event_handler.log_command:Invoked command in '/home/jason/chapt7/chapt7_ws/build/fishbot_navigation2' returned '0': CMAKE_PREFIX_PATH=${CMAKE_PREFIX_PATH}:/opt/ros/humble /usr/bin/cmake --build /home/jason/chapt7/chapt7_ws/build/fishbot_navigation2 -- -j4 -l4
[5.265s] DEBUG:colcon.colcon_core.event_handler.log_command:Invoking command in '/home/jason/chapt7/chapt7_ws/build/fishbot_navigation2': CMAKE_PREFIX_PATH=${CMAKE_PREFIX_PATH}:/opt/ros/humble /usr/bin/cmake --install /home/jason/chapt7/chapt7_ws/build/fishbot_navigation2
[5.288s] DEBUG:colcon.colcon_core.event_handler.log_command:Invoked command in '/home/jason/chapt7/chapt7_ws/build/fishbot_description' returned '0': CMAKE_PREFIX_PATH=${CMAKE_PREFIX_PATH}:/opt/ros/humble /usr/bin/cmake --build /home/jason/chapt7/chapt7_ws/build/fishbot_description -- -j4 -l4
[5.289s] DEBUG:colcon.colcon_core.event_handler.log_command:Invoking command in '/home/jason/chapt7/chapt7_ws/build/fishbot_description': CMAKE_PREFIX_PATH=${CMAKE_PREFIX_PATH}:/opt/ros/humble /usr/bin/cmake --install /home/jason/chapt7/chapt7_ws/build/fishbot_description
[5.353s] Level 1:colcon.colcon_core.environment:create_environment_scripts_only(fishbot_navigation2)
[5.359s] DEBUG:colcon.colcon_core.event_handler.log_command:Invoked command in '/home/jason/chapt7/chapt7_ws/build/fishbot_navigation2' returned '0': CMAKE_PREFIX_PATH=${CMAKE_PREFIX_PATH}:/opt/ros/humble /usr/bin/cmake --install /home/jason/chapt7/chapt7_ws/build/fishbot_navigation2
[5.393s] Level 1:colcon.colcon_core.environment:checking '/home/jason/chapt7/chapt7_ws/install/fishbot_navigation2' for CMake module files
[5.395s] Level 1:colcon.colcon_core.environment:checking '/home/jason/chapt7/chapt7_ws/install/fishbot_navigation2' for CMake config files
[5.396s] Level 1:colcon.colcon_core.shell:create_environment_hook('fishbot_navigation2', 'cmake_prefix_path')
[5.396s] INFO:colcon.colcon_core.shell:Creating environment hook '/home/jason/chapt7/chapt7_ws/install/fishbot_navigation2/share/fishbot_navigation2/hook/cmake_prefix_path.ps1'
[5.414s] INFO:colcon.colcon_core.shell:Creating environment descriptor '/home/jason/chapt7/chapt7_ws/install/fishbot_navigation2/share/fishbot_navigation2/hook/cmake_prefix_path.dsv'
[5.429s] INFO:colcon.colcon_core.shell:Creating environment hook '/home/jason/chapt7/chapt7_ws/install/fishbot_navigation2/share/fishbot_navigation2/hook/cmake_prefix_path.sh'
[5.434s] Level 1:colcon.colcon_core.environment:checking '/home/jason/chapt7/chapt7_ws/install/fishbot_navigation2/bin'
[5.434s] Level 1:colcon.colcon_core.environment:checking '/home/jason/chapt7/chapt7_ws/install/fishbot_navigation2/lib/pkgconfig/fishbot_navigation2.pc'
[5.435s] Level 1:colcon.colcon_core.environment:checking '/home/jason/chapt7/chapt7_ws/install/fishbot_navigation2/lib/python3.10/site-packages'
[5.438s] Level 1:colcon.colcon_core.environment:checking '/home/jason/chapt7/chapt7_ws/install/fishbot_navigation2/bin'
[5.439s] INFO:colcon.colcon_core.shell:Creating package script '/home/jason/chapt7/chapt7_ws/install/fishbot_navigation2/share/fishbot_navigation2/package.ps1'
[5.449s] INFO:colcon.colcon_core.shell:Creating package descriptor '/home/jason/chapt7/chapt7_ws/install/fishbot_navigation2/share/fishbot_navigation2/package.dsv'
[5.451s] INFO:colcon.colcon_core.shell:Creating package script '/home/jason/chapt7/chapt7_ws/install/fishbot_navigation2/share/fishbot_navigation2/package.sh'
[5.466s] INFO:colcon.colcon_core.shell:Creating package script '/home/jason/chapt7/chapt7_ws/install/fishbot_navigation2/share/fishbot_navigation2/package.bash'
[5.478s] INFO:colcon.colcon_core.shell:Creating package script '/home/jason/chapt7/chapt7_ws/install/fishbot_navigation2/share/fishbot_navigation2/package.zsh'
[5.480s] Level 1:colcon.colcon_core.environment:create_file_with_runtime_dependencies(/home/jason/chapt7/chapt7_ws/install/fishbot_navigation2/share/colcon-core/packages/fishbot_navigation2)
[5.481s] Level 1:colcon.colcon_core.environment:create_environment_scripts_only(fishbot_navigation2)
[5.482s] Level 1:colcon.colcon_core.environment:checking '/home/jason/chapt7/chapt7_ws/install/fishbot_navigation2' for CMake module files
[5.493s] Level 1:colcon.colcon_core.environment:checking '/home/jason/chapt7/chapt7_ws/install/fishbot_navigation2' for CMake config files
[5.495s] Level 1:colcon.colcon_core.shell:create_environment_hook('fishbot_navigation2', 'cmake_prefix_path')
[5.495s] INFO:colcon.colcon_core.shell:Creating environment hook '/home/jason/chapt7/chapt7_ws/install/fishbot_navigation2/share/fishbot_navigation2/hook/cmake_prefix_path.ps1'
[5.496s] INFO:colcon.colcon_core.shell:Creating environment descriptor '/home/jason/chapt7/chapt7_ws/install/fishbot_navigation2/share/fishbot_navigation2/hook/cmake_prefix_path.dsv'
[5.497s] INFO:colcon.colcon_core.shell:Creating environment hook '/home/jason/chapt7/chapt7_ws/install/fishbot_navigation2/share/fishbot_navigation2/hook/cmake_prefix_path.sh'
[5.499s] Level 1:colcon.colcon_core.environment:checking '/home/jason/chapt7/chapt7_ws/install/fishbot_navigation2/bin'
[5.499s] Level 1:colcon.colcon_core.environment:checking '/home/jason/chapt7/chapt7_ws/install/fishbot_navigation2/lib/pkgconfig/fishbot_navigation2.pc'
[5.500s] Level 1:colcon.colcon_core.environment:checking '/home/jason/chapt7/chapt7_ws/install/fishbot_navigation2/lib/python3.10/site-packages'
[5.504s] Level 1:colcon.colcon_core.environment:checking '/home/jason/chapt7/chapt7_ws/install/fishbot_navigation2/bin'
[5.504s] INFO:colcon.colcon_core.shell:Creating package script '/home/jason/chapt7/chapt7_ws/install/fishbot_navigation2/share/fishbot_navigation2/package.ps1'
[5.506s] INFO:colcon.colcon_core.shell:Creating package descriptor '/home/jason/chapt7/chapt7_ws/install/fishbot_navigation2/share/fishbot_navigation2/package.dsv'
[5.512s] INFO:colcon.colcon_core.shell:Creating package script '/home/jason/chapt7/chapt7_ws/install/fishbot_navigation2/share/fishbot_navigation2/package.sh'
[5.514s] INFO:colcon.colcon_core.shell:Creating package script '/home/jason/chapt7/chapt7_ws/install/fishbot_navigation2/share/fishbot_navigation2/package.bash'
[5.516s] INFO:colcon.colcon_core.shell:Creating package script '/home/jason/chapt7/chapt7_ws/install/fishbot_navigation2/share/fishbot_navigation2/package.zsh'
[5.519s] Level 1:colcon.colcon_core.environment:create_file_with_runtime_dependencies(/home/jason/chapt7/chapt7_ws/install/fishbot_navigation2/share/colcon-core/packages/fishbot_navigation2)
[5.523s] Level 1:colcon.colcon_core.environment:create_environment_scripts_only(fishbot_description)
[5.524s] Level 1:colcon.colcon_core.environment:checking '/home/jason/chapt7/chapt7_ws/install/fishbot_description' for CMake module files
[5.526s] DEBUG:colcon.colcon_core.event_handler.log_command:Invoked command in '/home/jason/chapt7/chapt7_ws/build/fishbot_description' returned '0': CMAKE_PREFIX_PATH=${CMAKE_PREFIX_PATH}:/opt/ros/humble /usr/bin/cmake --install /home/jason/chapt7/chapt7_ws/build/fishbot_description
[5.529s] Level 1:colcon.colcon_core.environment:checking '/home/jason/chapt7/chapt7_ws/install/fishbot_description' for CMake config files
[5.530s] Level 1:colcon.colcon_core.shell:create_environment_hook('fishbot_description', 'cmake_prefix_path')
[5.531s] INFO:colcon.colcon_core.shell:Creating environment hook '/home/jason/chapt7/chapt7_ws/install/fishbot_description/share/fishbot_description/hook/cmake_prefix_path.ps1'
[5.532s] INFO:colcon.colcon_core.shell:Creating environment descriptor '/home/jason/chapt7/chapt7_ws/install/fishbot_description/share/fishbot_description/hook/cmake_prefix_path.dsv'
[5.537s] INFO:colcon.colcon_core.shell:Creating environment hook '/home/jason/chapt7/chapt7_ws/install/fishbot_description/share/fishbot_description/hook/cmake_prefix_path.sh'
[5.540s] Level 1:colcon.colcon_core.environment:checking '/home/jason/chapt7/chapt7_ws/install/fishbot_description/bin'
[5.540s] Level 1:colcon.colcon_core.environment:checking '/home/jason/chapt7/chapt7_ws/install/fishbot_description/lib/pkgconfig/fishbot_description.pc'
[5.542s] Level 1:colcon.colcon_core.environment:checking '/home/jason/chapt7/chapt7_ws/install/fishbot_description/lib/python3.10/site-packages'
[5.543s] Level 1:colcon.colcon_core.environment:checking '/home/jason/chapt7/chapt7_ws/install/fishbot_description/bin'
[5.545s] INFO:colcon.colcon_core.shell:Creating package script '/home/jason/chapt7/chapt7_ws/install/fishbot_description/share/fishbot_description/package.ps1'
[5.547s] INFO:colcon.colcon_core.shell:Creating package descriptor '/home/jason/chapt7/chapt7_ws/install/fishbot_description/share/fishbot_description/package.dsv'
[5.548s] INFO:colcon.colcon_core.shell:Creating package script '/home/jason/chapt7/chapt7_ws/install/fishbot_description/share/fishbot_description/package.sh'
[5.549s] INFO:colcon.colcon_core.shell:Creating package script '/home/jason/chapt7/chapt7_ws/install/fishbot_description/share/fishbot_description/package.bash'
[5.551s] INFO:colcon.colcon_core.shell:Creating package script '/home/jason/chapt7/chapt7_ws/install/fishbot_description/share/fishbot_description/package.zsh'
[5.554s] Level 1:colcon.colcon_core.environment:create_file_with_runtime_dependencies(/home/jason/chapt7/chapt7_ws/install/fishbot_description/share/colcon-core/packages/fishbot_description)
[5.557s] Level 1:colcon.colcon_core.environment:create_environment_scripts_only(fishbot_description)
[5.558s] Level 1:colcon.colcon_core.environment:checking '/home/jason/chapt7/chapt7_ws/install/fishbot_description' for CMake module files
[5.561s] Level 1:colcon.colcon_core.environment:checking '/home/jason/chapt7/chapt7_ws/install/fishbot_description' for CMake config files
[5.562s] Level 1:colcon.colcon_core.shell:create_environment_hook('fishbot_description', 'cmake_prefix_path')
[5.564s] INFO:colcon.colcon_core.shell:Creating environment hook '/home/jason/chapt7/chapt7_ws/install/fishbot_description/share/fishbot_description/hook/cmake_prefix_path.ps1'
[5.567s] INFO:colcon.colcon_core.shell:Creating environment descriptor '/home/jason/chapt7/chapt7_ws/install/fishbot_description/share/fishbot_description/hook/cmake_prefix_path.dsv'
[5.570s] INFO:colcon.colcon_core.shell:Creating environment hook '/home/jason/chapt7/chapt7_ws/install/fishbot_description/share/fishbot_description/hook/cmake_prefix_path.sh'
[5.574s] Level 1:colcon.colcon_core.environment:checking '/home/jason/chapt7/chapt7_ws/install/fishbot_description/bin'
[5.575s] Level 1:colcon.colcon_core.environment:checking '/home/jason/chapt7/chapt7_ws/install/fishbot_description/lib/pkgconfig/fishbot_description.pc'
[5.575s] Level 1:colcon.colcon_core.environment:checking '/home/jason/chapt7/chapt7_ws/install/fishbot_description/lib/python3.10/site-packages'
[5.576s] Level 1:colcon.colcon_core.environment:checking '/home/jason/chapt7/chapt7_ws/install/fishbot_description/bin'
[5.576s] INFO:colcon.colcon_core.shell:Creating package script '/home/jason/chapt7/chapt7_ws/install/fishbot_description/share/fishbot_description/package.ps1'
[5.578s] INFO:colcon.colcon_core.shell:Creating package descriptor '/home/jason/chapt7/chapt7_ws/install/fishbot_description/share/fishbot_description/package.dsv'
[5.580s] INFO:colcon.colcon_core.shell:Creating package script '/home/jason/chapt7/chapt7_ws/install/fishbot_description/share/fishbot_description/package.sh'
[5.587s] INFO:colcon.colcon_core.shell:Creating package script '/home/jason/chapt7/chapt7_ws/install/fishbot_description/share/fishbot_description/package.bash'
[5.591s] INFO:colcon.colcon_core.shell:Creating package script '/home/jason/chapt7/chapt7_ws/install/fishbot_description/share/fishbot_description/package.zsh'
[5.593s] Level 1:colcon.colcon_core.environment:create_file_with_runtime_dependencies(/home/jason/chapt7/chapt7_ws/install/fishbot_description/share/colcon-core/packages/fishbot_description)
[6.980s] DEBUG:colcon.colcon_core.event_handler.log_command:Invoking command in '/home/jason/chapt7/chapt7_ws/src/fishbot_application': PYTHONPATH=/home/jason/chapt7/chapt7_ws/build/fishbot_application/prefix_override:/usr/lib/python3/dist-packages/colcon_core/task/python/colcon_distutils_commands:/home/jason/chapt7/chapt7_ws/install/fishbot_application/lib/python3.10/site-packages:${PYTHONPATH} /usr/bin/python3 -W ignore:setup.py install is deprecated -W ignore:easy_install command is deprecated setup.py egg_info --egg-base ../../build/fishbot_application build --build-base /home/jason/chapt7/chapt7_ws/build/fishbot_application/build install --record /home/jason/chapt7/chapt7_ws/build/fishbot_application/install.log --single-version-externally-managed install_data
[8.632s] DEBUG:colcon.colcon_core.event_handler.log_command:Invoked command in '/home/jason/chapt7/chapt7_ws/src/fishbot_application' returned '0': PYTHONPATH=/home/jason/chapt7/chapt7_ws/build/fishbot_application/prefix_override:/usr/lib/python3/dist-packages/colcon_core/task/python/colcon_distutils_commands:/home/jason/chapt7/chapt7_ws/install/fishbot_application/lib/python3.10/site-packages:${PYTHONPATH} /usr/bin/python3 -W ignore:setup.py install is deprecated -W ignore:easy_install command is deprecated setup.py egg_info --egg-base ../../build/fishbot_application build --build-base /home/jason/chapt7/chapt7_ws/build/fishbot_application/build install --record /home/jason/chapt7/chapt7_ws/build/fishbot_application/install.log --single-version-externally-managed install_data
[8.633s] Level 1:colcon.colcon_core.environment:checking '/home/jason/chapt7/chapt7_ws/install/fishbot_application' for CMake module files
[8.634s] Level 1:colcon.colcon_core.environment:checking '/home/jason/chapt7/chapt7_ws/install/fishbot_application' for CMake config files
[8.637s] Level 1:colcon.colcon_core.environment:checking '/home/jason/chapt7/chapt7_ws/install/fishbot_application/lib'
[8.637s] Level 1:colcon.colcon_core.environment:checking '/home/jason/chapt7/chapt7_ws/install/fishbot_application/bin'
[8.638s] Level 1:colcon.colcon_core.environment:checking '/home/jason/chapt7/chapt7_ws/install/fishbot_application/lib/pkgconfig/fishbot_application.pc'
[8.640s] Level 1:colcon.colcon_core.environment:checking '/home/jason/chapt7/chapt7_ws/install/fishbot_application/lib/python3.10/site-packages'
[8.641s] Level 1:colcon.colcon_core.shell:create_environment_hook('fishbot_application', 'pythonpath')
[8.642s] INFO:colcon.colcon_core.shell:Creating environment hook '/home/jason/chapt7/chapt7_ws/install/fishbot_application/share/fishbot_application/hook/pythonpath.ps1'
[8.648s] INFO:colcon.colcon_core.shell:Creating environment descriptor '/home/jason/chapt7/chapt7_ws/install/fishbot_application/share/fishbot_application/hook/pythonpath.dsv'
[8.650s] INFO:colcon.colcon_core.shell:Creating environment hook '/home/jason/chapt7/chapt7_ws/install/fishbot_application/share/fishbot_application/hook/pythonpath.sh'
[8.656s] Level 1:colcon.colcon_core.environment:checking '/home/jason/chapt7/chapt7_ws/install/fishbot_application/bin'
[8.657s] Level 1:colcon.colcon_core.environment:create_environment_scripts_only(fishbot_application)
[8.658s] INFO:colcon.colcon_core.shell:Creating package script '/home/jason/chapt7/chapt7_ws/install/fishbot_application/share/fishbot_application/package.ps1'
[8.661s] INFO:colcon.colcon_core.shell:Creating package descriptor '/home/jason/chapt7/chapt7_ws/install/fishbot_application/share/fishbot_application/package.dsv'
[8.663s] INFO:colcon.colcon_core.shell:Creating package script '/home/jason/chapt7/chapt7_ws/install/fishbot_application/share/fishbot_application/package.sh'
[8.664s] INFO:colcon.colcon_core.shell:Creating package script '/home/jason/chapt7/chapt7_ws/install/fishbot_application/share/fishbot_application/package.bash'
[8.669s] INFO:colcon.colcon_core.shell:Creating package script '/home/jason/chapt7/chapt7_ws/install/fishbot_application/share/fishbot_application/package.zsh'
[8.670s] Level 1:colcon.colcon_core.environment:create_file_with_runtime_dependencies(/home/jason/chapt7/chapt7_ws/install/fishbot_application/share/colcon-core/packages/fishbot_application)
[8.675s] DEBUG:colcon.colcon_parallel_executor.executor.parallel:closing loop
[8.677s] DEBUG:colcon.colcon_parallel_executor.executor.parallel:loop closed
[8.677s] DEBUG:colcon.colcon_parallel_executor.executor.parallel:run_until_complete finished with '0'
[8.677s] DEBUG:colcon.colcon_core.event_reactor:joining thread
[8.761s] INFO:colcon.colcon_core.plugin_system:Skipping extension 'colcon_notification.desktop_notification.notify_send': Could not find 'notify-send'
[8.761s] INFO:colcon.colcon_core.plugin_system:Skipping extension 'colcon_notification.desktop_notification.terminal_notifier': Not used on non-Darwin systems
[8.762s] INFO:colcon.colcon_core.plugin_system:Skipping extension 'colcon_notification.desktop_notification.win32': Not used on non-Windows systems
[8.762s] INFO:colcon.colcon_notification.desktop_notification:Sending desktop notification using 'notify2'
[8.768s] DEBUG:colcon.colcon_notification.desktop_notification.notify2:Failed to initialize notify2: org.freedesktop.DBus.Error.ServiceUnknown: The name org.freedesktop.Notifications was not provided by any .service files
[8.771s] DEBUG:colcon.colcon_core.event_reactor:joined thread
[8.773s] INFO:colcon.colcon_core.shell:Creating prefix script '/home/jason/chapt7/chapt7_ws/install/local_setup.ps1'
[8.778s] INFO:colcon.colcon_core.shell:Creating prefix util module '/home/jason/chapt7/chapt7_ws/install/_local_setup_util_ps1.py'
[8.785s] INFO:colcon.colcon_core.shell:Creating prefix chain script '/home/jason/chapt7/chapt7_ws/install/setup.ps1'
[8.792s] INFO:colcon.colcon_core.shell:Creating prefix script '/home/jason/chapt7/chapt7_ws/install/local_setup.sh'
[8.795s] INFO:colcon.colcon_core.shell:Creating prefix util module '/home/jason/chapt7/chapt7_ws/install/_local_setup_util_sh.py'
[8.800s] INFO:colcon.colcon_core.shell:Creating prefix chain script '/home/jason/chapt7/chapt7_ws/install/setup.sh'
[8.831s] INFO:colcon.colcon_core.shell:Creating prefix script '/home/jason/chapt7/chapt7_ws/install/local_setup.bash'
[8.833s] INFO:colcon.colcon_core.shell:Creating prefix chain script '/home/jason/chapt7/chapt7_ws/install/setup.bash'
[8.835s] INFO:colcon.colcon_core.shell:Creating prefix script '/home/jason/chapt7/chapt7_ws/install/local_setup.zsh'
[8.836s] INFO:colcon.colcon_core.shell:Creating prefix chain script '/home/jason/chapt7/chapt7_ws/install/setup.zsh'
