[2.506s] Invoking command in '/home/jason/chapt7/chapt7_ws/build/fishbot_description': CMAKE_PREFIX_PATH=${CMAKE_PREFIX_PATH}:/opt/ros/humble /usr/bin/cmake --build /home/jason/chapt7/chapt7_ws/build/fishbot_description -- -j4 -l4
[2.805s] Invoked command in '/home/jason/chapt7/chapt7_ws/build/fishbot_description' returned '0': CMAKE_PREFIX_PATH=${CMAKE_PREFIX_PATH}:/opt/ros/humble /usr/bin/cmake --build /home/jason/chapt7/chapt7_ws/build/fishbot_description -- -j4 -l4
[2.858s] Invoking command in '/home/jason/chapt7/chapt7_ws/build/fishbot_description': CMAKE_PREFIX_PATH=${CMAKE_PREFIX_PATH}:/opt/ros/humble /usr/bin/cmake --install /home/jason/chapt7/chapt7_ws/build/fishbot_description
[2.949s] -- Install configuration: ""
[2.950s] -- Up-to-date: /home/jason/chapt7/chapt7_ws/install/fishbot_description/share/fishbot_description/config
[2.952s] -- Up-to-date: /home/jason/chapt7/chapt7_ws/install/fishbot_description/share/fishbot_description/config/display_robot_model.rviz
[2.953s] -- Up-to-date: /home/jason/chapt7/chapt7_ws/install/fishbot_description/share/fishbot_description/config/fishbot_ros2_controller.yaml
[2.953s] -- Up-to-date: /home/jason/chapt7/chapt7_ws/install/fishbot_description/share/fishbot_description/launch
[2.953s] -- Up-to-date: /home/jason/chapt7/chapt7_ws/install/fishbot_description/share/fishbot_description/launch/display_robot.launch.py
[2.953s] -- Up-to-date: /home/jason/chapt7/chapt7_ws/install/fishbot_description/share/fishbot_description/launch/gazebo_sim.launch.py
[2.954s] -- Up-to-date: /home/jason/chapt7/chapt7_ws/install/fishbot_description/share/fishbot_description/urdf
[2.978s] -- Up-to-date: /home/jason/chapt7/chapt7_ws/install/fishbot_description/share/fishbot_description/urdf/first_robot.pdf
[2.979s] -- Up-to-date: /home/jason/chapt7/chapt7_ws/install/fishbot_description/share/fishbot_description/urdf/fishbot
[2.979s] -- Up-to-date: /home/jason/chapt7/chapt7_ws/install/fishbot_description/share/fishbot_description/urdf/fishbot/base.urdf.xacro
[2.979s] -- Up-to-date: /home/jason/chapt7/chapt7_ws/install/fishbot_description/share/fishbot_description/urdf/fishbot/sensor
[2.979s] -- Up-to-date: /home/jason/chapt7/chapt7_ws/install/fishbot_description/share/fishbot_description/urdf/fishbot/sensor/imu.urdf.xacro
[2.979s] -- Up-to-date: /home/jason/chapt7/chapt7_ws/install/fishbot_description/share/fishbot_description/urdf/fishbot/sensor/laser.urdf.xacro
[2.980s] -- Up-to-date: /home/jason/chapt7/chapt7_ws/install/fishbot_description/share/fishbot_description/urdf/fishbot/sensor/camera.urdf.xacro
[2.980s] -- Up-to-date: /home/jason/chapt7/chapt7_ws/install/fishbot_description/share/fishbot_description/urdf/fishbot/fishbot.ros2_control.xacro
[2.980s] -- Up-to-date: /home/jason/chapt7/chapt7_ws/install/fishbot_description/share/fishbot_description/urdf/fishbot/actuator
[2.980s] -- Up-to-date: /home/jason/chapt7/chapt7_ws/install/fishbot_description/share/fishbot_description/urdf/fishbot/actuator/caster.urdf.xacro
[2.980s] -- Up-to-date: /home/jason/chapt7/chapt7_ws/install/fishbot_description/share/fishbot_description/urdf/fishbot/actuator/wheel.urdf.xacro
[2.980s] -- Up-to-date: /home/jason/chapt7/chapt7_ws/install/fishbot_description/share/fishbot_description/urdf/fishbot/common_inertia.xacro
[2.980s] -- Up-to-date: /home/jason/chapt7/chapt7_ws/install/fishbot_description/share/fishbot_description/urdf/fishbot/plugins
[2.980s] -- Up-to-date: /home/jason/chapt7/chapt7_ws/install/fishbot_description/share/fishbot_description/urdf/fishbot/plugins/gazebo_sensor_plugin.xacro
[2.981s] -- Up-to-date: /home/jason/chapt7/chapt7_ws/install/fishbot_description/share/fishbot_description/urdf/fishbot/plugins/gazebo_control_plugin.xacro
[2.981s] -- Up-to-date: /home/jason/chapt7/chapt7_ws/install/fishbot_description/share/fishbot_description/urdf/fishbot/fishbot.urdf.xacro
[2.986s] -- Up-to-date: /home/jason/chapt7/chapt7_ws/install/fishbot_description/share/fishbot_description/urdf/first_robot.gv
[2.986s] -- Up-to-date: /home/jason/chapt7/chapt7_ws/install/fishbot_description/share/fishbot_description/urdf/first_robot.urdf
[2.986s] -- Up-to-date: /home/jason/chapt7/chapt7_ws/install/fishbot_description/share/fishbot_description/urdf/first_robot.urdf.xacro
[2.986s] -- Up-to-date: /home/jason/chapt7/chapt7_ws/install/fishbot_description/share/fishbot_description/world
[2.987s] -- Up-to-date: /home/jason/chapt7/chapt7_ws/install/fishbot_description/share/fishbot_description/world/custom_room.world
[2.987s] -- Up-to-date: /home/jason/chapt7/chapt7_ws/install/fishbot_description/share/fishbot_description/world/room
[2.987s] -- Up-to-date: /home/jason/chapt7/chapt7_ws/install/fishbot_description/share/fishbot_description/world/room/model.sdf
[2.987s] -- Up-to-date: /home/jason/chapt7/chapt7_ws/install/fishbot_description/share/fishbot_description/world/room/model1.sdf
[2.987s] -- Up-to-date: /home/jason/chapt7/chapt7_ws/install/fishbot_description/share/fishbot_description/world/room/model.config
[2.987s] -- Up-to-date: /home/jason/chapt7/chapt7_ws/install/fishbot_description/share/fishbot_description/world/custom_room1.world
[2.987s] -- Up-to-date: /home/jason/chapt7/chapt7_ws/install/fishbot_description/share/ament_index/resource_index/package_run_dependencies/fishbot_description
[2.988s] -- Up-to-date: /home/jason/chapt7/chapt7_ws/install/fishbot_description/share/ament_index/resource_index/parent_prefix_path/fishbot_description
[2.988s] -- Up-to-date: /home/jason/chapt7/chapt7_ws/install/fishbot_description/share/fishbot_description/environment/ament_prefix_path.sh
[2.988s] -- Up-to-date: /home/jason/chapt7/chapt7_ws/install/fishbot_description/share/fishbot_description/environment/ament_prefix_path.dsv
[2.988s] -- Up-to-date: /home/jason/chapt7/chapt7_ws/install/fishbot_description/share/fishbot_description/environment/path.sh
[2.988s] -- Up-to-date: /home/jason/chapt7/chapt7_ws/install/fishbot_description/share/fishbot_description/environment/path.dsv
[2.988s] -- Up-to-date: /home/jason/chapt7/chapt7_ws/install/fishbot_description/share/fishbot_description/local_setup.bash
[2.988s] -- Up-to-date: /home/jason/chapt7/chapt7_ws/install/fishbot_description/share/fishbot_description/local_setup.sh
[2.988s] -- Up-to-date: /home/jason/chapt7/chapt7_ws/install/fishbot_description/share/fishbot_description/local_setup.zsh
[2.989s] -- Up-to-date: /home/jason/chapt7/chapt7_ws/install/fishbot_description/share/fishbot_description/local_setup.dsv
[2.989s] -- Installing: /home/jason/chapt7/chapt7_ws/install/fishbot_description/share/fishbot_description/package.dsv
[2.989s] -- Up-to-date: /home/jason/chapt7/chapt7_ws/install/fishbot_description/share/ament_index/resource_index/packages/fishbot_description
[2.989s] -- Up-to-date: /home/jason/chapt7/chapt7_ws/install/fishbot_description/share/fishbot_description/cmake/fishbot_descriptionConfig.cmake
[2.989s] -- Up-to-date: /home/jason/chapt7/chapt7_ws/install/fishbot_description/share/fishbot_description/cmake/fishbot_descriptionConfig-version.cmake
[2.989s] -- Up-to-date: /home/jason/chapt7/chapt7_ws/install/fishbot_description/share/fishbot_description/package.xml
[2.990s] Invoked command in '/home/jason/chapt7/chapt7_ws/build/fishbot_description' returned '0': CMAKE_PREFIX_PATH=${CMAKE_PREFIX_PATH}:/opt/ros/humble /usr/bin/cmake --install /home/jason/chapt7/chapt7_ws/build/fishbot_description
