[3.988s] Invoking command in '/home/jason/chapt7/chapt7_ws/src/fishbot_application': PYTHONPATH=/home/jason/chapt7/chapt7_ws/build/fishbot_application/prefix_override:/usr/lib/python3/dist-packages/colcon_core/task/python/colcon_distutils_commands:/home/jason/chapt7/chapt7_ws/install/fishbot_application/lib/python3.10/site-packages:${PYTHONPATH} /usr/bin/python3 -W ignore:setup.py install is deprecated -W ignore:easy_install command is deprecated setup.py egg_info --egg-base ../../build/fishbot_application build --build-base /home/jason/chapt7/chapt7_ws/build/fishbot_application/build install --record /home/jason/chapt7/chapt7_ws/build/fishbot_application/install.log --single-version-externally-managed install_data
[5.468s] running egg_info
[5.472s] writing ../../build/fishbot_application/fishbot_application.egg-info/PKG-INFO
[5.473s] writing dependency_links to ../../build/fishbot_application/fishbot_application.egg-info/dependency_links.txt
[5.473s] writing entry points to ../../build/fishbot_application/fishbot_application.egg-info/entry_points.txt
[5.473s] writing requirements to ../../build/fishbot_application/fishbot_application.egg-info/requires.txt
[5.475s] writing top-level names to ../../build/fishbot_application/fishbot_application.egg-info/top_level.txt
[5.483s] reading manifest file '../../build/fishbot_application/fishbot_application.egg-info/SOURCES.txt'
[5.485s] writing manifest file '../../build/fishbot_application/fishbot_application.egg-info/SOURCES.txt'
[5.485s] running build
[5.486s] running build_py
[5.488s] running install
[5.492s] running install_lib
[5.501s] running install_data
[5.502s] copying package.xml -> /home/jason/chapt7/chapt7_ws/install/fishbot_application/share/fishbot_application
[5.522s] running install_egg_info
[5.523s] removing '/home/jason/chapt7/chapt7_ws/install/fishbot_application/lib/python3.10/site-packages/fishbot_application-0.0.0-py3.10.egg-info' (and everything under it)
[5.523s] Copying ../../build/fishbot_application/fishbot_application.egg-info to /home/jason/chapt7/chapt7_ws/install/fishbot_application/lib/python3.10/site-packages/fishbot_application-0.0.0-py3.10.egg-info
[5.543s] running install_scripts
[5.649s] Installing get_robot_pose script to /home/jason/chapt7/chapt7_ws/install/fishbot_application/lib/fishbot_application
[5.650s] Installing init_robot_pose script to /home/jason/chapt7/chapt7_ws/install/fishbot_application/lib/fishbot_application
[5.652s] writing list of installed files to '/home/jason/chapt7/chapt7_ws/build/fishbot_application/install.log'
[5.779s] Invoked command in '/home/jason/chapt7/chapt7_ws/src/fishbot_application' returned '0': PYTHONPATH=/home/jason/chapt7/chapt7_ws/build/fishbot_application/prefix_override:/usr/lib/python3/dist-packages/colcon_core/task/python/colcon_distutils_commands:/home/jason/chapt7/chapt7_ws/install/fishbot_application/lib/python3.10/site-packages:${PYTHONPATH} /usr/bin/python3 -W ignore:setup.py install is deprecated -W ignore:easy_install command is deprecated setup.py egg_info --egg-base ../../build/fishbot_application build --build-base /home/jason/chapt7/chapt7_ws/build/fishbot_application/build install --record /home/jason/chapt7/chapt7_ws/build/fishbot_application/install.log --single-version-externally-managed install_data
