[3.731s] Invoking command in '/home/jason/chapt7/chapt7_ws/src/fishbot_application': PYTHONPATH=/home/jason/chapt7/chapt7_ws/build/fishbot_application/prefix_override:/usr/lib/python3/dist-packages/colcon_core/task/python/colcon_distutils_commands:/home/jason/chapt7/chapt7_ws/install/fishbot_application/lib/python3.10/site-packages:${PYTHONPATH} /usr/bin/python3 -W ignore:setup.py install is deprecated -W ignore:easy_install command is deprecated setup.py egg_info --egg-base ../../build/fishbot_application build --build-base /home/jason/chapt7/chapt7_ws/build/fishbot_application/build install --record /home/jason/chapt7/chapt7_ws/build/fishbot_application/install.log --single-version-externally-managed install_data
[5.013s] running egg_info
[5.019s] writing ../../build/fishbot_application/fishbot_application.egg-info/PKG-INFO
[5.020s] writing dependency_links to ../../build/fishbot_application/fishbot_application.egg-info/dependency_links.txt
[5.023s] writing entry points to ../../build/fishbot_application/fishbot_application.egg-info/entry_points.txt
[5.024s] writing requirements to ../../build/fishbot_application/fishbot_application.egg-info/requires.txt
[5.024s] writing top-level names to ../../build/fishbot_application/fishbot_application.egg-info/top_level.txt
[5.035s] reading manifest file '../../build/fishbot_application/fishbot_application.egg-info/SOURCES.txt'
[5.048s] writing manifest file '../../build/fishbot_application/fishbot_application.egg-info/SOURCES.txt'
[5.048s] running build
[5.048s] running build_py
[5.048s] copying fishbot_application/nav_to_pose.py -> /home/jason/chapt7/chapt7_ws/build/fishbot_application/build/lib/fishbot_application
[5.048s] running install
[5.049s] running install_lib
[5.065s] copying /home/jason/chapt7/chapt7_ws/build/fishbot_application/build/lib/fishbot_application/nav_to_pose.py -> /home/jason/chapt7/chapt7_ws/install/fishbot_application/lib/python3.10/site-packages/fishbot_application
[5.067s] byte-compiling /home/jason/chapt7/chapt7_ws/install/fishbot_application/lib/python3.10/site-packages/fishbot_application/nav_to_pose.py to nav_to_pose.cpython-310.pyc
[5.074s] running install_data
[5.074s] running install_egg_info
[5.088s] removing '/home/jason/chapt7/chapt7_ws/install/fishbot_application/lib/python3.10/site-packages/fishbot_application-0.0.0-py3.10.egg-info' (and everything under it)
[5.088s] Copying ../../build/fishbot_application/fishbot_application.egg-info to /home/jason/chapt7/chapt7_ws/install/fishbot_application/lib/python3.10/site-packages/fishbot_application-0.0.0-py3.10.egg-info
[5.097s] running install_scripts
[5.256s] Installing get_robot_pose script to /home/jason/chapt7/chapt7_ws/install/fishbot_application/lib/fishbot_application
[5.263s] Installing init_robot_pose script to /home/jason/chapt7/chapt7_ws/install/fishbot_application/lib/fishbot_application
[5.263s] Installing nav_to_pose script to /home/jason/chapt7/chapt7_ws/install/fishbot_application/lib/fishbot_application
[5.263s] writing list of installed files to '/home/jason/chapt7/chapt7_ws/build/fishbot_application/install.log'
[5.382s] Invoked command in '/home/jason/chapt7/chapt7_ws/src/fishbot_application' returned '0': PYTHONPATH=/home/jason/chapt7/chapt7_ws/build/fishbot_application/prefix_override:/usr/lib/python3/dist-packages/colcon_core/task/python/colcon_distutils_commands:/home/jason/chapt7/chapt7_ws/install/fishbot_application/lib/python3.10/site-packages:${PYTHONPATH} /usr/bin/python3 -W ignore:setup.py install is deprecated -W ignore:easy_install command is deprecated setup.py egg_info --egg-base ../../build/fishbot_application build --build-base /home/jason/chapt7/chapt7_ws/build/fishbot_application/build install --record /home/jason/chapt7/chapt7_ws/build/fishbot_application/install.log --single-version-externally-managed install_data
